[INFO] Scanning for projects...
[INFO] 
[INFO] ----------------------< com.example:secure-blog >-----------------------
[INFO] Building secure-blog 0.0.1-SNAPSHOT
[INFO]   from pom.xml
[INFO] --------------------------------[ jar ]---------------------------------
[INFO] 
[INFO] --- resources:3.3.1:resources (default-resources) @ secure-blog ---
[INFO] Copying 1 resource from src\main\resources to target\classes
[INFO] Copying 5 resources from src\main\resources to target\classes
[INFO] 
[INFO] --- compiler:3.11.0:compile (default-compile) @ secure-blog ---
[INFO] Nothing to compile - all classes are up to date
[INFO] 
[INFO] --- resources:3.3.1:testResources (default-testResources) @ secure-blog ---
[INFO] skip non existing resourceDirectory C:\Users\artun\Downloads\Anar22\src\test\resources
[INFO] 
[INFO] --- compiler:3.11.0:testCompile (default-testCompile) @ secure-blog ---
[INFO] Nothing to compile - all classes are up to date
[INFO] 
[INFO] --- surefire:3.1.2:test (default-test) @ secure-blog ---
[INFO] Using auto detected provider org.apache.maven.surefire.junitplatform.JUnitPlatformProvider
[INFO] 
[INFO] -------------------------------------------------------
[INFO]  T E S T S
[INFO] -------------------------------------------------------
[INFO] Running com.example.secureblog.controller.AuthControllerTest
00:05:16.080 [main] INFO org.springframework.test.context.support.AnnotationConfigContextLoaderUtils -- Could not detect default configuration classes for test class [com.example.secureblog.controller.AuthControllerTest]: AuthControllerTest does not declare any static, non-private, non-final, nested classes annotated with @Configuration.
00:05:16.472 [main] INFO org.springframework.boot.test.context.SpringBootTestContextBootstrapper -- Found @SpringBootConfiguration com.example.secureblog.SecureBlogApplication for test class com.example.secureblog.controller.AuthControllerTest
00:05:15,800 |-INFO in ch.qos.logback.classic.LoggerContext[default] - This is logback-classic version 1.4.14
00:05:15,804 |-INFO in ch.qos.logback.classic.util.ContextInitializer@759d81f3 - Here is a list of configurators discovered as a service, by rank: 
00:05:15,805 |-INFO in ch.qos.logback.classic.util.ContextInitializer@759d81f3 -   org.springframework.boot.logging.logback.RootLogLevelConfigurator
00:05:15,805 |-INFO in ch.qos.logback.classic.util.ContextInitializer@759d81f3 - They will be invoked in order until ExecutionStatus.DO_NOT_INVOKE_NEXT_IF_ANY is returned.
00:05:15,805 |-INFO in ch.qos.logback.classic.util.ContextInitializer@759d81f3 - Constructed configurator of type class org.springframework.boot.logging.logback.RootLogLevelConfigurator
00:05:15,822 |-INFO in ch.qos.logback.classic.util.ContextInitializer@759d81f3 - org.springframework.boot.logging.logback.RootLogLevelConfigurator.configure() call lasted 1 milliseconds. ExecutionStatus=INVOKE_NEXT_IF_ANY
00:05:15,822 |-INFO in ch.qos.logback.classic.util.ContextInitializer@759d81f3 - Trying to configure with ch.qos.logback.classic.joran.SerializedModelConfigurator
00:05:15,824 |-INFO in ch.qos.logback.classic.util.ContextInitializer@759d81f3 - Constructed configurator of type class ch.qos.logback.classic.joran.SerializedModelConfigurator
00:05:15,830 |-INFO in ch.qos.logback.classic.LoggerContext[default] - Could NOT find resource [logback-test.scmo]
00:05:15,831 |-INFO in ch.qos.logback.classic.LoggerContext[default] - Could NOT find resource [logback.scmo]
00:05:15,831 |-INFO in ch.qos.logback.classic.util.ContextInitializer@759d81f3 - ch.qos.logback.classic.joran.SerializedModelConfigurator.configure() call lasted 7 milliseconds. ExecutionStatus=INVOKE_NEXT_IF_ANY
00:05:15,831 |-INFO in ch.qos.logback.classic.util.ContextInitializer@759d81f3 - Trying to configure with ch.qos.logback.classic.util.DefaultJoranConfigurator
00:05:15,833 |-INFO in ch.qos.logback.classic.util.ContextInitializer@759d81f3 - Constructed configurator of type class ch.qos.logback.classic.util.DefaultJoranConfigurator
00:05:15,834 |-INFO in ch.qos.logback.classic.LoggerContext[default] - Could NOT find resource [logback-test.xml]
00:05:15,835 |-INFO in ch.qos.logback.classic.LoggerContext[default] - Could NOT find resource [logback.xml]
00:05:15,835 |-INFO in ch.qos.logback.classic.util.ContextInitializer@759d81f3 - ch.qos.logback.classic.util.DefaultJoranConfigurator.configure() call lasted 2 milliseconds. ExecutionStatus=INVOKE_NEXT_IF_ANY
00:05:15,835 |-INFO in ch.qos.logback.classic.util.ContextInitializer@759d81f3 - Trying to configure with ch.qos.logback.classic.BasicConfigurator
00:05:15,837 |-INFO in ch.qos.logback.classic.util.ContextInitializer@759d81f3 - Constructed configurator of type class ch.qos.logback.classic.BasicConfigurator
00:05:15,837 |-INFO in ch.qos.logback.classic.BasicConfigurator@781a9412 - Setting up default configuration.
00:05:15,861 |-INFO in ch.qos.logback.classic.util.ContextInitializer@759d81f3 - ch.qos.logback.classic.BasicConfigurator.configure() call lasted 24 milliseconds. ExecutionStatus=NEUTRAL
00:05:17,122 |-INFO in ch.qos.logback.core.model.processor.AppenderModelHandler - Processing appender named [Console]
00:05:17,122 |-INFO in ch.qos.logback.core.model.processor.AppenderModelHandler - About to instantiate appender of type [ch.qos.logback.core.ConsoleAppender]
00:05:17,151 |-WARN in ch.qos.logback.core.ConsoleAppender[Console] - This appender no longer admits a layout as a sub-component, set an encoder instead.
00:05:17,151 |-WARN in ch.qos.logback.core.ConsoleAppender[Console] - To ensure compatibility, wrapping your layout in LayoutWrappingEncoder.
00:05:17,151 |-WARN in ch.qos.logback.core.ConsoleAppender[Console] - See also http://logback.qos.ch/codes.html#layoutInsteadOfEncoder for details
00:05:17,151 |-INFO in ch.qos.logback.core.model.processor.AppenderModelHandler - Processing appender named [SecurityFile]
00:05:17,151 |-INFO in ch.qos.logback.core.model.processor.AppenderModelHandler - About to instantiate appender of type [ch.qos.logback.core.rolling.RollingFileAppender]
00:05:17,171 |-INFO in c.q.l.core.rolling.TimeBasedRollingPolicy@1514955661 - No compression will be used
00:05:17,174 |-INFO in c.q.l.core.rolling.TimeBasedRollingPolicy@1514955661 - Will use the pattern ./logs/archived/security-%d{yyyy-MM-dd}.%i.log for the active file
00:05:17,175 |-INFO in ch.qos.logback.core.rolling.SizeAndTimeBasedFNATP@13e698c7 - The date pattern is 'yyyy-MM-dd' from file name pattern './logs/archived/security-%d{yyyy-MM-dd}.%i.log'.
00:05:17,175 |-INFO in ch.qos.logback.core.rolling.SizeAndTimeBasedFNATP@13e698c7 - Roll-over at midnight.
00:05:17,176 |-INFO in ch.qos.logback.core.rolling.SizeAndTimeBasedFNATP@13e698c7 - Setting initial period to 2025-01-31T20:30:18.164Z
00:05:17,176 |-WARN in ch.qos.logback.core.rolling.SizeAndTimeBasedFNATP@13e698c7 - SizeAndTimeBasedFNATP is deprecated. Use SizeAndTimeBasedRollingPolicy instead
00:05:17,176 |-WARN in ch.qos.logback.core.rolling.SizeAndTimeBasedFNATP@13e698c7 - For more information see http://logback.qos.ch/manual/appenders.html#SizeAndTimeBasedRollingPolicy
00:05:17,182 |-INFO in ch.qos.logback.core.rolling.RollingFileAppender[SecurityFile] - Active log file name: ./logs/security.log
00:05:17,182 |-INFO in ch.qos.logback.core.rolling.RollingFileAppender[SecurityFile] - File property is set to [./logs/security.log]
00:05:17,184 |-INFO in ch.qos.logback.classic.model.processor.LoggerModelHandler - Setting level of logger [com.example.secureblog.security] to INFO
00:05:17,184 |-INFO in ch.qos.logback.classic.jul.LevelChangePropagator@aed0151 - Propagating INFO level on Logger[com.example.secureblog.security] onto the JUL framework
00:05:17,185 |-INFO in ch.qos.logback.core.model.processor.AppenderRefModelHandler - Attaching appender named [SecurityFile] to Logger[com.example.secureblog.security]
00:05:17,185 |-INFO in ch.qos.logback.classic.model.processor.RootLoggerModelHandler - Setting level of ROOT logger to INFO
00:05:17,185 |-INFO in ch.qos.logback.classic.jul.LevelChangePropagator@aed0151 - Propagating INFO level on Logger[ROOT] onto the JUL framework
00:05:17,185 |-INFO in ch.qos.logback.core.model.processor.AppenderRefModelHandler - Attaching appender named [Console] to Logger[ROOT]
00:05:17,185 |-INFO in ch.qos.logback.core.model.processor.DefaultProcessor@267bbe1a - End of configuration.
00:05:17,185 |-INFO in org.springframework.boot.logging.logback.SpringBootJoranConfigurator@1f12e153 - Registering current configuration as safe fallback point


  .   ____          _            __ _ _
 /\\ / ___'_ __ _ _(_)_ __  __ _ \ \ \ \
( ( )\___ | '_ | '_| | '_ \/ _` | \ \ \ \
 \\/  ___)| |_)| | | | | || (_| |  ) ) ) )
  '  |____| .__|_| |_|_| |_\__, | / / / /
 =========|_|==============|___/=/_/_/_/
 :: Spring Boot ::                (v3.2.2)

2025-02-01 00:05:17,247 INFO  [background-preinit] o.h.v.i.u.Version: HV000001: Hibernate Validator 8.0.1.Final
2025-02-01 00:05:17,297 INFO  [main] o.s.b.StartupInfoLogger: Starting AuthControllerTest using Java 20.0.2 with PID 19552 (started by artun in C:\Users\artun\Downloads\Anar22)
2025-02-01 00:05:17,298 DEBUG [main] o.s.b.StartupInfoLogger: Running with Spring Boot v3.2.2, Spring v6.1.3
2025-02-01 00:05:17,299 INFO  [main] o.s.b.SpringApplication: No active profile set, falling back to 1 default profile: "default"
2025-02-01 00:05:17,300 DEBUG [main] o.s.b.SpringApplication: Loading source class com.example.secureblog.SecureBlogApplication
2025-02-01 00:05:17,322 DEBUG [main] o.s.c.s.AbstractApplicationContext: Refreshing org.springframework.web.context.support.GenericWebApplicationContext@7004e3d
2025-02-01 00:05:17,366 DEBUG [main] o.s.b.f.s.DefaultSingletonBeanRegistry: Creating shared instance of singleton bean 'org.springframework.context.annotation.internalConfigurationAnnotationProcessor'
2025-02-01 00:05:17,397 DEBUG [main] o.s.b.f.s.DefaultSingletonBeanRegistry: Creating shared instance of singleton bean 'org.springframework.boot.autoconfigure.internalCachingMetadataReaderFactory'
2025-02-01 00:05:17,497 DEBUG [main] o.s.c.a.ClassPathScanningCandidateComponentProvider: Identified candidate component class: file [C:\Users\artun\Downloads\Anar22\target\classes\com\example\secureblog\aspect\SecurityLoggingAspect.class]
2025-02-01 00:05:17,501 DEBUG [main] o.s.c.a.ClassPathScanningCandidateComponentProvider: Identified candidate component class: file [C:\Users\artun\Downloads\Anar22\target\classes\com\example\secureblog\config\SecurityConfig.class]
2025-02-01 00:05:17,502 DEBUG [main] o.s.c.a.ClassPathScanningCandidateComponentProvider: Identified candidate component class: file [C:\Users\artun\Downloads\Anar22\target\classes\com\example\secureblog\controller\AuthController.class]
2025-02-01 00:05:17,504 DEBUG [main] o.s.c.a.ClassPathScanningCandidateComponentProvider: Identified candidate component class: file [C:\Users\artun\Downloads\Anar22\target\classes\com\example\secureblog\controller\BlogArticleController.class]
2025-02-01 00:05:17,505 DEBUG [main] o.s.c.a.ClassPathScanningCandidateComponentProvider: Identified candidate component class: file [C:\Users\artun\Downloads\Anar22\target\classes\com\example\secureblog\controller\PostController.class]
2025-02-01 00:05:17,515 DEBUG [main] o.s.c.a.ClassPathScanningCandidateComponentProvider: Identified candidate component class: file [C:\Users\artun\Downloads\Anar22\target\classes\com\example\secureblog\exception\GlobalExceptionHandler.class]
2025-02-01 00:05:17,526 DEBUG [main] o.s.c.a.ClassPathScanningCandidateComponentProvider: Ignored because not a concrete top-level class: file [C:\Users\artun\Downloads\Anar22\target\classes\com\example\secureblog\repository\UserRepository.class]
2025-02-01 00:05:17,528 DEBUG [main] o.s.c.a.ClassPathScanningCandidateComponentProvider: Identified candidate component class: file [C:\Users\artun\Downloads\Anar22\target\classes\com\example\secureblog\security\CustomUserDetailsService.class]
2025-02-01 00:05:17,529 DEBUG [main] o.s.c.a.ClassPathScanningCandidateComponentProvider: Identified candidate component class: file [C:\Users\artun\Downloads\Anar22\target\classes\com\example\secureblog\security\JwtAuthenticationFilter.class]
2025-02-01 00:05:17,530 DEBUG [main] o.s.c.a.ClassPathScanningCandidateComponentProvider: Identified candidate component class: file [C:\Users\artun\Downloads\Anar22\target\classes\com\example\secureblog\security\JwtService.class]
2025-02-01 00:05:17,531 DEBUG [main] o.s.c.a.ClassPathScanningCandidateComponentProvider: Identified candidate component class: file [C:\Users\artun\Downloads\Anar22\target\classes\com\example\secureblog\security\JwtTokenProvider.class]
2025-02-01 00:05:17,533 DEBUG [main] o.s.c.a.ClassPathScanningCandidateComponentProvider: Identified candidate component class: file [C:\Users\artun\Downloads\Anar22\target\classes\com\example\secureblog\service\BlogArticleService.class]
2025-02-01 00:05:17,536 DEBUG [main] o.s.c.a.ClassPathScanningCandidateComponentProvider: Identified candidate component class: file [C:\Users\artun\Downloads\Anar22\target\classes\com\example\secureblog\service\PostService.class]
2025-02-01 00:05:17,537 DEBUG [main] o.s.c.a.ClassPathScanningCandidateComponentProvider: Identified candidate component class: file [C:\Users\artun\Downloads\Anar22\target\classes\com\example\secureblog\service\UserService.class]
2025-02-01 00:05:18,389 INFO  [main] o.s.d.r.c.RepositoryConfigurationDelegate: Bootstrapping Spring Data JPA repositories in DEFAULT mode.
2025-02-01 00:05:18,405 DEBUG [main] o.s.b.f.s.DefaultSingletonBeanRegistry: Creating shared instance of singleton bean 'org.springframework.boot.autoconfigure.AutoConfigurationPackages'
2025-02-01 00:05:18,420 DEBUG [main] o.s.b.a.AutoConfigurationPackages$BasePackages: @EnableAutoConfiguration was declared on a class in the package 'com.example.secureblog'. Automatic @Repository and @Entity scanning is enabled.
2025-02-01 00:05:18,422 DEBUG [main] o.s.d.r.c.RepositoryConfigurationDelegate: Scanning for JPA repositories in packages com.example.secureblog.
2025-02-01 00:05:18,439 DEBUG [main] o.s.c.a.ClassPathScanningCandidateComponentProvider: Identified candidate component class: file [C:\Users\artun\Downloads\Anar22\target\classes\com\example\secureblog\repository\BlogArticleRepository.class]
2025-02-01 00:05:18,440 DEBUG [main] o.s.c.a.ClassPathScanningCandidateComponentProvider: Identified candidate component class: file [C:\Users\artun\Downloads\Anar22\target\classes\com\example\secureblog\repository\PostRepository.class]
2025-02-01 00:05:18,440 DEBUG [main] o.s.c.a.ClassPathScanningCandidateComponentProvider: Identified candidate component class: file [C:\Users\artun\Downloads\Anar22\target\classes\com\example\secureblog\repository\UserRepository.class]
2025-02-01 00:05:18,508 INFO  [main] o.s.d.r.c.RepositoryConfigurationDelegate: Finished Spring Data repository scanning in 82 ms. Found 3 JPA repository interfaces.
2025-02-01 00:05:18,741 DEBUG [main] o.s.b.f.s.DefaultSingletonBeanRegistry: Creating shared instance of singleton bean 'org.springframework.boot.test.context.ImportsContextCustomizer$ImportsCleanupPostProcessor'
2025-02-01 00:05:18,742 DEBUG [main] o.s.b.f.s.DefaultSingletonBeanRegistry: Creating shared instance of singleton bean 'springSecurityHandlerMappingIntrospectorBeanDefinitionRegistryPostProcessor'
2025-02-01 00:05:18,903 DEBUG [main] o.s.b.f.s.DefaultSingletonBeanRegistry: Creating shared instance of singleton bean 'propertySourcesPlaceholderConfigurer'
2025-02-01 00:05:18,910 DEBUG [main] o.s.b.f.s.DefaultSingletonBeanRegistry: Creating shared instance of singleton bean 'org.springframework.boot.test.mock.mockito.MockitoPostProcessor'
2025-02-01 00:05:18,913 DEBUG [main] o.s.b.f.s.DefaultSingletonBeanRegistry: Creating shared instance of singleton bean 'emBeanDefinitionRegistrarPostProcessor'
2025-02-01 00:05:18,913 DEBUG [main] o.s.b.f.s.DefaultSingletonBeanRegistry: Creating shared instance of singleton bean 'org.springframework.boot.sql.init.dependency.DatabaseInitializationDependencyConfigurer$DependsOnDatabaseInitializationPostProcessor'
2025-02-01 00:05:18,989 DEBUG [main] o.s.b.f.s.DefaultSingletonBeanRegistry: Creating shared instance of singleton bean 'org.springframework.context.event.internalEventListenerProcessor'
2025-02-01 00:05:18,993 DEBUG [main] o.s.b.f.s.DefaultSingletonBeanRegistry: Creating shared instance of singleton bean 'preserveErrorControllerTargetClassPostProcessor'
2025-02-01 00:05:18,995 DEBUG [main] o.s.b.f.s.DefaultSingletonBeanRegistry: Creating shared instance of singleton bean 'conversionServicePostProcessor'
2025-02-01 00:05:19,006 DEBUG [main] o.s.b.f.s.DefaultSingletonBeanRegistry: Creating shared instance of singleton bean 'org.springframework.context.event.internalEventListenerFactory'
2025-02-01 00:05:19,007 DEBUG [main] o.s.b.f.s.DefaultSingletonBeanRegistry: Creating shared instance of singleton bean 'org.springframework.transaction.config.internalTransactionalEventListenerFactory'
2025-02-01 00:05:19,012 DEBUG [main] o.s.b.f.s.DefaultSingletonBeanRegistry: Creating shared instance of singleton bean 'org.springframework.context.annotation.internalAutowiredAnnotationProcessor'
2025-02-01 00:05:19,017 DEBUG [main] o.s.b.f.s.DefaultSingletonBeanRegistry: Creating shared instance of singleton bean 'org.springframework.context.annotation.internalCommonAnnotationProcessor'
2025-02-01 00:05:19,023 DEBUG [main] o.s.b.f.s.DefaultSingletonBeanRegistry: Creating shared instance of singleton bean 'org.springframework.context.annotation.internalPersistenceAnnotationProcessor'
2025-02-01 00:05:19,024 DEBUG [main] o.s.b.f.s.DefaultSingletonBeanRegistry: Creating shared instance of singleton bean 'org.springframework.boot.test.mock.mockito.MockitoPostProcessor$SpyPostProcessor'
2025-02-01 00:05:19,026 DEBUG [main] o.s.b.f.s.DefaultSingletonBeanRegistry: Creating shared instance of singleton bean 'org.springframework.boot.context.properties.ConfigurationPropertiesBindingPostProcessor'
2025-02-01 00:05:19,026 DEBUG [main] o.s.b.f.s.DefaultSingletonBeanRegistry: Creating shared instance of singleton bean 'org.springframework.boot.context.internalConfigurationPropertiesBinder'
2025-02-01 00:05:19,051 DEBUG [main] o.s.b.f.s.DefaultSingletonBeanRegistry: Creating shared instance of singleton bean 'jdbcConnectionDetailsHikariBeanPostProcessor'
2025-02-01 00:05:19,055 DEBUG [main] o.s.b.f.s.DefaultSingletonBeanRegistry: Creating shared instance of singleton bean 'methodValidationPostProcessor'
2025-02-01 00:05:19,076 DEBUG [main] o.s.b.f.s.ConstructorResolver: Autowiring by type from bean name 'methodValidationPostProcessor' via factory method to bean named 'environment'
2025-02-01 00:05:19,080 DEBUG [main] o.s.b.f.s.DefaultSingletonBeanRegistry: Creating shared instance of singleton bean 'org.springframework.boot.context.properties.EnableConfigurationPropertiesRegistrar.methodValidationExcludeFilter'
2025-02-01 00:05:19,108 DEBUG [main] o.s.b.f.s.DefaultSingletonBeanRegistry: Creating shared instance of singleton bean 'org.springframework.aop.config.internalAutoProxyCreator'
2025-02-01 00:05:19,132 DEBUG [main] o.s.b.f.s.DefaultSingletonBeanRegistry: Creating shared instance of singleton bean 'persistenceExceptionTranslationPostProcessor'
2025-02-01 00:05:19,134 DEBUG [main] o.s.b.f.s.ConstructorResolver: Autowiring by type from bean name 'persistenceExceptionTranslationPostProcessor' via factory method to bean named 'environment'
2025-02-01 00:05:19,138 DEBUG [main] o.s.b.f.s.DefaultSingletonBeanRegistry: Creating shared instance of singleton bean 'webServerFactoryCustomizerBeanPostProcessor'
2025-02-01 00:05:19,140 DEBUG [main] o.s.b.f.s.DefaultSingletonBeanRegistry: Creating shared instance of singleton bean 'errorPageRegistrarBeanPostProcessor'
2025-02-01 00:05:19,141 DEBUG [main] o.s.b.f.s.DefaultSingletonBeanRegistry: Creating shared instance of singleton bean 'projectingArgumentResolverBeanPostProcessor'
2025-02-01 00:05:19,143 DEBUG [main] o.s.b.f.s.DefaultSingletonBeanRegistry: Creating shared instance of singleton bean 'org.springframework.transaction.config.internalTransactionAdvisor'
2025-02-01 00:05:19,143 DEBUG [main] o.s.b.f.s.DefaultSingletonBeanRegistry: Creating shared instance of singleton bean 'org.springframework.transaction.annotation.ProxyTransactionManagementConfiguration'
2025-02-01 00:05:19,163 DEBUG [main] o.s.a.a.a.ReflectiveAspectJAdvisorFactory: Found AspectJ method: public java.lang.Object com.example.secureblog.aspect.SecurityLoggingAspect.logSecurityAccess(org.aspectj.lang.ProceedingJoinPoint) throws java.lang.Throwable
2025-02-01 00:05:19,349 DEBUG [main] o.s.b.f.s.DefaultSingletonBeanRegistry: Creating shared instance of singleton bean 'transactionAttributeSource'
2025-02-01 00:05:19,353 DEBUG [main] o.s.b.f.s.DefaultSingletonBeanRegistry: Creating shared instance of singleton bean 'transactionInterceptor'
2025-02-01 00:05:19,354 DEBUG [main] o.s.b.f.s.ConstructorResolver: Autowiring by type from bean name 'transactionInterceptor' via factory method to bean named 'transactionAttributeSource'
2025-02-01 00:05:19,361 DEBUG [main] o.s.b.f.s.ConstructorResolver: Autowiring by type from bean name 'org.springframework.transaction.config.internalTransactionAdvisor' via factory method to bean named 'transactionAttributeSource'
2025-02-01 00:05:19,362 DEBUG [main] o.s.b.f.s.ConstructorResolver: Autowiring by type from bean name 'org.springframework.transaction.config.internalTransactionAdvisor' via factory method to bean named 'transactionInterceptor'
2025-02-01 00:05:19,396 DEBUG [main] o.s.u.c.s.UiApplicationContextUtils: Unable to locate ThemeSource with name 'themeSource': using default [org.springframework.ui.context.support.ResourceBundleThemeSource@209f3887]
2025-02-01 00:05:19,397 DEBUG [main] o.s.b.f.s.DefaultSingletonBeanRegistry: Creating shared instance of singleton bean 'flyway'
2025-02-01 00:05:19,398 DEBUG [main] o.s.b.f.s.DefaultSingletonBeanRegistry: Creating shared instance of singleton bean 'org.springframework.boot.autoconfigure.flyway.FlywayAutoConfiguration$FlywayConfiguration'
2025-02-01 00:05:19,399 DEBUG [main] o.s.b.f.s.DefaultSingletonBeanRegistry: Creating shared instance of singleton bean 'spring.flyway-org.springframework.boot.autoconfigure.flyway.FlywayProperties'
2025-02-01 00:05:19,404 DEBUG [main] o.s.b.f.s.DefaultSingletonBeanRegistry: Creating shared instance of singleton bean 'org.springframework.boot.context.properties.BoundConfigurationProperties'
2025-02-01 00:05:19,419 DEBUG [main] o.s.b.f.s.DefaultSingletonBeanRegistry: Creating shared instance of singleton bean 'stringOrNumberMigrationVersionConverter'
2025-02-01 00:05:19,420 DEBUG [main] o.s.b.f.s.DefaultSingletonBeanRegistry: Creating shared instance of singleton bean 'org.springframework.boot.autoconfigure.flyway.FlywayAutoConfiguration'
2025-02-01 00:05:19,526 DEBUG [main] o.s.b.f.s.ConstructorResolver: Autowiring by type from bean name 'org.springframework.boot.autoconfigure.flyway.FlywayAutoConfiguration$FlywayConfiguration' via constructor to bean named 'spring.flyway-org.springframework.boot.autoconfigure.flyway.FlywayProperties'
2025-02-01 00:05:19,543 DEBUG [main] o.s.b.f.s.DefaultSingletonBeanRegistry: Creating shared instance of singleton bean 'flywayConnectionDetails'
2025-02-01 00:05:19,548 DEBUG [main] o.s.b.f.s.DefaultSingletonBeanRegistry: Creating shared instance of singleton bean 'resourceProviderCustomizer'
2025-02-01 00:05:19,551 DEBUG [main] o.s.b.f.s.ConstructorResolver: Autowiring by type from bean name 'flyway' via factory method to bean named 'flywayConnectionDetails'
2025-02-01 00:05:19,551 DEBUG [main] o.s.b.f.s.ConstructorResolver: Autowiring by type from bean name 'flyway' via factory method to bean named 'org.springframework.web.context.support.GenericWebApplicationContext@7004e3d'
2025-02-01 00:05:19,551 DEBUG [main] o.s.b.f.s.ConstructorResolver: Autowiring by type from bean name 'flyway' via factory method to bean named 'resourceProviderCustomizer'
2025-02-01 00:05:19,593 DEBUG [main] o.s.b.f.s.DefaultSingletonBeanRegistry: Creating shared instance of singleton bean 'dataSource'
2025-02-01 00:05:19,594 DEBUG [main] o.s.b.f.s.DefaultSingletonBeanRegistry: Creating shared instance of singleton bean 'org.springframework.boot.autoconfigure.jdbc.DataSourceConfiguration$Hikari'
2025-02-01 00:05:19,597 DEBUG [main] o.s.b.f.s.DefaultSingletonBeanRegistry: Creating shared instance of singleton bean 'spring.datasource-org.springframework.boot.autoconfigure.jdbc.DataSourceProperties'
2025-02-01 00:05:19,622 DEBUG [main] o.s.b.f.s.DefaultSingletonBeanRegistry: Creating shared instance of singleton bean 'jdbcConnectionDetails'
2025-02-01 00:05:19,623 DEBUG [main] o.s.b.f.s.DefaultSingletonBeanRegistry: Creating shared instance of singleton bean 'org.springframework.boot.autoconfigure.jdbc.DataSourceAutoConfiguration$PooledDataSourceConfiguration'
2025-02-01 00:05:19,626 DEBUG [main] o.s.b.f.s.ConstructorResolver: Autowiring by type from bean name 'jdbcConnectionDetails' via factory method to bean named 'spring.datasource-org.springframework.boot.autoconfigure.jdbc.DataSourceProperties'
2025-02-01 00:05:19,628 DEBUG [main] o.s.b.f.s.ConstructorResolver: Autowiring by type from bean name 'dataSource' via factory method to bean named 'spring.datasource-org.springframework.boot.autoconfigure.jdbc.DataSourceProperties'
2025-02-01 00:05:19,628 DEBUG [main] o.s.b.f.s.ConstructorResolver: Autowiring by type from bean name 'dataSource' via factory method to bean named 'jdbcConnectionDetails'
2025-02-01 00:05:19,671 INFO  [main] c.z.h.HikariDataSource: HikariPool-1 - Starting...
2025-02-01 00:05:19,998 INFO  [main] c.z.h.p.HikariPool: HikariPool-1 - Added connection conn0: url=jdbc:h2:mem:blogdb user=SA
2025-02-01 00:05:20,002 INFO  [main] c.z.h.HikariDataSource: HikariPool-1 - Start completed.
2025-02-01 00:05:20,112 DEBUG [main] o.s.b.f.s.DefaultSingletonBeanRegistry: Creating shared instance of singleton bean 'postgresqlFlywayConfigurationCustomizer'
2025-02-01 00:05:20,153 DEBUG [main] o.s.b.f.s.DefaultSingletonBeanRegistry: Creating shared instance of singleton bean 'flywayInitializer'
2025-02-01 00:05:20,155 DEBUG [main] o.s.b.f.s.ConstructorResolver: Autowiring by type from bean name 'flywayInitializer' via factory method to bean named 'flyway'
2025-02-01 00:05:20,164 INFO  [main] o.f.c.i.l.s.Slf4jLog: Flyway Community Edition 9.22.3 by Redgate
2025-02-01 00:05:20,165 INFO  [main] o.f.c.i.l.s.Slf4jLog: See release notes here: https://rd.gt/416ObMi
2025-02-01 00:05:20,165 INFO  [main] o.f.c.i.l.s.Slf4jLog: 
2025-02-01 00:05:20,252 INFO  [main] o.f.c.i.l.s.Slf4jLog: Database: jdbc:h2:mem:blogdb (H2 2.2)
2025-02-01 00:05:20,260 WARN  [main] o.f.c.i.l.s.Slf4jLog: Flyway upgrade recommended: H2 2.2.224 is newer than this version of Flyway and support has not been tested. The latest supported version of H2 is 2.2.220.
2025-02-01 00:05:20,301 INFO  [main] o.f.c.i.l.s.Slf4jLog: Schema history table "PUBLIC"."flyway_schema_history" does not exist yet
2025-02-01 00:05:20,306 INFO  [main] o.f.c.i.l.s.Slf4jLog: Successfully validated 4 migrations (execution time 00:00.023s)
2025-02-01 00:05:20,315 INFO  [main] o.f.c.i.l.s.Slf4jLog: Creating Schema History table "PUBLIC"."flyway_schema_history" ...
2025-02-01 00:05:20,367 INFO  [main] o.f.c.i.l.s.Slf4jLog: Current version of schema "PUBLIC": << Empty Schema >>
2025-02-01 00:05:20,377 INFO  [main] o.f.c.i.l.s.Slf4jLog: Migrating schema "PUBLIC" to version "1 - create users table"
2025-02-01 00:05:20,436 INFO  [main] o.f.c.i.l.s.Slf4jLog: Migrating schema "PUBLIC" to version "2 - create blog posts table"
2025-02-01 00:05:20,457 INFO  [main] o.f.c.i.l.s.Slf4jLog: Migrating schema "PUBLIC" to version "3 - create blog articles table"
2025-02-01 00:05:20,473 INFO  [main] o.f.c.i.l.s.Slf4jLog: Migrating schema "PUBLIC" to version "4 - add role to users"
2025-02-01 00:05:20,524 INFO  [main] o.f.c.i.l.s.Slf4jLog: Successfully applied 4 migrations to schema "PUBLIC", now at version v4 (execution time 00:00.055s)
2025-02-01 00:05:20,528 DEBUG [main] o.s.b.f.s.DefaultSingletonBeanRegistry: Creating shared instance of singleton bean 'dataSourceScriptDatabaseInitializer'
2025-02-01 00:05:20,529 DEBUG [main] o.s.b.f.s.DefaultSingletonBeanRegistry: Creating shared instance of singleton bean 'org.springframework.boot.autoconfigure.sql.init.DataSourceInitializationConfiguration'
2025-02-01 00:05:20,533 DEBUG [main] o.s.b.f.s.DefaultSingletonBeanRegistry: Creating shared instance of singleton bean 'spring.sql.init-org.springframework.boot.autoconfigure.sql.init.SqlInitializationProperties'
2025-02-01 00:05:20,543 DEBUG [main] o.s.b.f.s.ConstructorResolver: Autowiring by type from bean name 'dataSourceScriptDatabaseInitializer' via factory method to bean named 'dataSource'
2025-02-01 00:05:20,544 DEBUG [main] o.s.b.f.s.ConstructorResolver: Autowiring by type from bean name 'dataSourceScriptDatabaseInitializer' via factory method to bean named 'spring.sql.init-org.springframework.boot.autoconfigure.sql.init.SqlInitializationProperties'
2025-02-01 00:05:20,558 DEBUG [main] o.s.b.f.s.DefaultSingletonBeanRegistry: Creating shared instance of singleton bean 'entityManagerFactory'
2025-02-01 00:05:20,558 DEBUG [main] o.s.b.f.s.DefaultSingletonBeanRegistry: Creating shared instance of singleton bean 'org.springframework.boot.autoconfigure.orm.jpa.HibernateJpaConfiguration'
2025-02-01 00:05:20,561 DEBUG [main] o.s.b.f.s.DefaultSingletonBeanRegistry: Creating shared instance of singleton bean 'spring.jpa-org.springframework.boot.autoconfigure.orm.jpa.JpaProperties'
2025-02-01 00:05:20,572 DEBUG [main] o.s.b.f.s.DefaultSingletonBeanRegistry: Creating shared instance of singleton bean 'spring.jpa.hibernate-org.springframework.boot.autoconfigure.orm.jpa.HibernateProperties'
2025-02-01 00:05:20,576 DEBUG [main] o.s.b.f.s.ConstructorResolver: Autowiring by type from bean name 'org.springframework.boot.autoconfigure.orm.jpa.HibernateJpaConfiguration' via constructor to bean named 'dataSource'
2025-02-01 00:05:20,576 DEBUG [main] o.s.b.f.s.ConstructorResolver: Autowiring by type from bean name 'org.springframework.boot.autoconfigure.orm.jpa.HibernateJpaConfiguration' via constructor to bean named 'spring.jpa-org.springframework.boot.autoconfigure.orm.jpa.JpaProperties'
2025-02-01 00:05:20,578 DEBUG [main] o.s.b.f.s.ConstructorResolver: Autowiring by type from bean name 'org.springframework.boot.autoconfigure.orm.jpa.HibernateJpaConfiguration' via constructor to bean named 'org.springframework.beans.factory.support.DefaultListableBeanFactory@796065aa'
2025-02-01 00:05:20,579 DEBUG [main] o.s.b.f.s.ConstructorResolver: Autowiring by type from bean name 'org.springframework.boot.autoconfigure.orm.jpa.HibernateJpaConfiguration' via constructor to bean named 'spring.jpa.hibernate-org.springframework.boot.autoconfigure.orm.jpa.HibernateProperties'
2025-02-01 00:05:20,585 DEBUG [main] o.s.b.f.s.DefaultSingletonBeanRegistry: Creating shared instance of singleton bean 'hikariPoolDataSourceMetadataProvider'
2025-02-01 00:05:20,586 DEBUG [main] o.s.b.f.s.DefaultSingletonBeanRegistry: Creating shared instance of singleton bean 'org.springframework.boot.autoconfigure.jdbc.metadata.DataSourcePoolMetadataProvidersConfiguration$HikariPoolDataSourceMetadataProviderConfiguration'
2025-02-01 00:05:20,599 DEBUG [main] o.s.b.f.s.DefaultSingletonBeanRegistry: Creating shared instance of singleton bean 'entityManagerFactoryBuilder'
2025-02-01 00:05:20,601 DEBUG [main] o.s.b.f.s.DefaultSingletonBeanRegistry: Creating shared instance of singleton bean 'jpaVendorAdapter'
2025-02-01 00:05:20,628 DEBUG [main] o.s.b.f.s.ConstructorResolver: Autowiring by type from bean name 'entityManagerFactoryBuilder' via factory method to bean named 'jpaVendorAdapter'
2025-02-01 00:05:20,637 DEBUG [main] o.s.b.f.s.DefaultSingletonBeanRegistry: Creating shared instance of singleton bean 'persistenceManagedTypes'
2025-02-01 00:05:20,638 DEBUG [main] o.s.b.f.s.ConstructorResolver: Autowiring by type from bean name 'persistenceManagedTypes' via factory method to bean named 'org.springframework.beans.factory.support.DefaultListableBeanFactory@796065aa'
2025-02-01 00:05:20,639 DEBUG [main] o.s.b.f.s.ConstructorResolver: Autowiring by type from bean name 'persistenceManagedTypes' via factory method to bean named 'org.springframework.web.context.support.GenericWebApplicationContext@7004e3d'
2025-02-01 00:05:20,658 DEBUG [main] o.s.b.f.s.ConstructorResolver: Autowiring by type from bean name 'entityManagerFactory' via factory method to bean named 'entityManagerFactoryBuilder'
2025-02-01 00:05:20,659 DEBUG [main] o.s.b.f.s.ConstructorResolver: Autowiring by type from bean name 'entityManagerFactory' via factory method to bean named 'persistenceManagedTypes'
2025-02-01 00:05:20,686 DEBUG [main] o.s.o.j.LocalContainerEntityManagerFactoryBean: Building JPA container EntityManagerFactory for persistence unit 'default'
2025-02-01 00:05:20,724 INFO  [main] o.h.j.i.u.LogHelper: HHH000204: Processing PersistenceUnitInfo [name: default]
2025-02-01 00:05:20,824 INFO  [main] o.h.Version: HHH000412: Hibernate ORM core version 6.4.1.Final
2025-02-01 00:05:20,864 INFO  [main] o.h.c.i.RegionFactoryInitiator: HHH000026: Second-level cache disabled
2025-02-01 00:05:21,266 INFO  [main] o.s.o.j.p.SpringPersistenceUnitInfo: No LoadTimeWeaver setup: ignoring JPA class transformer
2025-02-01 00:05:21,348 WARN  [main] o.h.e.j.d.i.DialectFactoryImpl: HHH90000025: H2Dialect does not need to be specified explicitly using 'hibernate.dialect' (remove the property setting and it will be selected by default)
2025-02-01 00:05:22,538 INFO  [main] o.h.e.t.j.p.i.JtaPlatformInitiator: HHH000489: No JTA platform available (set 'hibernate.transaction.jta.platform' to enable JTA platform integration)
2025-02-01 00:05:22,567 DEBUG [main] o.h.e.j.s.SqlStatementLogger: 
    drop table if exists blog_articles cascade 
Hibernate: 
    drop table if exists blog_articles cascade 
2025-02-01 00:05:22,568 DEBUG [main] o.h.e.j.s.SqlStatementLogger: 
    drop table if exists posts cascade 
Hibernate: 
    drop table if exists posts cascade 
2025-02-01 00:05:22,569 DEBUG [main] o.h.e.j.s.SqlStatementLogger: 
    drop table if exists user_roles cascade 
Hibernate: 
    drop table if exists user_roles cascade 
2025-02-01 00:05:22,569 DEBUG [main] o.h.e.j.s.SqlStatementLogger: 
    drop table if exists users cascade 
Hibernate: 
    drop table if exists users cascade 
2025-02-01 00:05:22,576 DEBUG [main] o.h.e.j.s.SqlStatementLogger: 
    create table blog_articles (
        created_at timestamp(6),
        id bigint generated by default as identity,
        user_id bigint not null,
        title varchar(255) not null,
        content clob not null,
        primary key (id)
    )
Hibernate: 
    create table blog_articles (
        created_at timestamp(6),
        id bigint generated by default as identity,
        user_id bigint not null,
        title varchar(255) not null,
        content clob not null,
        primary key (id)
    )
2025-02-01 00:05:22,579 DEBUG [main] o.h.e.j.s.SqlStatementLogger: 
    create table posts (
        created_at timestamp(6),
        id bigint generated by default as identity,
        updated_at timestamp(6),
        user_id bigint not null,
        title varchar(100),
        content TEXT,
        primary key (id)
    )
Hibernate: 
    create table posts (
        created_at timestamp(6),
        id bigint generated by default as identity,
        updated_at timestamp(6),
        user_id bigint not null,
        title varchar(100),
        content TEXT,
        primary key (id)
    )
2025-02-01 00:05:22,579 DEBUG [main] o.h.e.j.s.SqlStatementLogger: 
    create table user_roles (
        user_id bigint not null,
        role varchar(255)
    )
Hibernate: 
    create table user_roles (
        user_id bigint not null,
        role varchar(255)
    )
2025-02-01 00:05:22,582 DEBUG [main] o.h.e.j.s.SqlStatementLogger: 
    create table users (
        id bigint generated by default as identity,
        username varchar(50) unique,
        email varchar(255) unique,
        password varchar(255),
        role varchar(255),
        primary key (id)
    )
Hibernate: 
    create table users (
        id bigint generated by default as identity,
        username varchar(50) unique,
        email varchar(255) unique,
        password varchar(255),
        role varchar(255),
        primary key (id)
    )
2025-02-01 00:05:22,584 DEBUG [main] o.h.e.j.s.SqlStatementLogger: 
    alter table if exists blog_articles 
       add constraint FKbp56adii4bwxkdmxca91r2f0n 
       foreign key (user_id) 
       references users
Hibernate: 
    alter table if exists blog_articles 
       add constraint FKbp56adii4bwxkdmxca91r2f0n 
       foreign key (user_id) 
       references users
2025-02-01 00:05:22,586 DEBUG [main] o.h.e.j.s.SqlStatementLogger: 
    alter table if exists posts 
       add constraint FK5lidm6cqbc7u4xhqpxm898qme 
       foreign key (user_id) 
       references users
Hibernate: 
    alter table if exists posts 
       add constraint FK5lidm6cqbc7u4xhqpxm898qme 
       foreign key (user_id) 
       references users
2025-02-01 00:05:22,587 DEBUG [main] o.h.e.j.s.SqlStatementLogger: 
    alter table if exists user_roles 
       add constraint FKhfh9dx7w3ubf1co1vdev94g3f 
       foreign key (user_id) 
       references users
Hibernate: 
    alter table if exists user_roles 
       add constraint FKhfh9dx7w3ubf1co1vdev94g3f 
       foreign key (user_id) 
       references users
2025-02-01 00:05:22,593 INFO  [main] o.s.o.j.AbstractEntityManagerFactoryBean: Initialized JPA EntityManagerFactory for persistence unit 'default'
2025-02-01 00:05:22,599 DEBUG [main] o.s.b.f.s.DefaultSingletonBeanRegistry: Creating shared instance of singleton bean 'secureBlogApplication'
2025-02-01 00:05:22,602 DEBUG [main] o.s.b.f.s.DefaultSingletonBeanRegistry: Creating shared instance of singleton bean 'securityLoggingAspect'
2025-02-01 00:05:22,603 DEBUG [main] o.s.b.f.s.DefaultSingletonBeanRegistry: Creating shared instance of singleton bean 'securityConfig'
2025-02-01 00:05:22,604 DEBUG [main] o.s.b.f.s.DefaultSingletonBeanRegistry: Creating shared instance of singleton bean 'jwtAuthenticationFilter'
2025-02-01 00:05:22,605 DEBUG [main] o.s.b.f.s.DefaultSingletonBeanRegistry: Creating shared instance of singleton bean 'jwtTokenProvider'
2025-02-01 00:05:22,609 DEBUG [main] o.s.b.f.s.DefaultSingletonBeanRegistry: Creating shared instance of singleton bean 'customUserDetailsService'
2025-02-01 00:05:22,610 DEBUG [main] o.s.b.f.s.DefaultSingletonBeanRegistry: Creating shared instance of singleton bean 'userRepository'
2025-02-01 00:05:22,615 DEBUG [main] o.s.b.f.s.DefaultSingletonBeanRegistry: Creating shared instance of singleton bean 'jpa.named-queries#2'
2025-02-01 00:05:22,619 DEBUG [main] o.s.b.f.s.DefaultSingletonBeanRegistry: Creating shared instance of singleton bean 'jpa.UserRepository.fragments#0'
2025-02-01 00:05:22,628 DEBUG [main] o.s.b.f.s.DefaultSingletonBeanRegistry: Creating shared instance of singleton bean 'jpaSharedEM_entityManagerFactory'
2025-02-01 00:05:22,671 DEBUG [main] o.s.b.f.s.DefaultSingletonBeanRegistry: Creating shared instance of singleton bean 'jpaMappingContext'
2025-02-01 00:05:22,672 DEBUG [main] o.s.d.j.r.c.JpaMetamodelMappingContextFactoryBean: Initializing JpaMetamodelMappingContextà
2025-02-01 00:05:22,693 DEBUG [main] o.s.d.j.r.c.JpaMetamodelMappingContextFactoryBean: Finished initializing JpaMetamodelMappingContext
2025-02-01 00:05:22,759 DEBUG [main] o.s.o.j.SharedEntityManagerCreator$SharedEntityManagerInvocationHandler: Creating new EntityManager for shared EntityManager invocation
2025-02-01 00:05:22,842 DEBUG [main] o.s.o.j.SharedEntityManagerCreator$SharedEntityManagerInvocationHandler: Creating new EntityManager for shared EntityManager invocation
2025-02-01 00:05:22,922 DEBUG [main] o.s.d.r.c.s.RepositoryFactorySupport: Initializing repository instance for com.example.secureblog.repository.UserRepositoryà
2025-02-01 00:05:22,953 DEBUG [main] o.s.o.j.SharedEntityManagerCreator$SharedEntityManagerInvocationHandler: Creating new EntityManager for shared EntityManager invocation
2025-02-01 00:05:23,089 DEBUG [main] o.s.d.j.r.q.NamedQuery: Looking up named query User.existsByUsername
2025-02-01 00:05:23,094 DEBUG [main] o.s.d.j.r.q.NamedQuery: Did not find named query User.existsByUsername
2025-02-01 00:05:23,098 DEBUG [main] o.s.o.j.SharedEntityManagerCreator$SharedEntityManagerInvocationHandler: Creating new EntityManager for shared EntityManager invocation
2025-02-01 00:05:23,190 DEBUG [main] o.s.d.j.r.q.NamedQuery: Looking up named query User.existsByEmail
2025-02-01 00:05:23,191 DEBUG [main] o.s.d.j.r.q.NamedQuery: Did not find named query User.existsByEmail
2025-02-01 00:05:23,192 DEBUG [main] o.s.o.j.SharedEntityManagerCreator$SharedEntityManagerInvocationHandler: Creating new EntityManager for shared EntityManager invocation
2025-02-01 00:05:23,195 DEBUG [main] o.s.d.j.r.q.NamedQuery: Looking up named query User.findByUsername
2025-02-01 00:05:23,196 DEBUG [main] o.s.d.j.r.q.NamedQuery: Did not find named query User.findByUsername
2025-02-01 00:05:23,197 DEBUG [main] o.s.o.j.SharedEntityManagerCreator$SharedEntityManagerInvocationHandler: Creating new EntityManager for shared EntityManager invocation
2025-02-01 00:05:23,203 DEBUG [main] o.s.d.r.c.s.RepositoryFactorySupport: Finished creation of repository instance for com.example.secureblog.repository.UserRepository.
2025-02-01 00:05:23,216 DEBUG [main] o.s.b.f.s.ConstructorResolver: Autowiring by type from bean name 'customUserDetailsService' via constructor to bean named 'userRepository'
2025-02-01 00:05:23,220 DEBUG [main] o.s.b.f.s.ConstructorResolver: Autowiring by type from bean name 'jwtAuthenticationFilter' via constructor to bean named 'jwtTokenProvider'
2025-02-01 00:05:23,220 DEBUG [main] o.s.b.f.s.ConstructorResolver: Autowiring by type from bean name 'jwtAuthenticationFilter' via constructor to bean named 'customUserDetailsService'
2025-02-01 00:05:23,224 DEBUG [main] o.s.b.f.s.ConstructorResolver: Autowiring by type from bean name 'securityConfig' via constructor to bean named 'jwtAuthenticationFilter'
2025-02-01 00:05:23,224 DEBUG [main] o.s.b.f.s.ConstructorResolver: Autowiring by type from bean name 'securityConfig' via constructor to bean named 'customUserDetailsService'
2025-02-01 00:05:23,226 DEBUG [main] o.s.b.f.s.DefaultSingletonBeanRegistry: Creating shared instance of singleton bean 'authController'
2025-02-01 00:05:23,231 DEBUG [main] o.s.b.f.s.DefaultSingletonBeanRegistry: Creating shared instance of singleton bean 'authenticationManager'
2025-02-01 00:05:23,232 DEBUG [main] o.s.b.f.s.DefaultSingletonBeanRegistry: Creating shared instance of singleton bean 'org.springframework.security.config.annotation.authentication.configuration.AuthenticationConfiguration'
2025-02-01 00:05:23,235 DEBUG [main] o.s.b.f.s.DefaultSingletonBeanRegistry: Creating shared instance of singleton bean 'enableGlobalAuthenticationAutowiredConfigurer'
2025-02-01 00:05:23,236 DEBUG [main] o.s.b.f.s.ConstructorResolver: Autowiring by type from bean name 'enableGlobalAuthenticationAutowiredConfigurer' via factory method to bean named 'org.springframework.web.context.support.GenericWebApplicationContext@7004e3d'
2025-02-01 00:05:23,240 DEBUG [main] o.s.b.f.s.DefaultSingletonBeanRegistry: Creating shared instance of singleton bean 'initializeUserDetailsBeanManagerConfigurer'
2025-02-01 00:05:23,241 DEBUG [main] o.s.b.f.s.ConstructorResolver: Autowiring by type from bean name 'initializeUserDetailsBeanManagerConfigurer' via factory method to bean named 'org.springframework.web.context.support.GenericWebApplicationContext@7004e3d'
2025-02-01 00:05:23,243 DEBUG [main] o.s.b.f.s.DefaultSingletonBeanRegistry: Creating shared instance of singleton bean 'initializeAuthenticationProviderBeanManagerConfigurer'
2025-02-01 00:05:23,244 DEBUG [main] o.s.b.f.s.ConstructorResolver: Autowiring by type from bean name 'initializeAuthenticationProviderBeanManagerConfigurer' via factory method to bean named 'org.springframework.web.context.support.GenericWebApplicationContext@7004e3d'
2025-02-01 00:05:23,248 DEBUG [main] o.s.b.f.s.DefaultSingletonBeanRegistry: Creating shared instance of singleton bean 'objectPostProcessor'
2025-02-01 00:05:23,248 DEBUG [main] o.s.b.f.s.DefaultSingletonBeanRegistry: Creating shared instance of singleton bean 'org.springframework.security.config.annotation.configuration.ObjectPostProcessorConfiguration'
2025-02-01 00:05:23,251 DEBUG [main] o.s.b.f.s.ConstructorResolver: Autowiring by type from bean name 'objectPostProcessor' via factory method to bean named 'org.springframework.beans.factory.support.DefaultListableBeanFactory@796065aa'
2025-02-01 00:05:23,257 DEBUG [main] o.s.b.f.s.ConstructorResolver: Autowiring by type from bean name 'authenticationManager' via factory method to bean named 'org.springframework.security.config.annotation.authentication.configuration.AuthenticationConfiguration'
2025-02-01 00:05:23,258 DEBUG [main] o.s.b.f.s.DefaultSingletonBeanRegistry: Creating shared instance of singleton bean 'authenticationManagerBuilder'
2025-02-01 00:05:23,260 DEBUG [main] o.s.b.f.s.ConstructorResolver: Autowiring by type from bean name 'authenticationManagerBuilder' via factory method to bean named 'objectPostProcessor'
2025-02-01 00:05:23,261 DEBUG [main] o.s.b.f.s.ConstructorResolver: Autowiring by type from bean name 'authenticationManagerBuilder' via factory method to bean named 'org.springframework.web.context.support.GenericWebApplicationContext@7004e3d'
2025-02-01 00:05:23,263 DEBUG [main] o.s.b.f.s.DefaultSingletonBeanRegistry: Creating shared instance of singleton bean 'authenticationEventPublisher'
2025-02-01 00:05:23,265 DEBUG [main] o.s.b.f.s.DefaultSingletonBeanRegistry: Creating shared instance of singleton bean 'org.springframework.boot.autoconfigure.security.servlet.SecurityAutoConfiguration'
2025-02-01 00:05:23,267 DEBUG [main] o.s.b.f.s.ConstructorResolver: Autowiring by type from bean name 'authenticationEventPublisher' via factory method to bean named 'org.springframework.web.context.support.GenericWebApplicationContext@7004e3d'
2025-02-01 00:05:23,289 DEBUG [main] o.s.b.f.s.DefaultSingletonBeanRegistry: Creating shared instance of singleton bean 'org.springframework.boot.autoconfigure.security.servlet.SpringBootWebSecurityConfiguration$WebSecurityEnablerConfiguration'
2025-02-01 00:05:23,293 DEBUG [main] o.s.b.f.s.DefaultSingletonBeanRegistry: Creating shared instance of singleton bean 'authenticationProvider'
2025-02-01 00:05:23,346 DEBUG [main] o.s.b.f.s.DefaultSingletonBeanRegistry: Creating shared instance of singleton bean 'passwordEncoder'
2025-02-01 00:05:23,356 DEBUG [main] o.s.b.f.s.DefaultSingletonBeanRegistry: Creating shared instance of singleton bean 'userService'
2025-02-01 00:05:23,358 DEBUG [main] o.s.b.f.s.ConstructorResolver: Autowiring by type from bean name 'userService' via constructor to bean named 'userRepository'
2025-02-01 00:05:23,358 DEBUG [main] o.s.b.f.s.ConstructorResolver: Autowiring by type from bean name 'userService' via constructor to bean named 'passwordEncoder'
2025-02-01 00:05:23,394 DEBUG [main] o.s.b.f.s.ConstructorResolver: Autowiring by type from bean name 'authController' via constructor to bean named 'authenticationManager'
2025-02-01 00:05:23,395 DEBUG [main] o.s.b.f.s.ConstructorResolver: Autowiring by type from bean name 'authController' via constructor to bean named 'jwtTokenProvider'
2025-02-01 00:05:23,395 DEBUG [main] o.s.b.f.s.ConstructorResolver: Autowiring by type from bean name 'authController' via constructor to bean named 'passwordEncoder'
2025-02-01 00:05:23,396 DEBUG [main] o.s.b.f.s.ConstructorResolver: Autowiring by type from bean name 'authController' via constructor to bean named 'userService'
2025-02-01 00:05:23,399 DEBUG [main] o.s.b.f.s.DefaultSingletonBeanRegistry: Creating shared instance of singleton bean 'blogArticleController'
2025-02-01 00:05:23,403 DEBUG [main] o.s.b.f.s.DefaultSingletonBeanRegistry: Creating shared instance of singleton bean 'blogArticleService'
2025-02-01 00:05:23,405 DEBUG [main] o.s.b.f.s.DefaultSingletonBeanRegistry: Creating shared instance of singleton bean 'blogArticleRepository'
2025-02-01 00:05:23,407 DEBUG [main] o.s.b.f.s.DefaultSingletonBeanRegistry: Creating shared instance of singleton bean 'jpa.named-queries#1'
2025-02-01 00:05:23,409 DEBUG [main] o.s.b.f.s.DefaultSingletonBeanRegistry: Creating shared instance of singleton bean 'jpa.BlogArticleRepository.fragments#0'
2025-02-01 00:05:23,411 DEBUG [main] o.s.o.j.SharedEntityManagerCreator$SharedEntityManagerInvocationHandler: Creating new EntityManager for shared EntityManager invocation
2025-02-01 00:05:23,416 DEBUG [main] o.s.d.r.c.s.RepositoryFactorySupport: Initializing repository instance for com.example.secureblog.repository.BlogArticleRepositoryà
2025-02-01 00:05:23,418 DEBUG [main] o.s.o.j.SharedEntityManagerCreator$SharedEntityManagerInvocationHandler: Creating new EntityManager for shared EntityManager invocation
2025-02-01 00:05:23,443 DEBUG [main] o.s.d.j.r.q.NamedQuery: Looking up named query BlogArticle.findByUserId
2025-02-01 00:05:23,444 DEBUG [main] o.s.d.j.r.q.NamedQuery: Did not find named query BlogArticle.findByUserId
2025-02-01 00:05:23,445 DEBUG [main] o.s.o.j.SharedEntityManagerCreator$SharedEntityManagerInvocationHandler: Creating new EntityManager for shared EntityManager invocation
2025-02-01 00:05:23,458 DEBUG [main] o.s.d.r.c.s.RepositoryFactorySupport: Finished creation of repository instance for com.example.secureblog.repository.BlogArticleRepository.
2025-02-01 00:05:23,462 DEBUG [main] o.s.b.f.s.ConstructorResolver: Autowiring by type from bean name 'blogArticleService' via constructor to bean named 'blogArticleRepository'
2025-02-01 00:05:23,464 DEBUG [main] o.s.b.f.s.ConstructorResolver: Autowiring by type from bean name 'blogArticleService' via constructor to bean named 'userRepository'
2025-02-01 00:05:23,477 DEBUG [main] o.s.b.f.s.ConstructorResolver: Autowiring by type from bean name 'blogArticleController' via constructor to bean named 'blogArticleService'
2025-02-01 00:05:23,503 DEBUG [main] o.s.b.f.s.DefaultSingletonBeanRegistry: Creating shared instance of singleton bean 'postController'
2025-02-01 00:05:23,507 DEBUG [main] o.s.b.f.s.DefaultSingletonBeanRegistry: Creating shared instance of singleton bean 'postService'
2025-02-01 00:05:23,508 DEBUG [main] o.s.b.f.s.DefaultSingletonBeanRegistry: Creating shared instance of singleton bean 'postRepository'
2025-02-01 00:05:23,512 DEBUG [main] o.s.b.f.s.DefaultSingletonBeanRegistry: Creating shared instance of singleton bean 'jpa.named-queries#0'
2025-02-01 00:05:23,514 DEBUG [main] o.s.b.f.s.DefaultSingletonBeanRegistry: Creating shared instance of singleton bean 'jpa.PostRepository.fragments#0'
2025-02-01 00:05:23,516 DEBUG [main] o.s.o.j.SharedEntityManagerCreator$SharedEntityManagerInvocationHandler: Creating new EntityManager for shared EntityManager invocation
2025-02-01 00:05:23,517 DEBUG [main] o.s.d.r.c.s.RepositoryFactorySupport: Initializing repository instance for com.example.secureblog.repository.PostRepositoryà
2025-02-01 00:05:23,518 DEBUG [main] o.s.o.j.SharedEntityManagerCreator$SharedEntityManagerInvocationHandler: Creating new EntityManager for shared EntityManager invocation
2025-02-01 00:05:23,535 DEBUG [main] o.s.d.j.r.q.NamedQuery: Looking up named query Post.findByUserId
2025-02-01 00:05:23,536 DEBUG [main] o.s.d.j.r.q.NamedQuery: Did not find named query Post.findByUserId
2025-02-01 00:05:23,536 DEBUG [main] o.s.o.j.SharedEntityManagerCreator$SharedEntityManagerInvocationHandler: Creating new EntityManager for shared EntityManager invocation
2025-02-01 00:05:23,539 DEBUG [main] o.s.d.j.r.q.NamedQuery: Looking up named query Post.findByUser
2025-02-01 00:05:23,540 DEBUG [main] o.s.d.j.r.q.NamedQuery: Did not find named query Post.findByUser
2025-02-01 00:05:23,541 DEBUG [main] o.s.o.j.SharedEntityManagerCreator$SharedEntityManagerInvocationHandler: Creating new EntityManager for shared EntityManager invocation
2025-02-01 00:05:23,548 DEBUG [main] o.s.d.r.c.s.RepositoryFactorySupport: Finished creation of repository instance for com.example.secureblog.repository.PostRepository.
2025-02-01 00:05:23,552 DEBUG [main] o.s.b.f.s.ConstructorResolver: Autowiring by type from bean name 'postService' via constructor to bean named 'postRepository'
2025-02-01 00:05:23,554 DEBUG [main] o.s.b.f.s.ConstructorResolver: Autowiring by type from bean name 'postService' via constructor to bean named 'userRepository'
2025-02-01 00:05:23,574 DEBUG [main] o.s.b.f.s.ConstructorResolver: Autowiring by type from bean name 'postController' via constructor to bean named 'postService'
2025-02-01 00:05:23,584 DEBUG [main] o.s.b.f.s.DefaultSingletonBeanRegistry: Creating shared instance of singleton bean 'globalExceptionHandler'
2025-02-01 00:05:23,589 DEBUG [main] o.s.b.f.s.DefaultSingletonBeanRegistry: Creating shared instance of singleton bean 'jwtService'
2025-02-01 00:05:23,593 DEBUG [main] o.s.b.f.s.DefaultSingletonBeanRegistry: Creating shared instance of singleton bean 'securityFilterChain'
2025-02-01 00:05:23,594 DEBUG [main] o.s.b.f.s.DefaultSingletonBeanRegistry: Creating shared instance of singleton bean 'org.springframework.security.config.annotation.web.configuration.HttpSecurityConfiguration'
2025-02-01 00:05:23,603 DEBUG [main] o.s.b.f.s.DefaultSingletonBeanRegistry: Creating shared instance of singleton bean 'mvcContentNegotiationManager'
2025-02-01 00:05:23,603 DEBUG [main] o.s.b.f.s.DefaultSingletonBeanRegistry: Creating shared instance of singleton bean 'org.springframework.boot.autoconfigure.web.servlet.WebMvcAutoConfiguration$EnableWebMvcConfiguration'
2025-02-01 00:05:23,605 DEBUG [main] o.s.b.f.s.DefaultSingletonBeanRegistry: Creating shared instance of singleton bean 'spring.mvc-org.springframework.boot.autoconfigure.web.servlet.WebMvcProperties'
2025-02-01 00:05:23,617 DEBUG [main] o.s.b.f.s.DefaultSingletonBeanRegistry: Creating shared instance of singleton bean 'spring.web-org.springframework.boot.autoconfigure.web.WebProperties'
2025-02-01 00:05:23,625 DEBUG [main] o.s.b.f.s.ConstructorResolver: Autowiring by type from bean name 'org.springframework.boot.autoconfigure.web.servlet.WebMvcAutoConfiguration$EnableWebMvcConfiguration' via constructor to bean named 'spring.mvc-org.springframework.boot.autoconfigure.web.servlet.WebMvcProperties'
2025-02-01 00:05:23,626 DEBUG [main] o.s.b.f.s.ConstructorResolver: Autowiring by type from bean name 'org.springframework.boot.autoconfigure.web.servlet.WebMvcAutoConfiguration$EnableWebMvcConfiguration' via constructor to bean named 'spring.web-org.springframework.boot.autoconfigure.web.WebProperties'
2025-02-01 00:05:23,627 DEBUG [main] o.s.b.f.s.ConstructorResolver: Autowiring by type from bean name 'org.springframework.boot.autoconfigure.web.servlet.WebMvcAutoConfiguration$EnableWebMvcConfiguration' via constructor to bean named 'org.springframework.beans.factory.support.DefaultListableBeanFactory@796065aa'
2025-02-01 00:05:23,635 DEBUG [main] o.s.b.f.s.DefaultSingletonBeanRegistry: Creating shared instance of singleton bean 'org.springframework.boot.autoconfigure.web.servlet.WebMvcAutoConfiguration$WebMvcAutoConfigurationAdapter'
2025-02-01 00:05:23,636 DEBUG [main] o.s.b.f.s.ConstructorResolver: Autowiring by type from bean name 'org.springframework.boot.autoconfigure.web.servlet.WebMvcAutoConfiguration$WebMvcAutoConfigurationAdapter' via constructor to bean named 'spring.web-org.springframework.boot.autoconfigure.web.WebProperties'
2025-02-01 00:05:23,637 DEBUG [main] o.s.b.f.s.ConstructorResolver: Autowiring by type from bean name 'org.springframework.boot.autoconfigure.web.servlet.WebMvcAutoConfiguration$WebMvcAutoConfigurationAdapter' via constructor to bean named 'spring.mvc-org.springframework.boot.autoconfigure.web.servlet.WebMvcProperties'
2025-02-01 00:05:23,638 DEBUG [main] o.s.b.f.s.ConstructorResolver: Autowiring by type from bean name 'org.springframework.boot.autoconfigure.web.servlet.WebMvcAutoConfiguration$WebMvcAutoConfigurationAdapter' via constructor to bean named 'org.springframework.beans.factory.support.DefaultListableBeanFactory@796065aa'
2025-02-01 00:05:23,645 DEBUG [main] o.s.b.f.s.DefaultSingletonBeanRegistry: Creating shared instance of singleton bean 'openEntityManagerInViewInterceptorConfigurer'
2025-02-01 00:05:23,646 DEBUG [main] o.s.b.f.s.DefaultSingletonBeanRegistry: Creating shared instance of singleton bean 'org.springframework.boot.autoconfigure.orm.jpa.JpaBaseConfiguration$JpaWebConfiguration'
2025-02-01 00:05:23,647 DEBUG [main] o.s.b.f.s.ConstructorResolver: Autowiring by type from bean name 'org.springframework.boot.autoconfigure.orm.jpa.JpaBaseConfiguration$JpaWebConfiguration' via constructor to bean named 'spring.jpa-org.springframework.boot.autoconfigure.orm.jpa.JpaProperties'
2025-02-01 00:05:23,649 DEBUG [main] o.s.b.f.s.DefaultSingletonBeanRegistry: Creating shared instance of singleton bean 'openEntityManagerInViewInterceptor'
2025-02-01 00:05:23,651 WARN  [main] o.s.b.a.o.j.JpaBaseConfiguration$JpaWebConfiguration: spring.jpa.open-in-view is enabled by default. Therefore, database queries may be performed during view rendering. Explicitly configure spring.jpa.open-in-view to disable this warning
2025-02-01 00:05:23,656 DEBUG [main] o.s.b.f.s.ConstructorResolver: Autowiring by type from bean name 'openEntityManagerInViewInterceptorConfigurer' via factory method to bean named 'openEntityManagerInViewInterceptor'
2025-02-01 00:05:23,660 DEBUG [main] o.s.b.f.s.DefaultSingletonBeanRegistry: Creating shared instance of singleton bean 'org.springframework.data.web.config.SpringDataWebConfiguration'
2025-02-01 00:05:23,662 DEBUG [main] o.s.b.f.s.ConstructorResolver: Autowiring by type from bean name 'org.springframework.data.web.config.SpringDataWebConfiguration' via constructor to bean named 'org.springframework.web.context.support.GenericWebApplicationContext@7004e3d'
2025-02-01 00:05:23,666 DEBUG [main] o.s.b.f.s.DefaultSingletonBeanRegistry: Creating shared instance of singleton bean 'org.springframework.security.config.annotation.web.configuration.WebMvcSecurityConfiguration'
2025-02-01 00:05:23,750 DEBUG [main] o.s.b.f.s.ConstructorResolver: Autowiring by type from bean name 'securityFilterChain' via factory method to bean named 'org.springframework.security.config.annotation.web.configuration.HttpSecurityConfiguration.httpSecurity'
2025-02-01 00:05:23,761 DEBUG [main] o.s.b.f.s.DefaultSingletonBeanRegistry: Creating shared instance of singleton bean 'mvcHandlerMappingIntrospector'
2025-02-01 00:05:23,768 DEBUG [main] o.s.b.f.s.DefaultSingletonBeanRegistry: Creating shared instance of singleton bean 'welcomePageHandlerMapping'
2025-02-01 00:05:23,769 DEBUG [main] o.s.b.f.s.DefaultSingletonBeanRegistry: Creating shared instance of singleton bean 'mvcConversionService'
2025-02-01 00:05:23,784 DEBUG [main] o.s.b.f.s.DefaultSingletonBeanRegistry: Creating shared instance of singleton bean 'mvcResourceUrlProvider'
2025-02-01 00:05:23,789 DEBUG [main] o.s.b.f.s.ConstructorResolver: Autowiring by type from bean name 'welcomePageHandlerMapping' via factory method to bean named 'org.springframework.web.context.support.GenericWebApplicationContext@7004e3d'
2025-02-01 00:05:23,790 DEBUG [main] o.s.b.f.s.ConstructorResolver: Autowiring by type from bean name 'welcomePageHandlerMapping' via factory method to bean named 'mvcConversionService'
2025-02-01 00:05:23,790 DEBUG [main] o.s.b.f.s.ConstructorResolver: Autowiring by type from bean name 'welcomePageHandlerMapping' via factory method to bean named 'mvcResourceUrlProvider'
2025-02-01 00:05:23,819 DEBUG [main] o.s.b.f.s.DefaultSingletonBeanRegistry: Creating shared instance of singleton bean 'welcomePageNotAcceptableHandlerMapping'
2025-02-01 00:05:23,820 DEBUG [main] o.s.b.f.s.ConstructorResolver: Autowiring by type from bean name 'welcomePageNotAcceptableHandlerMapping' via factory method to bean named 'org.springframework.web.context.support.GenericWebApplicationContext@7004e3d'
2025-02-01 00:05:23,820 DEBUG [main] o.s.b.f.s.ConstructorResolver: Autowiring by type from bean name 'welcomePageNotAcceptableHandlerMapping' via factory method to bean named 'mvcConversionService'
2025-02-01 00:05:23,821 DEBUG [main] o.s.b.f.s.ConstructorResolver: Autowiring by type from bean name 'welcomePageNotAcceptableHandlerMapping' via factory method to bean named 'mvcResourceUrlProvider'
2025-02-01 00:05:23,827 DEBUG [main] o.s.b.f.s.DefaultSingletonBeanRegistry: Creating shared instance of singleton bean 'requestMappingHandlerMapping'
2025-02-01 00:05:23,829 DEBUG [main] o.s.b.f.s.ConstructorResolver: Autowiring by type from bean name 'requestMappingHandlerMapping' via factory method to bean named 'mvcContentNegotiationManager'
2025-02-01 00:05:23,830 DEBUG [main] o.s.b.f.s.ConstructorResolver: Autowiring by type from bean name 'requestMappingHandlerMapping' via factory method to bean named 'mvcConversionService'
2025-02-01 00:05:23,830 DEBUG [main] o.s.b.f.s.ConstructorResolver: Autowiring by type from bean name 'requestMappingHandlerMapping' via factory method to bean named 'mvcResourceUrlProvider'
2025-02-01 00:05:23,916 DEBUG [main] o.s.w.s.h.AbstractHandlerMethodMapping: 12 mappings in 'requestMappingHandlerMapping'
2025-02-01 00:05:23,926 DEBUG [main] o.s.b.f.s.DefaultSingletonBeanRegistry: Creating shared instance of singleton bean 'viewControllerHandlerMapping'
2025-02-01 00:05:23,928 DEBUG [main] o.s.b.f.s.ConstructorResolver: Autowiring by type from bean name 'viewControllerHandlerMapping' via factory method to bean named 'mvcConversionService'
2025-02-01 00:05:23,929 DEBUG [main] o.s.b.f.s.ConstructorResolver: Autowiring by type from bean name 'viewControllerHandlerMapping' via factory method to bean named 'mvcResourceUrlProvider'
2025-02-01 00:05:23,931 DEBUG [main] o.s.b.f.s.DefaultSingletonBeanRegistry: Creating shared instance of singleton bean 'beanNameHandlerMapping'
2025-02-01 00:05:23,932 DEBUG [main] o.s.b.f.s.ConstructorResolver: Autowiring by type from bean name 'beanNameHandlerMapping' via factory method to bean named 'mvcConversionService'
2025-02-01 00:05:23,932 DEBUG [main] o.s.b.f.s.ConstructorResolver: Autowiring by type from bean name 'beanNameHandlerMapping' via factory method to bean named 'mvcResourceUrlProvider'
2025-02-01 00:05:23,938 DEBUG [main] o.s.b.f.s.DefaultSingletonBeanRegistry: Creating shared instance of singleton bean 'routerFunctionMapping'
2025-02-01 00:05:23,939 DEBUG [main] o.s.b.f.s.ConstructorResolver: Autowiring by type from bean name 'routerFunctionMapping' via factory method to bean named 'mvcConversionService'
2025-02-01 00:05:23,939 DEBUG [main] o.s.b.f.s.ConstructorResolver: Autowiring by type from bean name 'routerFunctionMapping' via factory method to bean named 'mvcResourceUrlProvider'
2025-02-01 00:05:23,941 DEBUG [main] o.s.b.f.s.DefaultSingletonBeanRegistry: Creating shared instance of singleton bean 'messageConverters'
2025-02-01 00:05:23,942 DEBUG [main] o.s.b.f.s.DefaultSingletonBeanRegistry: Creating shared instance of singleton bean 'org.springframework.boot.autoconfigure.http.HttpMessageConvertersAutoConfiguration'
2025-02-01 00:05:23,948 DEBUG [main] o.s.b.f.s.DefaultSingletonBeanRegistry: Creating shared instance of singleton bean 'stringHttpMessageConverter'
2025-02-01 00:05:23,948 DEBUG [main] o.s.b.f.s.DefaultSingletonBeanRegistry: Creating shared instance of singleton bean 'org.springframework.boot.autoconfigure.http.HttpMessageConvertersAutoConfiguration$StringHttpMessageConverterConfiguration'
2025-02-01 00:05:23,951 DEBUG [main] o.s.b.f.s.ConstructorResolver: Autowiring by type from bean name 'stringHttpMessageConverter' via factory method to bean named 'environment'
2025-02-01 00:05:23,958 DEBUG [main] o.s.b.f.s.DefaultSingletonBeanRegistry: Creating shared instance of singleton bean 'mappingJackson2HttpMessageConverter'
2025-02-01 00:05:23,958 DEBUG [main] o.s.b.f.s.DefaultSingletonBeanRegistry: Creating shared instance of singleton bean 'org.springframework.boot.autoconfigure.http.JacksonHttpMessageConvertersConfiguration$MappingJackson2HttpMessageConverterConfiguration'
2025-02-01 00:05:23,961 DEBUG [main] o.s.b.f.s.DefaultSingletonBeanRegistry: Creating shared instance of singleton bean 'jacksonObjectMapper'
2025-02-01 00:05:23,962 DEBUG [main] o.s.b.f.s.DefaultSingletonBeanRegistry: Creating shared instance of singleton bean 'org.springframework.boot.autoconfigure.jackson.JacksonAutoConfiguration$JacksonObjectMapperConfiguration'
2025-02-01 00:05:23,965 DEBUG [main] o.s.b.f.s.DefaultSingletonBeanRegistry: Creating shared instance of singleton bean 'org.springframework.boot.autoconfigure.jackson.JacksonAutoConfiguration$JacksonObjectMapperBuilderConfiguration'
2025-02-01 00:05:23,968 DEBUG [main] o.s.b.f.s.DefaultSingletonBeanRegistry: Creating shared instance of singleton bean 'standardJacksonObjectMapperBuilderCustomizer'
2025-02-01 00:05:23,970 DEBUG [main] o.s.b.f.s.DefaultSingletonBeanRegistry: Creating shared instance of singleton bean 'org.springframework.boot.autoconfigure.jackson.JacksonAutoConfiguration$Jackson2ObjectMapperBuilderCustomizerConfiguration'
2025-02-01 00:05:23,971 DEBUG [main] o.s.b.f.s.DefaultSingletonBeanRegistry: Creating shared instance of singleton bean 'spring.jackson-org.springframework.boot.autoconfigure.jackson.JacksonProperties'
2025-02-01 00:05:23,976 DEBUG [main] o.s.b.f.s.ConstructorResolver: Autowiring by type from bean name 'standardJacksonObjectMapperBuilderCustomizer' via factory method to bean named 'spring.jackson-org.springframework.boot.autoconfigure.jackson.JacksonProperties'
2025-02-01 00:05:23,981 DEBUG [main] o.s.b.f.s.DefaultSingletonBeanRegistry: Creating shared instance of singleton bean 'parameterNamesModule'
2025-02-01 00:05:23,981 DEBUG [main] o.s.b.f.s.DefaultSingletonBeanRegistry: Creating shared instance of singleton bean 'org.springframework.boot.autoconfigure.jackson.JacksonAutoConfiguration$ParameterNamesModuleConfiguration'
2025-02-01 00:05:23,989 DEBUG [main] o.s.b.f.s.DefaultSingletonBeanRegistry: Creating shared instance of singleton bean 'jsonMixinModule'
2025-02-01 00:05:23,991 DEBUG [main] o.s.b.f.s.DefaultSingletonBeanRegistry: Creating shared instance of singleton bean 'org.springframework.boot.autoconfigure.jackson.JacksonAutoConfiguration$JacksonMixinConfiguration'
2025-02-01 00:05:23,994 DEBUG [main] o.s.b.f.s.DefaultSingletonBeanRegistry: Creating shared instance of singleton bean 'jsonMixinModuleEntries'
2025-02-01 00:05:23,995 DEBUG [main] o.s.b.f.s.ConstructorResolver: Autowiring by type from bean name 'jsonMixinModuleEntries' via factory method to bean named 'org.springframework.web.context.support.GenericWebApplicationContext@7004e3d'
2025-02-01 00:05:24,008 DEBUG [main] o.s.b.f.s.ConstructorResolver: Autowiring by type from bean name 'jsonMixinModule' via factory method to bean named 'org.springframework.web.context.support.GenericWebApplicationContext@7004e3d'
2025-02-01 00:05:24,009 DEBUG [main] o.s.b.f.s.ConstructorResolver: Autowiring by type from bean name 'jsonMixinModule' via factory method to bean named 'jsonMixinModuleEntries'
2025-02-01 00:05:24,013 DEBUG [main] o.s.b.f.s.DefaultSingletonBeanRegistry: Creating shared instance of singleton bean 'jsonComponentModule'
2025-02-01 00:05:24,014 DEBUG [main] o.s.b.f.s.DefaultSingletonBeanRegistry: Creating shared instance of singleton bean 'org.springframework.boot.autoconfigure.jackson.JacksonAutoConfiguration'
2025-02-01 00:05:24,025 DEBUG [main] o.s.b.f.s.DefaultSingletonBeanRegistry: Creating shared instance of singleton bean 'jacksonGeoModule'
2025-02-01 00:05:24,026 DEBUG [main] o.s.b.f.s.DefaultSingletonBeanRegistry: Creating shared instance of singleton bean 'org.springframework.data.web.config.SpringDataJacksonConfiguration'
2025-02-01 00:05:24,034 DEBUG [main] o.s.b.f.s.DefaultSingletonBeanRegistry: Creating shared instance of singleton bean 'pageModule'
2025-02-01 00:05:24,040 DEBUG [main] o.s.b.f.s.ConstructorResolver: Autowiring by type from bean name 'jacksonObjectMapperBuilder' via factory method to bean named 'org.springframework.web.context.support.GenericWebApplicationContext@7004e3d'
2025-02-01 00:05:24,040 DEBUG [main] o.s.b.f.s.ConstructorResolver: Autowiring by type from bean name 'jacksonObjectMapperBuilder' via factory method to bean named 'standardJacksonObjectMapperBuilderCustomizer'
2025-02-01 00:05:24,048 DEBUG [main] o.s.b.f.s.ConstructorResolver: Autowiring by type from bean name 'jacksonObjectMapper' via factory method to bean named 'jacksonObjectMapperBuilder'
2025-02-01 00:05:24,105 DEBUG [main] o.s.b.f.s.ConstructorResolver: Autowiring by type from bean name 'mappingJackson2HttpMessageConverter' via factory method to bean named 'jacksonObjectMapper'
2025-02-01 00:05:24,182 DEBUG [main] o.s.b.f.s.DefaultSingletonBeanRegistry: Creating shared instance of singleton bean 'resourceHandlerMapping'
2025-02-01 00:05:24,183 DEBUG [main] o.s.b.f.s.ConstructorResolver: Autowiring by type from bean name 'resourceHandlerMapping' via factory method to bean named 'mvcContentNegotiationManager'
2025-02-01 00:05:24,184 DEBUG [main] o.s.b.f.s.ConstructorResolver: Autowiring by type from bean name 'resourceHandlerMapping' via factory method to bean named 'mvcConversionService'
2025-02-01 00:05:24,184 DEBUG [main] o.s.b.f.s.ConstructorResolver: Autowiring by type from bean name 'resourceHandlerMapping' via factory method to bean named 'mvcResourceUrlProvider'
2025-02-01 00:05:24,198 DEBUG [main] o.s.w.s.h.SimpleUrlHandlerMapping: Patterns [/webjars/**, /**] in 'resourceHandlerMapping'
2025-02-01 00:05:24,203 DEBUG [main] o.s.b.f.s.DefaultSingletonBeanRegistry: Creating shared instance of singleton bean 'defaultServletHandlerMapping'
2025-02-01 00:05:24,262 INFO  [main] o.s.s.w.DefaultSecurityFilterChain: Will secure any request with [org.springframework.security.web.session.DisableEncodeUrlFilter@475c2f47, org.springframework.security.web.context.request.async.WebAsyncManagerIntegrationFilter@10806dbe, org.springframework.security.web.context.SecurityContextHolderFilter@6ec9f664, org.springframework.security.web.header.HeaderWriterFilter@409b1740, org.springframework.web.filter.CorsFilter@4c5d1649, org.springframework.security.web.authentication.logout.LogoutFilter@996293a, com.example.secureblog.security.JwtAuthenticationFilter@4d5d945d, org.springframework.security.web.savedrequest.RequestCacheAwareFilter@1b48784a, org.springframework.security.web.servletapi.SecurityContextHolderAwareRequestFilter@7ab17cf, org.springframework.security.web.authentication.AnonymousAuthenticationFilter@1695f7cb, org.springframework.security.web.session.SessionManagementFilter@736af6f3, org.springframework.security.web.access.ExceptionTranslationFilter@14acc33e, org.springframework.security.web.access.intercept.AuthorizationFilter@5481001f]
2025-02-01 00:05:24,264 DEBUG [main] o.s.b.f.s.DefaultSingletonBeanRegistry: Creating shared instance of singleton bean 'org.springframework.boot.autoconfigure.context.PropertyPlaceholderAutoConfiguration'
2025-02-01 00:05:24,265 DEBUG [main] o.s.b.f.s.DefaultSingletonBeanRegistry: Creating shared instance of singleton bean 'org.springframework.boot.autoconfigure.ssl.SslAutoConfiguration'
2025-02-01 00:05:24,266 DEBUG [main] o.s.b.f.s.DefaultSingletonBeanRegistry: Creating shared instance of singleton bean 'spring.ssl-org.springframework.boot.autoconfigure.ssl.SslProperties'
2025-02-01 00:05:24,271 DEBUG [main] o.s.b.f.s.ConstructorResolver: Autowiring by type from bean name 'org.springframework.boot.autoconfigure.ssl.SslAutoConfiguration' via constructor to bean named 'spring.ssl-org.springframework.boot.autoconfigure.ssl.SslProperties'
2025-02-01 00:05:24,273 DEBUG [main] o.s.b.f.s.DefaultSingletonBeanRegistry: Creating shared instance of singleton bean 'fileWatcher'
2025-02-01 00:05:24,276 DEBUG [main] o.s.b.f.s.DefaultSingletonBeanRegistry: Creating shared instance of singleton bean 'sslPropertiesSslBundleRegistrar'
2025-02-01 00:05:24,277 DEBUG [main] o.s.b.f.s.ConstructorResolver: Autowiring by type from bean name 'sslPropertiesSslBundleRegistrar' via factory method to bean named 'fileWatcher'
2025-02-01 00:05:24,281 DEBUG [main] o.s.b.f.s.DefaultSingletonBeanRegistry: Creating shared instance of singleton bean 'sslBundleRegistry'
2025-02-01 00:05:24,289 DEBUG [main] o.s.b.f.s.DefaultSingletonBeanRegistry: Creating shared instance of singleton bean 'org.springframework.boot.autoconfigure.websocket.servlet.WebSocketServletAutoConfiguration$TomcatWebSocketConfiguration'
2025-02-01 00:05:24,291 DEBUG [main] o.s.b.f.s.DefaultSingletonBeanRegistry: Creating shared instance of singleton bean 'websocketServletWebServerCustomizer'
2025-02-01 00:05:24,294 DEBUG [main] o.s.b.f.s.DefaultSingletonBeanRegistry: Creating shared instance of singleton bean 'org.springframework.boot.autoconfigure.websocket.servlet.WebSocketServletAutoConfiguration'
2025-02-01 00:05:24,296 DEBUG [main] o.s.b.f.s.DefaultSingletonBeanRegistry: Creating shared instance of singleton bean 'org.springframework.boot.autoconfigure.web.servlet.ServletWebServerFactoryConfiguration$EmbeddedTomcat'
2025-02-01 00:05:24,297 DEBUG [main] o.s.b.f.s.DefaultSingletonBeanRegistry: Creating shared instance of singleton bean 'tomcatServletWebServerFactory'
2025-02-01 00:05:24,370 DEBUG [main] o.s.b.f.s.DefaultSingletonBeanRegistry: Creating shared instance of singleton bean 'servletWebServerFactoryCustomizer'
2025-02-01 00:05:24,371 DEBUG [main] o.s.b.f.s.DefaultSingletonBeanRegistry: Creating shared instance of singleton bean 'org.springframework.boot.autoconfigure.web.servlet.ServletWebServerFactoryAutoConfiguration'
2025-02-01 00:05:24,375 DEBUG [main] o.s.b.f.s.DefaultSingletonBeanRegistry: Creating shared instance of singleton bean 'server-org.springframework.boot.autoconfigure.web.ServerProperties'
2025-02-01 00:05:24,390 DEBUG [main] o.s.b.f.s.ConstructorResolver: Autowiring by type from bean name 'servletWebServerFactoryCustomizer' via factory method to bean named 'server-org.springframework.boot.autoconfigure.web.ServerProperties'
2025-02-01 00:05:24,395 DEBUG [main] o.s.b.f.s.DefaultSingletonBeanRegistry: Creating shared instance of singleton bean 'tomcatServletWebServerFactoryCustomizer'
2025-02-01 00:05:24,397 DEBUG [main] o.s.b.f.s.ConstructorResolver: Autowiring by type from bean name 'tomcatServletWebServerFactoryCustomizer' via factory method to bean named 'server-org.springframework.boot.autoconfigure.web.ServerProperties'
2025-02-01 00:05:24,398 DEBUG [main] o.s.b.f.s.DefaultSingletonBeanRegistry: Creating shared instance of singleton bean 'localeCharsetMappingsCustomizer'
2025-02-01 00:05:24,398 DEBUG [main] o.s.b.f.s.DefaultSingletonBeanRegistry: Creating shared instance of singleton bean 'org.springframework.boot.autoconfigure.web.servlet.HttpEncodingAutoConfiguration'
2025-02-01 00:05:24,399 DEBUG [main] o.s.b.f.s.ConstructorResolver: Autowiring by type from bean name 'org.springframework.boot.autoconfigure.web.servlet.HttpEncodingAutoConfiguration' via constructor to bean named 'server-org.springframework.boot.autoconfigure.web.ServerProperties'
2025-02-01 00:05:24,417 DEBUG [main] o.s.b.f.s.DefaultSingletonBeanRegistry: Creating shared instance of singleton bean 'errorPageCustomizer'
2025-02-01 00:05:24,418 DEBUG [main] o.s.b.f.s.DefaultSingletonBeanRegistry: Creating shared instance of singleton bean 'org.springframework.boot.autoconfigure.web.servlet.error.ErrorMvcAutoConfiguration'
2025-02-01 00:05:24,418 DEBUG [main] o.s.b.f.s.ConstructorResolver: Autowiring by type from bean name 'org.springframework.boot.autoconfigure.web.servlet.error.ErrorMvcAutoConfiguration' via constructor to bean named 'server-org.springframework.boot.autoconfigure.web.ServerProperties'
2025-02-01 00:05:24,420 DEBUG [main] o.s.b.f.s.DefaultSingletonBeanRegistry: Creating shared instance of singleton bean 'dispatcherServletRegistration'
2025-02-01 00:05:24,421 DEBUG [main] o.s.b.f.s.DefaultSingletonBeanRegistry: Creating shared instance of singleton bean 'org.springframework.boot.autoconfigure.web.servlet.DispatcherServletAutoConfiguration$DispatcherServletRegistrationConfiguration'
2025-02-01 00:05:24,422 DEBUG [main] o.s.b.f.s.DefaultSingletonBeanRegistry: Creating shared instance of singleton bean 'dispatcherServlet'
2025-02-01 00:05:24,422 DEBUG [main] o.s.b.f.s.DefaultSingletonBeanRegistry: Creating shared instance of singleton bean 'org.springframework.boot.autoconfigure.web.servlet.DispatcherServletAutoConfiguration$DispatcherServletConfiguration'
2025-02-01 00:05:24,425 DEBUG [main] o.s.b.f.s.ConstructorResolver: Autowiring by type from bean name 'dispatcherServlet' via factory method to bean named 'spring.mvc-org.springframework.boot.autoconfigure.web.servlet.WebMvcProperties'
2025-02-01 00:05:24,443 DEBUG [main] o.s.b.f.s.ConstructorResolver: Autowiring by type from bean name 'dispatcherServletRegistration' via factory method to bean named 'dispatcherServlet'
2025-02-01 00:05:24,443 DEBUG [main] o.s.b.f.s.ConstructorResolver: Autowiring by type from bean name 'dispatcherServletRegistration' via factory method to bean named 'spring.mvc-org.springframework.boot.autoconfigure.web.servlet.WebMvcProperties'
2025-02-01 00:05:24,450 DEBUG [main] o.s.b.f.s.DefaultSingletonBeanRegistry: Creating shared instance of singleton bean 'multipartConfigElement'
2025-02-01 00:05:24,450 DEBUG [main] o.s.b.f.s.DefaultSingletonBeanRegistry: Creating shared instance of singleton bean 'org.springframework.boot.autoconfigure.web.servlet.MultipartAutoConfiguration'
2025-02-01 00:05:24,452 DEBUG [main] o.s.b.f.s.DefaultSingletonBeanRegistry: Creating shared instance of singleton bean 'spring.servlet.multipart-org.springframework.boot.autoconfigure.web.servlet.MultipartProperties'
2025-02-01 00:05:24,459 DEBUG [main] o.s.b.f.s.ConstructorResolver: Autowiring by type from bean name 'org.springframework.boot.autoconfigure.web.servlet.MultipartAutoConfiguration' via constructor to bean named 'spring.servlet.multipart-org.springframework.boot.autoconfigure.web.servlet.MultipartProperties'
2025-02-01 00:05:24,483 DEBUG [main] o.s.b.f.s.ConstructorResolver: Autowiring by type from bean name 'errorPageCustomizer' via factory method to bean named 'dispatcherServletRegistration'
2025-02-01 00:05:24,493 DEBUG [main] o.s.b.f.s.DefaultSingletonBeanRegistry: Creating shared instance of singleton bean 'org.springframework.boot.autoconfigure.web.servlet.DispatcherServletAutoConfiguration'
2025-02-01 00:05:24,495 DEBUG [main] o.s.b.f.s.DefaultSingletonBeanRegistry: Creating shared instance of singleton bean 'org.springframework.boot.autoconfigure.task.TaskExecutorConfigurations$ThreadPoolTaskExecutorBuilderConfiguration'
2025-02-01 00:05:24,496 DEBUG [main] o.s.b.f.s.DefaultSingletonBeanRegistry: Creating shared instance of singleton bean 'threadPoolTaskExecutorBuilder'
2025-02-01 00:05:24,498 DEBUG [main] o.s.b.f.s.DefaultSingletonBeanRegistry: Creating shared instance of singleton bean 'spring.task.execution-org.springframework.boot.autoconfigure.task.TaskExecutionProperties'
2025-02-01 00:05:24,503 DEBUG [main] o.s.b.f.s.ConstructorResolver: Autowiring by type from bean name 'threadPoolTaskExecutorBuilder' via factory method to bean named 'spring.task.execution-org.springframework.boot.autoconfigure.task.TaskExecutionProperties'
2025-02-01 00:05:24,510 DEBUG [main] o.s.b.f.s.DefaultSingletonBeanRegistry: Creating shared instance of singleton bean 'org.springframework.boot.autoconfigure.task.TaskExecutorConfigurations$TaskExecutorBuilderConfiguration'
2025-02-01 00:05:24,512 DEBUG [main] o.s.b.f.s.DefaultSingletonBeanRegistry: Creating shared instance of singleton bean 'taskExecutorBuilder'
2025-02-01 00:05:24,514 DEBUG [main] o.s.b.f.s.ConstructorResolver: Autowiring by type from bean name 'taskExecutorBuilder' via factory method to bean named 'spring.task.execution-org.springframework.boot.autoconfigure.task.TaskExecutionProperties'
2025-02-01 00:05:24,519 DEBUG [main] o.s.b.f.s.DefaultSingletonBeanRegistry: Creating shared instance of singleton bean 'org.springframework.boot.autoconfigure.task.TaskExecutorConfigurations$SimpleAsyncTaskExecutorBuilderConfiguration'
2025-02-01 00:05:24,521 DEBUG [main] o.s.b.f.s.ConstructorResolver: Autowiring by type from bean name 'org.springframework.boot.autoconfigure.task.TaskExecutorConfigurations$SimpleAsyncTaskExecutorBuilderConfiguration' via constructor to bean named 'spring.task.execution-org.springframework.boot.autoconfigure.task.TaskExecutionProperties'
2025-02-01 00:05:24,523 DEBUG [main] o.s.b.f.s.DefaultSingletonBeanRegistry: Creating shared instance of singleton bean 'simpleAsyncTaskExecutorBuilder'
2025-02-01 00:05:24,529 DEBUG [main] o.s.b.f.s.DefaultSingletonBeanRegistry: Creating shared instance of singleton bean 'org.springframework.boot.autoconfigure.task.TaskExecutorConfigurations$TaskExecutorConfiguration'
2025-02-01 00:05:24,531 DEBUG [main] o.s.b.f.s.DefaultSingletonBeanRegistry: Creating shared instance of singleton bean 'org.springframework.boot.autoconfigure.task.TaskExecutionAutoConfiguration'
2025-02-01 00:05:24,532 DEBUG [main] o.s.b.f.s.DefaultSingletonBeanRegistry: Creating shared instance of singleton bean 'org.springframework.boot.autoconfigure.validation.ValidationAutoConfiguration'
2025-02-01 00:05:24,535 DEBUG [main] o.s.b.f.s.DefaultSingletonBeanRegistry: Creating shared instance of singleton bean 'defaultValidator'
2025-02-01 00:05:24,536 DEBUG [main] o.s.b.f.s.ConstructorResolver: Autowiring by type from bean name 'defaultValidator' via factory method to bean named 'org.springframework.web.context.support.GenericWebApplicationContext@7004e3d'
2025-02-01 00:05:24,560 DEBUG [main] o.s.b.f.s.DefaultSingletonBeanRegistry: Creating shared instance of singleton bean 'org.springframework.boot.autoconfigure.web.servlet.error.ErrorMvcAutoConfiguration$WhitelabelErrorViewConfiguration'
2025-02-01 00:05:24,566 DEBUG [main] o.s.b.f.s.DefaultSingletonBeanRegistry: Creating shared instance of singleton bean 'error'
2025-02-01 00:05:24,570 DEBUG [main] o.s.b.f.s.DefaultSingletonBeanRegistry: Creating shared instance of singleton bean 'beanNameViewResolver'
2025-02-01 00:05:24,576 DEBUG [main] o.s.b.f.s.DefaultSingletonBeanRegistry: Creating shared instance of singleton bean 'org.springframework.boot.autoconfigure.web.servlet.error.ErrorMvcAutoConfiguration$DefaultErrorViewResolverConfiguration'
2025-02-01 00:05:24,576 DEBUG [main] o.s.b.f.s.ConstructorResolver: Autowiring by type from bean name 'org.springframework.boot.autoconfigure.web.servlet.error.ErrorMvcAutoConfiguration$DefaultErrorViewResolverConfiguration' via constructor to bean named 'org.springframework.web.context.support.GenericWebApplicationContext@7004e3d'
2025-02-01 00:05:24,578 DEBUG [main] o.s.b.f.s.ConstructorResolver: Autowiring by type from bean name 'org.springframework.boot.autoconfigure.web.servlet.error.ErrorMvcAutoConfiguration$DefaultErrorViewResolverConfiguration' via constructor to bean named 'spring.web-org.springframework.boot.autoconfigure.web.WebProperties'
2025-02-01 00:05:24,578 DEBUG [main] o.s.b.f.s.DefaultSingletonBeanRegistry: Creating shared instance of singleton bean 'conventionErrorViewResolver'
2025-02-01 00:05:24,580 DEBUG [main] o.s.b.f.s.DefaultSingletonBeanRegistry: Creating shared instance of singleton bean 'errorAttributes'
2025-02-01 00:05:24,581 DEBUG [main] o.s.b.f.s.DefaultSingletonBeanRegistry: Creating shared instance of singleton bean 'basicErrorController'
2025-02-01 00:05:24,582 DEBUG [main] o.s.b.f.s.ConstructorResolver: Autowiring by type from bean name 'basicErrorController' via factory method to bean named 'errorAttributes'
2025-02-01 00:05:24,585 DEBUG [main] o.s.b.f.s.DefaultSingletonBeanRegistry: Creating shared instance of singleton bean 'localeResolver'
2025-02-01 00:05:24,588 DEBUG [main] o.s.b.f.s.DefaultSingletonBeanRegistry: Creating shared instance of singleton bean 'themeResolver'
2025-02-01 00:05:24,590 DEBUG [main] o.s.b.f.s.DefaultSingletonBeanRegistry: Creating shared instance of singleton bean 'flashMapManager'
2025-02-01 00:05:24,595 DEBUG [main] o.s.b.f.s.DefaultSingletonBeanRegistry: Creating shared instance of singleton bean 'mvcValidator'
2025-02-01 00:05:24,598 DEBUG [main] o.s.b.f.s.DefaultSingletonBeanRegistry: Creating shared instance of singleton bean 'mvcPatternParser'
2025-02-01 00:05:24,601 DEBUG [main] o.s.b.f.s.DefaultSingletonBeanRegistry: Creating shared instance of singleton bean 'mvcUrlPathHelper'
2025-02-01 00:05:24,603 DEBUG [main] o.s.b.f.s.DefaultSingletonBeanRegistry: Creating shared instance of singleton bean 'mvcPathMatcher'
2025-02-01 00:05:24,606 DEBUG [main] o.s.b.f.s.DefaultSingletonBeanRegistry: Creating shared instance of singleton bean 'requestMappingHandlerAdapter'
2025-02-01 00:05:24,608 DEBUG [main] o.s.b.f.s.ConstructorResolver: Autowiring by type from bean name 'requestMappingHandlerAdapter' via factory method to bean named 'mvcContentNegotiationManager'
2025-02-01 00:05:24,608 DEBUG [main] o.s.b.f.s.ConstructorResolver: Autowiring by type from bean name 'requestMappingHandlerAdapter' via factory method to bean named 'mvcConversionService'
2025-02-01 00:05:24,610 DEBUG [main] o.s.b.f.s.ConstructorResolver: Autowiring by type from bean name 'requestMappingHandlerAdapter' via factory method to bean named 'mvcValidator'
2025-02-01 00:05:24,625 DEBUG [main] o.s.b.f.s.DefaultSingletonBeanRegistry: Creating shared instance of singleton bean 'sortResolver'
2025-02-01 00:05:24,627 DEBUG [main] o.s.b.f.s.DefaultSingletonBeanRegistry: Creating shared instance of singleton bean 'sortCustomizer'
2025-02-01 00:05:24,628 DEBUG [main] o.s.b.f.s.DefaultSingletonBeanRegistry: Creating shared instance of singleton bean 'org.springframework.boot.autoconfigure.data.web.SpringDataWebAutoConfiguration'
2025-02-01 00:05:24,629 DEBUG [main] o.s.b.f.s.DefaultSingletonBeanRegistry: Creating shared instance of singleton bean 'spring.data.web-org.springframework.boot.autoconfigure.data.web.SpringDataWebProperties'
2025-02-01 00:05:24,631 DEBUG [main] o.s.b.f.s.ConstructorResolver: Autowiring by type from bean name 'org.springframework.boot.autoconfigure.data.web.SpringDataWebAutoConfiguration' via constructor to bean named 'spring.data.web-org.springframework.boot.autoconfigure.data.web.SpringDataWebProperties'
2025-02-01 00:05:24,639 DEBUG [main] o.s.b.f.s.DefaultSingletonBeanRegistry: Creating shared instance of singleton bean 'pageableResolver'
2025-02-01 00:05:24,642 DEBUG [main] o.s.b.f.s.DefaultSingletonBeanRegistry: Creating shared instance of singleton bean 'pageableCustomizer'
2025-02-01 00:05:24,653 DEBUG [main] o.s.b.f.s.DefaultSingletonBeanRegistry: Creating shared instance of singleton bean 'applicationTaskExecutor'
2025-02-01 00:05:24,655 DEBUG [main] o.s.b.f.s.ConstructorResolver: Autowiring by type from bean name 'applicationTaskExecutor' via factory method to bean named 'taskExecutorBuilder'
2025-02-01 00:05:24,664 DEBUG [main] o.s.s.c.ExecutorConfigurationSupport: Initializing ExecutorService 'applicationTaskExecutor'
2025-02-01 00:05:24,689 DEBUG [main] o.s.w.s.m.m.a.RequestMappingHandlerAdapter: ControllerAdvice beans: 0 @ModelAttribute, 0 @InitBinder, 1 RequestBodyAdvice, 1 ResponseBodyAdvice
2025-02-01 00:05:24,726 DEBUG [main] o.s.b.f.s.DefaultSingletonBeanRegistry: Creating shared instance of singleton bean 'handlerFunctionAdapter'
2025-02-01 00:05:24,727 DEBUG [main] o.s.b.f.s.DefaultSingletonBeanRegistry: Creating shared instance of singleton bean 'mvcUriComponentsContributor'
2025-02-01 00:05:24,729 DEBUG [main] o.s.b.f.s.ConstructorResolver: Autowiring by type from bean name 'mvcUriComponentsContributor' via factory method to bean named 'mvcConversionService'
2025-02-01 00:05:24,730 DEBUG [main] o.s.b.f.s.ConstructorResolver: Autowiring by type from bean name 'mvcUriComponentsContributor' via factory method to bean named 'requestMappingHandlerAdapter'
2025-02-01 00:05:24,732 DEBUG [main] o.s.b.f.s.DefaultSingletonBeanRegistry: Creating shared instance of singleton bean 'httpRequestHandlerAdapter'
2025-02-01 00:05:24,734 DEBUG [main] o.s.b.f.s.DefaultSingletonBeanRegistry: Creating shared instance of singleton bean 'simpleControllerHandlerAdapter'
2025-02-01 00:05:24,735 DEBUG [main] o.s.b.f.s.DefaultSingletonBeanRegistry: Creating shared instance of singleton bean 'handlerExceptionResolver'
2025-02-01 00:05:24,735 DEBUG [main] o.s.b.f.s.ConstructorResolver: Autowiring by type from bean name 'handlerExceptionResolver' via factory method to bean named 'mvcContentNegotiationManager'
2025-02-01 00:05:24,742 DEBUG [main] o.s.w.s.m.m.a.ExceptionHandlerExceptionResolver: ControllerAdvice beans: 1 @ExceptionHandler, 1 ResponseBodyAdvice
2025-02-01 00:05:24,744 DEBUG [main] o.s.b.f.s.DefaultSingletonBeanRegistry: Creating shared instance of singleton bean 'mvcViewResolver'
2025-02-01 00:05:24,745 DEBUG [main] o.s.b.f.s.ConstructorResolver: Autowiring by type from bean name 'mvcViewResolver' via factory method to bean named 'mvcContentNegotiationManager'
2025-02-01 00:05:24,749 DEBUG [main] o.s.b.f.s.DefaultSingletonBeanRegistry: Creating shared instance of singleton bean 'viewNameTranslator'
2025-02-01 00:05:24,751 DEBUG [main] o.s.b.f.s.DefaultSingletonBeanRegistry: Creating shared instance of singleton bean 'defaultViewResolver'
2025-02-01 00:05:24,758 DEBUG [main] o.s.b.f.s.DefaultSingletonBeanRegistry: Creating shared instance of singleton bean 'viewResolver'
2025-02-01 00:05:24,759 DEBUG [main] o.s.b.f.s.ConstructorResolver: Autowiring by type from bean name 'viewResolver' via factory method to bean named 'org.springframework.beans.factory.support.DefaultListableBeanFactory@796065aa'
2025-02-01 00:05:24,763 DEBUG [main] o.s.b.f.s.DefaultSingletonBeanRegistry: Creating shared instance of singleton bean 'viewResolver'
2025-02-01 00:05:24,767 DEBUG [main] o.s.b.f.s.DefaultSingletonBeanRegistry: Creating shared instance of singleton bean 'requestContextFilter'
2025-02-01 00:05:24,768 DEBUG [main] o.s.b.f.s.DefaultSingletonBeanRegistry: Creating shared instance of singleton bean 'org.springframework.boot.autoconfigure.web.servlet.WebMvcAutoConfiguration'
2025-02-01 00:05:24,768 DEBUG [main] o.s.b.f.s.DefaultSingletonBeanRegistry: Creating shared instance of singleton bean 'formContentFilter'
2025-02-01 00:05:24,772 DEBUG [main] o.s.b.f.s.DefaultSingletonBeanRegistry: Creating shared instance of singleton bean 'org.springframework.boot.autoconfigure.aop.AopAutoConfiguration$AspectJAutoProxyingConfiguration$CglibAutoProxyConfiguration'
2025-02-01 00:05:24,773 DEBUG [main] o.s.b.f.s.DefaultSingletonBeanRegistry: Creating shared instance of singleton bean 'org.springframework.boot.autoconfigure.aop.AopAutoConfiguration$AspectJAutoProxyingConfiguration'
2025-02-01 00:05:24,774 DEBUG [main] o.s.b.f.s.DefaultSingletonBeanRegistry: Creating shared instance of singleton bean 'org.springframework.boot.autoconfigure.aop.AopAutoConfiguration'
2025-02-01 00:05:24,775 DEBUG [main] o.s.b.f.s.DefaultSingletonBeanRegistry: Creating shared instance of singleton bean 'org.springframework.boot.autoconfigure.availability.ApplicationAvailabilityAutoConfiguration'
2025-02-01 00:05:24,776 DEBUG [main] o.s.b.f.s.DefaultSingletonBeanRegistry: Creating shared instance of singleton bean 'applicationAvailability'
2025-02-01 00:05:24,778 DEBUG [main] o.s.b.f.s.DefaultSingletonBeanRegistry: Creating shared instance of singleton bean 'org.springframework.boot.autoconfigure.transaction.jta.JtaAutoConfiguration'
2025-02-01 00:05:24,779 DEBUG [main] o.s.b.f.s.DefaultSingletonBeanRegistry: Creating shared instance of singleton bean 'org.springframework.boot.autoconfigure.jdbc.metadata.DataSourcePoolMetadataProvidersConfiguration'
2025-02-01 00:05:24,779 DEBUG [main] o.s.b.f.s.DefaultSingletonBeanRegistry: Creating shared instance of singleton bean 'org.springframework.boot.autoconfigure.jdbc.DataSourceAutoConfiguration'
2025-02-01 00:05:24,780 DEBUG [main] o.s.b.f.s.DefaultSingletonBeanRegistry: Creating shared instance of singleton bean 'org.springframework.boot.autoconfigure.transaction.TransactionManagerCustomizationAutoConfiguration'
2025-02-01 00:05:24,781 DEBUG [main] o.s.b.f.s.DefaultSingletonBeanRegistry: Creating shared instance of singleton bean 'platformTransactionManagerCustomizers'
2025-02-01 00:05:24,783 DEBUG [main] o.s.b.f.s.DefaultSingletonBeanRegistry: Creating shared instance of singleton bean 'transactionExecutionListeners'
2025-02-01 00:05:24,785 DEBUG [main] o.s.b.f.s.DefaultSingletonBeanRegistry: Creating shared instance of singleton bean 'spring.transaction-org.springframework.boot.autoconfigure.transaction.TransactionProperties'
2025-02-01 00:05:24,789 DEBUG [main] o.s.b.f.s.DefaultSingletonBeanRegistry: Creating shared instance of singleton bean 'org.springframework.boot.autoconfigure.orm.jpa.JpaBaseConfiguration$PersistenceManagedTypesConfiguration'
2025-02-01 00:05:24,791 DEBUG [main] o.s.b.f.s.DefaultSingletonBeanRegistry: Creating shared instance of singleton bean 'transactionManager'
2025-02-01 00:05:24,803 DEBUG [main] o.s.b.f.s.DefaultSingletonBeanRegistry: Creating shared instance of singleton bean 'org.springframework.boot.autoconfigure.orm.jpa.HibernateJpaAutoConfiguration'
2025-02-01 00:05:24,805 DEBUG [main] o.s.b.f.s.DefaultSingletonBeanRegistry: Creating shared instance of singleton bean 'org.springframework.boot.autoconfigure.context.ConfigurationPropertiesAutoConfiguration'
2025-02-01 00:05:24,807 DEBUG [main] o.s.b.f.s.DefaultSingletonBeanRegistry: Creating shared instance of singleton bean 'org.springframework.boot.autoconfigure.context.LifecycleAutoConfiguration'
2025-02-01 00:05:24,818 DEBUG [main] o.s.b.f.s.DefaultSingletonBeanRegistry: Creating shared instance of singleton bean 'lifecycleProcessor'
2025-02-01 00:05:24,822 DEBUG [main] o.s.b.f.s.DefaultSingletonBeanRegistry: Creating shared instance of singleton bean 'spring.lifecycle-org.springframework.boot.autoconfigure.context.LifecycleProperties'
2025-02-01 00:05:24,828 DEBUG [main] o.s.b.f.s.ConstructorResolver: Autowiring by type from bean name 'lifecycleProcessor' via factory method to bean named 'spring.lifecycle-org.springframework.boot.autoconfigure.context.LifecycleProperties'
2025-02-01 00:05:24,833 DEBUG [main] o.s.b.f.s.DefaultSingletonBeanRegistry: Creating shared instance of singleton bean 'org.springframework.boot.autoconfigure.dao.PersistenceExceptionTranslationAutoConfiguration'
2025-02-01 00:05:24,834 DEBUG [main] o.s.b.f.s.DefaultSingletonBeanRegistry: Creating shared instance of singleton bean 'org.springframework.boot.autoconfigure.data.jpa.JpaRepositoriesAutoConfiguration'
2025-02-01 00:05:24,835 DEBUG [main] o.s.b.f.s.DefaultSingletonBeanRegistry: Creating shared instance of singleton bean 'org.springframework.data.jpa.util.JpaMetamodelCacheCleanup'
2025-02-01 00:05:24,836 DEBUG [main] o.s.b.f.s.DefaultSingletonBeanRegistry: Creating shared instance of singleton bean 'org.springframework.data.jpa.repository.support.JpaEvaluationContextExtension'
2025-02-01 00:05:24,837 DEBUG [main] o.s.b.f.s.DefaultSingletonBeanRegistry: Creating shared instance of singleton bean 'data-jpa.repository-aot-processor#0'
2025-02-01 00:05:24,845 DEBUG [main] o.s.b.f.s.DefaultSingletonBeanRegistry: Creating shared instance of singleton bean 'org.springframework.boot.autoconfigure.gson.GsonAutoConfiguration'
2025-02-01 00:05:24,846 DEBUG [main] o.s.b.f.s.DefaultSingletonBeanRegistry: Creating shared instance of singleton bean 'gsonBuilder'
2025-02-01 00:05:24,848 DEBUG [main] o.s.b.f.s.DefaultSingletonBeanRegistry: Creating shared instance of singleton bean 'standardGsonBuilderCustomizer'
2025-02-01 00:05:24,848 DEBUG [main] o.s.b.f.s.DefaultSingletonBeanRegistry: Creating shared instance of singleton bean 'spring.gson-org.springframework.boot.autoconfigure.gson.GsonProperties'
2025-02-01 00:05:24,853 DEBUG [main] o.s.b.f.s.ConstructorResolver: Autowiring by type from bean name 'standardGsonBuilderCustomizer' via factory method to bean named 'spring.gson-org.springframework.boot.autoconfigure.gson.GsonProperties'
2025-02-01 00:05:24,853 DEBUG [main] o.s.b.f.s.ConstructorResolver: Autowiring by type from bean name 'gsonBuilder' via factory method to bean named 'standardGsonBuilderCustomizer'
2025-02-01 00:05:24,871 DEBUG [main] o.s.b.f.s.DefaultSingletonBeanRegistry: Creating shared instance of singleton bean 'gson'
2025-02-01 00:05:24,871 DEBUG [main] o.s.b.f.s.ConstructorResolver: Autowiring by type from bean name 'gson' via factory method to bean named 'gsonBuilder'
2025-02-01 00:05:24,903 DEBUG [main] o.s.b.f.s.DefaultSingletonBeanRegistry: Creating shared instance of singleton bean 'org.springframework.boot.autoconfigure.http.JacksonHttpMessageConvertersConfiguration'
2025-02-01 00:05:24,904 DEBUG [main] o.s.b.f.s.DefaultSingletonBeanRegistry: Creating shared instance of singleton bean 'org.springframework.boot.autoconfigure.http.GsonHttpMessageConvertersConfiguration'
2025-02-01 00:05:24,905 DEBUG [main] o.s.b.f.s.DefaultSingletonBeanRegistry: Creating shared instance of singleton bean 'org.springframework.data.web.config.ProjectingArgumentResolverRegistrar'
2025-02-01 00:05:24,906 DEBUG [main] o.s.b.f.s.DefaultSingletonBeanRegistry: Creating shared instance of singleton bean 'offsetResolver'
2025-02-01 00:05:24,908 DEBUG [main] o.s.b.f.s.DefaultSingletonBeanRegistry: Creating shared instance of singleton bean 'org.springframework.boot.autoconfigure.jdbc.JdbcTemplateConfiguration'
2025-02-01 00:05:24,910 DEBUG [main] o.s.b.f.s.DefaultSingletonBeanRegistry: Creating shared instance of singleton bean 'jdbcTemplate'
2025-02-01 00:05:24,912 DEBUG [main] o.s.b.f.s.DefaultSingletonBeanRegistry: Creating shared instance of singleton bean 'spring.jdbc-org.springframework.boot.autoconfigure.jdbc.JdbcProperties'
2025-02-01 00:05:24,914 DEBUG [main] o.s.b.f.s.ConstructorResolver: Autowiring by type from bean name 'jdbcTemplate' via factory method to bean named 'dataSource'
2025-02-01 00:05:24,914 DEBUG [main] o.s.b.f.s.ConstructorResolver: Autowiring by type from bean name 'jdbcTemplate' via factory method to bean named 'spring.jdbc-org.springframework.boot.autoconfigure.jdbc.JdbcProperties'
2025-02-01 00:05:24,950 DEBUG [main] o.s.b.f.s.DefaultSingletonBeanRegistry: Creating shared instance of singleton bean 'org.springframework.boot.autoconfigure.jdbc.NamedParameterJdbcTemplateConfiguration'
2025-02-01 00:05:24,952 DEBUG [main] o.s.b.f.s.DefaultSingletonBeanRegistry: Creating shared instance of singleton bean 'namedParameterJdbcTemplate'
2025-02-01 00:05:24,953 DEBUG [main] o.s.b.f.s.ConstructorResolver: Autowiring by type from bean name 'namedParameterJdbcTemplate' via factory method to bean named 'jdbcTemplate'
2025-02-01 00:05:24,960 DEBUG [main] o.s.b.f.s.DefaultSingletonBeanRegistry: Creating shared instance of singleton bean 'org.springframework.boot.autoconfigure.jdbc.JdbcTemplateAutoConfiguration'
2025-02-01 00:05:24,962 DEBUG [main] o.s.b.f.s.DefaultSingletonBeanRegistry: Creating shared instance of singleton bean 'flywayDefaultDdlModeProvider'
2025-02-01 00:05:24,964 DEBUG [main] o.s.b.f.s.DefaultSingletonBeanRegistry: Creating shared instance of singleton bean 'org.springframework.boot.autoconfigure.h2.H2ConsoleAutoConfiguration'
2025-02-01 00:05:24,966 DEBUG [main] o.s.b.f.s.DefaultSingletonBeanRegistry: Creating shared instance of singleton bean 'h2Console'
2025-02-01 00:05:24,966 DEBUG [main] o.s.b.f.s.DefaultSingletonBeanRegistry: Creating shared instance of singleton bean 'spring.h2.console-org.springframework.boot.autoconfigure.h2.H2ConsoleProperties'
2025-02-01 00:05:24,971 DEBUG [main] o.s.b.f.s.ConstructorResolver: Autowiring by type from bean name 'h2Console' via factory method to bean named 'spring.h2.console-org.springframework.boot.autoconfigure.h2.H2ConsoleProperties'
2025-02-01 00:05:24,973 INFO  [main] o.s.b.a.h.H2ConsoleAutoConfiguration: H2 console available at '/h2-console'. Database available at 'jdbc:h2:mem:blogdb'
2025-02-01 00:05:24,974 DEBUG [main] o.s.b.f.s.DefaultSingletonBeanRegistry: Creating shared instance of singleton bean 'org.springframework.boot.autoconfigure.info.ProjectInfoAutoConfiguration'
2025-02-01 00:05:24,976 DEBUG [main] o.s.b.f.s.DefaultSingletonBeanRegistry: Creating shared instance of singleton bean 'spring.info-org.springframework.boot.autoconfigure.info.ProjectInfoProperties'
2025-02-01 00:05:24,979 DEBUG [main] o.s.b.f.s.ConstructorResolver: Autowiring by type from bean name 'org.springframework.boot.autoconfigure.info.ProjectInfoAutoConfiguration' via constructor to bean named 'spring.info-org.springframework.boot.autoconfigure.info.ProjectInfoProperties'
2025-02-01 00:05:24,980 DEBUG [main] o.s.b.f.s.DefaultSingletonBeanRegistry: Creating shared instance of singleton bean 'org.springframework.boot.autoconfigure.jdbc.JdbcClientAutoConfiguration'
2025-02-01 00:05:24,981 DEBUG [main] o.s.b.f.s.DefaultSingletonBeanRegistry: Creating shared instance of singleton bean 'jdbcClient'
2025-02-01 00:05:24,982 DEBUG [main] o.s.b.f.s.ConstructorResolver: Autowiring by type from bean name 'jdbcClient' via factory method to bean named 'namedParameterJdbcTemplate'
2025-02-01 00:05:24,985 DEBUG [main] o.s.b.f.s.DefaultSingletonBeanRegistry: Creating shared instance of singleton bean 'org.springframework.security.config.annotation.web.configuration.WebSecurityConfiguration'
2025-02-01 00:05:24,998 DEBUG [main] o.s.b.f.s.DefaultSingletonBeanRegistry: Creating shared instance of singleton bean 'mvcHandlerMappingIntrospectorRequestTransformer'
2025-02-01 00:05:25,008 DEBUG [main] o.s.b.f.s.DefaultSingletonBeanRegistry: Creating shared instance of singleton bean 'delegatingApplicationListener'
2025-02-01 00:05:25,009 DEBUG [main] o.s.b.f.s.DefaultSingletonBeanRegistry: Creating shared instance of singleton bean 'springSecurityFilterChain'
2025-02-01 00:05:25,026 DEBUG [main] o.s.b.f.s.DefaultSingletonBeanRegistry: Creating shared instance of singleton bean 'webSecurityExpressionHandler'
2025-02-01 00:05:25,026 DEBUG [main] o.s.b.f.s.DefaultSingletonBeanRegistry: Creating shared instance of singleton bean 'privilegeEvaluator'
2025-02-01 00:05:25,028 DEBUG [main] o.s.b.f.s.DefaultSingletonBeanRegistry: Creating shared instance of singleton bean 'requestDataValueProcessor'
2025-02-01 00:05:25,030 DEBUG [main] o.s.b.f.s.DefaultSingletonBeanRegistry: Creating shared instance of singleton bean 'org.springframework.boot.autoconfigure.security.servlet.SpringBootWebSecurityConfiguration'
2025-02-01 00:05:25,030 DEBUG [main] o.s.b.f.s.DefaultSingletonBeanRegistry: Creating shared instance of singleton bean 'spring.security-org.springframework.boot.autoconfigure.security.SecurityProperties'
2025-02-01 00:05:25,034 DEBUG [main] o.s.b.f.s.DefaultSingletonBeanRegistry: Creating shared instance of singleton bean 'org.springframework.boot.autoconfigure.security.servlet.SecurityFilterAutoConfiguration'
2025-02-01 00:05:25,036 DEBUG [main] o.s.b.f.s.DefaultSingletonBeanRegistry: Creating shared instance of singleton bean 'securityFilterChainRegistration'
2025-02-01 00:05:25,037 DEBUG [main] o.s.b.f.s.ConstructorResolver: Autowiring by type from bean name 'securityFilterChainRegistration' via factory method to bean named 'spring.security-org.springframework.boot.autoconfigure.security.SecurityProperties'
2025-02-01 00:05:25,042 DEBUG [main] o.s.b.f.s.DefaultSingletonBeanRegistry: Creating shared instance of singleton bean 'org.springframework.boot.autoconfigure.sql.init.SqlInitializationAutoConfiguration'
2025-02-01 00:05:25,043 DEBUG [main] o.s.b.f.s.DefaultSingletonBeanRegistry: Creating shared instance of singleton bean 'org.springframework.boot.autoconfigure.task.TaskSchedulingConfigurations$ThreadPoolTaskSchedulerBuilderConfiguration'
2025-02-01 00:05:25,044 DEBUG [main] o.s.b.f.s.DefaultSingletonBeanRegistry: Creating shared instance of singleton bean 'threadPoolTaskSchedulerBuilder'
2025-02-01 00:05:25,046 DEBUG [main] o.s.b.f.s.DefaultSingletonBeanRegistry: Creating shared instance of singleton bean 'spring.task.scheduling-org.springframework.boot.autoconfigure.task.TaskSchedulingProperties'
2025-02-01 00:05:25,048 DEBUG [main] o.s.b.f.s.ConstructorResolver: Autowiring by type from bean name 'threadPoolTaskSchedulerBuilder' via factory method to bean named 'spring.task.scheduling-org.springframework.boot.autoconfigure.task.TaskSchedulingProperties'
2025-02-01 00:05:25,052 DEBUG [main] o.s.b.f.s.DefaultSingletonBeanRegistry: Creating shared instance of singleton bean 'org.springframework.boot.autoconfigure.task.TaskSchedulingConfigurations$TaskSchedulerBuilderConfiguration'
2025-02-01 00:05:25,053 DEBUG [main] o.s.b.f.s.DefaultSingletonBeanRegistry: Creating shared instance of singleton bean 'taskSchedulerBuilder'
2025-02-01 00:05:25,055 DEBUG [main] o.s.b.f.s.ConstructorResolver: Autowiring by type from bean name 'taskSchedulerBuilder' via factory method to bean named 'spring.task.scheduling-org.springframework.boot.autoconfigure.task.TaskSchedulingProperties'
2025-02-01 00:05:25,058 DEBUG [main] o.s.b.f.s.DefaultSingletonBeanRegistry: Creating shared instance of singleton bean 'org.springframework.boot.autoconfigure.task.TaskSchedulingConfigurations$SimpleAsyncTaskSchedulerBuilderConfiguration'
2025-02-01 00:05:25,063 DEBUG [main] o.s.b.f.s.ConstructorResolver: Autowiring by type from bean name 'org.springframework.boot.autoconfigure.task.TaskSchedulingConfigurations$SimpleAsyncTaskSchedulerBuilderConfiguration' via constructor to bean named 'spring.task.scheduling-org.springframework.boot.autoconfigure.task.TaskSchedulingProperties'
2025-02-01 00:05:25,066 DEBUG [main] o.s.b.f.s.DefaultSingletonBeanRegistry: Creating shared instance of singleton bean 'simpleAsyncTaskSchedulerBuilder'
2025-02-01 00:05:25,078 DEBUG [main] o.s.b.f.s.DefaultSingletonBeanRegistry: Creating shared instance of singleton bean 'org.springframework.boot.autoconfigure.task.TaskSchedulingAutoConfiguration'
2025-02-01 00:05:25,079 DEBUG [main] o.s.b.f.s.DefaultSingletonBeanRegistry: Creating shared instance of singleton bean 'org.springframework.boot.autoconfigure.jdbc.DataSourceTransactionManagerAutoConfiguration$JdbcTransactionManagerConfiguration'
2025-02-01 00:05:25,080 DEBUG [main] o.s.b.f.s.DefaultSingletonBeanRegistry: Creating shared instance of singleton bean 'org.springframework.boot.autoconfigure.jdbc.DataSourceTransactionManagerAutoConfiguration'
2025-02-01 00:05:25,081 DEBUG [main] o.s.b.f.s.DefaultSingletonBeanRegistry: Creating shared instance of singleton bean 'org.springframework.boot.autoconfigure.transaction.TransactionAutoConfiguration$EnableTransactionManagementConfiguration$CglibAutoProxyConfiguration'
2025-02-01 00:05:25,082 DEBUG [main] o.s.b.f.s.DefaultSingletonBeanRegistry: Creating shared instance of singleton bean 'org.springframework.boot.autoconfigure.transaction.TransactionAutoConfiguration$EnableTransactionManagementConfiguration'
2025-02-01 00:05:25,082 DEBUG [main] o.s.b.f.s.DefaultSingletonBeanRegistry: Creating shared instance of singleton bean 'org.springframework.boot.autoconfigure.transaction.TransactionAutoConfiguration$TransactionTemplateConfiguration'
2025-02-01 00:05:25,083 DEBUG [main] o.s.b.f.s.DefaultSingletonBeanRegistry: Creating shared instance of singleton bean 'transactionTemplate'
2025-02-01 00:05:25,085 DEBUG [main] o.s.b.f.s.ConstructorResolver: Autowiring by type from bean name 'transactionTemplate' via factory method to bean named 'transactionManager'
2025-02-01 00:05:25,087 DEBUG [main] o.s.b.f.s.DefaultSingletonBeanRegistry: Creating shared instance of singleton bean 'org.springframework.boot.autoconfigure.transaction.TransactionAutoConfiguration'
2025-02-01 00:05:25,088 DEBUG [main] o.s.b.f.s.DefaultSingletonBeanRegistry: Creating shared instance of singleton bean 'org.springframework.boot.autoconfigure.web.client.RestClientAutoConfiguration'
2025-02-01 00:05:25,089 DEBUG [main] o.s.b.f.s.DefaultSingletonBeanRegistry: Creating shared instance of singleton bean 'httpMessageConvertersRestClientCustomizer'
2025-02-01 00:05:25,091 DEBUG [main] o.s.b.f.s.DefaultSingletonBeanRegistry: Creating shared instance of singleton bean 'restClientSsl'
2025-02-01 00:05:25,091 DEBUG [main] o.s.b.f.s.ConstructorResolver: Autowiring by type from bean name 'restClientSsl' via factory method to bean named 'sslBundleRegistry'
2025-02-01 00:05:25,092 DEBUG [main] o.s.b.f.s.DefaultSingletonBeanRegistry: Creating shared instance of singleton bean 'restClientBuilderConfigurer'
2025-02-01 00:05:25,093 DEBUG [main] o.s.b.f.s.DefaultSingletonBeanRegistry: Creating shared instance of singleton bean 'org.springframework.boot.autoconfigure.web.client.RestTemplateAutoConfiguration'
2025-02-01 00:05:25,095 DEBUG [main] o.s.b.f.s.DefaultSingletonBeanRegistry: Creating shared instance of singleton bean 'characterEncodingFilter'
2025-02-01 00:05:25,097 DEBUG [main] o.s.b.f.s.DefaultSingletonBeanRegistry: Creating shared instance of singleton bean 'multipartResolver'
2025-02-01 00:05:25,098 DEBUG [main] o.s.b.f.s.DefaultSingletonBeanRegistry: Creating shared instance of singleton bean 'org.springframework.boot.test.autoconfigure.web.servlet.MockMvcAutoConfiguration'
2025-02-01 00:05:25,099 DEBUG [main] o.s.b.f.s.ConstructorResolver: Autowiring by type from bean name 'org.springframework.boot.test.autoconfigure.web.servlet.MockMvcAutoConfiguration' via constructor to bean named 'org.springframework.web.context.support.GenericWebApplicationContext@7004e3d'
2025-02-01 00:05:25,099 DEBUG [main] o.s.b.f.s.ConstructorResolver: Autowiring by type from bean name 'org.springframework.boot.test.autoconfigure.web.servlet.MockMvcAutoConfiguration' via constructor to bean named 'spring.mvc-org.springframework.boot.autoconfigure.web.servlet.WebMvcProperties'
2025-02-01 00:05:25,101 DEBUG [main] o.s.b.f.s.DefaultSingletonBeanRegistry: Creating shared instance of singleton bean 'mockMvcBuilder'
2025-02-01 00:05:25,101 DEBUG [main] o.s.b.f.s.DefaultSingletonBeanRegistry: Creating shared instance of singleton bean 'springBootMockMvcBuilderCustomizer'
2025-02-01 00:05:25,104 DEBUG [main] o.s.b.f.s.DefaultSingletonBeanRegistry: Creating shared instance of singleton bean 'securityMockMvcBuilderCustomizer'
2025-02-01 00:05:25,105 DEBUG [main] o.s.b.f.s.DefaultSingletonBeanRegistry: Creating shared instance of singleton bean 'org.springframework.boot.test.autoconfigure.web.servlet.MockMvcSecurityConfiguration'
2025-02-01 00:05:25,108 DEBUG [main] o.s.b.f.s.ConstructorResolver: Autowiring by type from bean name 'mockMvcBuilder' via factory method to bean named 'springBootMockMvcBuilderCustomizer'
2025-02-01 00:05:25,108 DEBUG [main] o.s.b.f.s.ConstructorResolver: Autowiring by type from bean name 'mockMvcBuilder' via factory method to bean named 'securityMockMvcBuilderCustomizer'
2025-02-01 00:05:25,117 DEBUG [main] o.s.b.w.s.ServletContextInitializerBeans: Mapping filters: springSecurityFilterChain urls=[/*] order=-100, characterEncodingFilter urls=[/*] order=-2147483648, formContentFilter urls=[/*] order=-9900, requestContextFilter urls=[/*] order=-105, jwtAuthenticationFilter urls=[/*] order=2147483647
2025-02-01 00:05:25,117 DEBUG [main] o.s.b.w.s.ServletContextInitializerBeans: Mapping servlets: 
2025-02-01 00:05:25,125 DEBUG [main] o.s.b.f.s.DefaultSingletonBeanRegistry: Creating shared instance of singleton bean 'mockMvc'
2025-02-01 00:05:25,126 DEBUG [main] o.s.b.f.s.ConstructorResolver: Autowiring by type from bean name 'mockMvc' via factory method to bean named 'mockMvcBuilder'
2025-02-01 00:05:25,151 DEBUG [main] o.s.w.f.GenericFilterBean: Filter 'characterEncodingFilter' configured for use
2025-02-01 00:05:25,152 DEBUG [main] o.s.w.f.GenericFilterBean: Filter 'formContentFilter' configured for use
2025-02-01 00:05:25,152 DEBUG [main] o.s.w.f.GenericFilterBean: Filter 'requestContextFilter' configured for use
2025-02-01 00:05:25,152 DEBUG [main] o.s.w.f.GenericFilterBean: Filter 'springSecurityFilterChain' configured for use
2025-02-01 00:05:25,153 INFO  [main] o.s.m.w.MockServletContext: Initializing Spring TestDispatcherServlet ''
2025-02-01 00:05:25,154 INFO  [main] o.s.w.s.FrameworkServlet: Initializing Servlet ''
2025-02-01 00:05:25,154 DEBUG [main] o.s.w.s.DispatcherServlet: Detected StandardServletMultipartResolver
2025-02-01 00:05:25,155 DEBUG [main] o.s.w.s.DispatcherServlet: Detected AcceptHeaderLocaleResolver
2025-02-01 00:05:25,155 DEBUG [main] o.s.w.s.DispatcherServlet: Detected FixedThemeResolver
2025-02-01 00:05:25,155 DEBUG [main] o.s.w.s.DispatcherServlet: Detected org.springframework.web.servlet.view.DefaultRequestToViewNameTranslator@d8f65a1
2025-02-01 00:05:25,156 DEBUG [main] o.s.w.s.DispatcherServlet: Detected org.springframework.web.servlet.support.SessionFlashMapManager@6e1a8e78
2025-02-01 00:05:25,156 DEBUG [main] o.s.w.s.FrameworkServlet: enableLoggingRequestDetails='false': request parameters and headers will be masked to prevent unsafe logging of potentially sensitive data
2025-02-01 00:05:25,157 INFO  [main] o.s.w.s.FrameworkServlet: Completed initialization in 3 ms
2025-02-01 00:05:25,177 DEBUG [main] o.s.c.s.DefaultLifecycleProcessor$LifecycleGroup: Starting beans in phase -2147483647
2025-02-01 00:05:25,178 DEBUG [main] o.s.c.s.DefaultLifecycleProcessor: Successfully started bean 'springBootLoggingLifecycle'
2025-02-01 00:05:25,178 DEBUG [main] o.s.c.s.DefaultLifecycleProcessor$LifecycleGroup: Starting beans in phase 2147483647
2025-02-01 00:05:25,198 DEBUG [main] o.s.b.a.l.ConditionEvaluationReportLogger: 


============================
CONDITIONS EVALUATION REPORT
============================


Positive matches:
-----------------

   AopAutoConfiguration matched:
      - @ConditionalOnProperty (spring.aop.auto=true) matched (OnPropertyCondition)

   AopAutoConfiguration.AspectJAutoProxyingConfiguration matched:
      - @ConditionalOnClass found required class 'org.aspectj.weaver.Advice' (OnClassCondition)

   AopAutoConfiguration.AspectJAutoProxyingConfiguration.CglibAutoProxyConfiguration matched:
      - @ConditionalOnProperty (spring.aop.proxy-target-class=true) matched (OnPropertyCondition)

   ApplicationAvailabilityAutoConfiguration#applicationAvailability matched:
      - @ConditionalOnMissingBean (types: org.springframework.boot.availability.ApplicationAvailability; SearchStrategy: all) did not find any beans (OnBeanCondition)

   DataSourceAutoConfiguration matched:
      - @ConditionalOnClass found required classes 'javax.sql.DataSource', 'org.springframework.jdbc.datasource.embedded.EmbeddedDatabaseType' (OnClassCondition)
      - @ConditionalOnMissingBean (types: io.r2dbc.spi.ConnectionFactory; SearchStrategy: all) did not find any beans (OnBeanCondition)

   DataSourceAutoConfiguration.PooledDataSourceConfiguration matched:
      - AnyNestedCondition 1 matched 1 did not; NestedCondition on DataSourceAutoConfiguration.PooledDataSourceCondition.PooledDataSourceAvailable PooledDataSource found supported DataSource; NestedCondition on DataSourceAutoConfiguration.PooledDataSourceCondition.ExplicitType @ConditionalOnProperty (spring.datasource.type) did not find property 'type' (DataSourceAutoConfiguration.PooledDataSourceCondition)
      - @ConditionalOnMissingBean (types: javax.sql.DataSource,javax.sql.XADataSource; SearchStrategy: all) did not find any beans (OnBeanCondition)

   DataSourceAutoConfiguration.PooledDataSourceConfiguration#jdbcConnectionDetails matched:
      - @ConditionalOnMissingBean (types: org.springframework.boot.autoconfigure.jdbc.JdbcConnectionDetails; SearchStrategy: all) did not find any beans (OnBeanCondition)

   DataSourceConfiguration.Hikari matched:
      - @ConditionalOnClass found required class 'com.zaxxer.hikari.HikariDataSource' (OnClassCondition)
      - @ConditionalOnProperty (spring.datasource.type=com.zaxxer.hikari.HikariDataSource) matched (OnPropertyCondition)
      - @ConditionalOnMissingBean (types: javax.sql.DataSource; SearchStrategy: all) did not find any beans (OnBeanCondition)

   DataSourceInitializationConfiguration matched:
      - @ConditionalOnClass found required class 'org.springframework.jdbc.datasource.init.DatabasePopulator' (OnClassCondition)
      - @ConditionalOnSingleCandidate (types: javax.sql.DataSource; SearchStrategy: all) found a single bean 'dataSource'; @ConditionalOnMissingBean (types: org.springframework.boot.autoconfigure.sql.init.SqlDataSourceScriptDatabaseInitializer,org.springframework.boot.autoconfigure.sql.init.SqlR2dbcScriptDatabaseInitializer; SearchStrategy: all) did not find any beans (OnBeanCondition)

   DataSourcePoolMetadataProvidersConfiguration.HikariPoolDataSourceMetadataProviderConfiguration matched:
      - @ConditionalOnClass found required class 'com.zaxxer.hikari.HikariDataSource' (OnClassCondition)

   DataSourceTransactionManagerAutoConfiguration matched:
      - @ConditionalOnClass found required classes 'org.springframework.jdbc.core.JdbcTemplate', 'org.springframework.transaction.TransactionManager' (OnClassCondition)

   DataSourceTransactionManagerAutoConfiguration.JdbcTransactionManagerConfiguration matched:
      - @ConditionalOnSingleCandidate (types: javax.sql.DataSource; SearchStrategy: all) found a single bean 'dataSource' (OnBeanCondition)

   DispatcherServletAutoConfiguration matched:
      - @ConditionalOnClass found required class 'org.springframework.web.servlet.DispatcherServlet' (OnClassCondition)
      - found 'session' scope (OnWebApplicationCondition)

   DispatcherServletAutoConfiguration.DispatcherServletConfiguration matched:
      - @ConditionalOnClass found required class 'jakarta.servlet.ServletRegistration' (OnClassCondition)
      - Default DispatcherServlet did not find dispatcher servlet beans (DispatcherServletAutoConfiguration.DefaultDispatcherServletCondition)

   DispatcherServletAutoConfiguration.DispatcherServletRegistrationConfiguration matched:
      - @ConditionalOnClass found required class 'jakarta.servlet.ServletRegistration' (OnClassCondition)
      - DispatcherServlet Registration did not find servlet registration bean (DispatcherServletAutoConfiguration.DispatcherServletRegistrationCondition)

   DispatcherServletAutoConfiguration.DispatcherServletRegistrationConfiguration#dispatcherServletRegistration matched:
      - @ConditionalOnBean (names: dispatcherServlet types: org.springframework.web.servlet.DispatcherServlet; SearchStrategy: all) found bean 'dispatcherServlet' (OnBeanCondition)

   ErrorMvcAutoConfiguration matched:
      - @ConditionalOnClass found required classes 'jakarta.servlet.Servlet', 'org.springframework.web.servlet.DispatcherServlet' (OnClassCondition)
      - found 'session' scope (OnWebApplicationCondition)

   ErrorMvcAutoConfiguration#basicErrorController matched:
      - @ConditionalOnMissingBean (types: org.springframework.boot.web.servlet.error.ErrorController; SearchStrategy: current) did not find any beans (OnBeanCondition)

   ErrorMvcAutoConfiguration#errorAttributes matched:
      - @ConditionalOnMissingBean (types: org.springframework.boot.web.servlet.error.ErrorAttributes; SearchStrategy: current) did not find any beans (OnBeanCondition)

   ErrorMvcAutoConfiguration.DefaultErrorViewResolverConfiguration#conventionErrorViewResolver matched:
      - @ConditionalOnBean (types: org.springframework.web.servlet.DispatcherServlet; SearchStrategy: all) found bean 'dispatcherServlet'; @ConditionalOnMissingBean (types: org.springframework.boot.autoconfigure.web.servlet.error.ErrorViewResolver; SearchStrategy: all) did not find any beans (OnBeanCondition)

   ErrorMvcAutoConfiguration.WhitelabelErrorViewConfiguration matched:
      - @ConditionalOnProperty (server.error.whitelabel.enabled) matched (OnPropertyCondition)
      - ErrorTemplate Missing did not find error template view (ErrorMvcAutoConfiguration.ErrorTemplateMissingCondition)

   ErrorMvcAutoConfiguration.WhitelabelErrorViewConfiguration#beanNameViewResolver matched:
      - @ConditionalOnMissingBean (types: org.springframework.web.servlet.view.BeanNameViewResolver; SearchStrategy: all) did not find any beans (OnBeanCondition)

   ErrorMvcAutoConfiguration.WhitelabelErrorViewConfiguration#defaultErrorView matched:
      - @ConditionalOnMissingBean (names: error; SearchStrategy: all) did not find any beans (OnBeanCondition)

   FlywayAutoConfiguration matched:
      - @ConditionalOnClass found required class 'org.flywaydb.core.Flyway' (OnClassCondition)
      - @ConditionalOnProperty (spring.flyway.enabled) matched (OnPropertyCondition)
      - AnyNestedCondition 2 matched 1 did not; NestedCondition on FlywayAutoConfiguration.FlywayDataSourceCondition.FlywayUrlCondition @ConditionalOnProperty (spring.flyway.url) did not find property 'url'; NestedCondition on FlywayAutoConfiguration.FlywayDataSourceCondition.JdbcConnectionDetailsCondition @ConditionalOnBean (types: org.springframework.boot.autoconfigure.jdbc.JdbcConnectionDetails; SearchStrategy: all) found bean 'jdbcConnectionDetails'; NestedCondition on FlywayAutoConfiguration.FlywayDataSourceCondition.DataSourceBeanCondition @ConditionalOnBean (types: javax.sql.DataSource; SearchStrategy: all) found bean 'dataSource' (FlywayAutoConfiguration.FlywayDataSourceCondition)

   FlywayAutoConfiguration.FlywayConfiguration matched:
      - @ConditionalOnClass found required class 'org.springframework.jdbc.support.JdbcUtils' (OnClassCondition)
      - @ConditionalOnMissingBean (types: org.flywaydb.core.Flyway; SearchStrategy: all) did not find any beans (OnBeanCondition)

   FlywayAutoConfiguration.FlywayConfiguration#flywayConnectionDetails matched:
      - @ConditionalOnMissingBean (types: org.springframework.boot.autoconfigure.flyway.FlywayConnectionDetails; SearchStrategy: all) did not find any beans (OnBeanCondition)

   FlywayAutoConfiguration.FlywayConfiguration#flywayInitializer matched:
      - @ConditionalOnMissingBean (types: org.springframework.boot.autoconfigure.flyway.FlywayMigrationInitializer; SearchStrategy: all) did not find any beans (OnBeanCondition)

   FlywayAutoConfiguration.FlywayConfiguration#postgresqlFlywayConfigurationCustomizer matched:
      - @ConditionalOnClass found required class 'org.flywaydb.core.internal.database.postgresql.PostgreSQLConfigurationExtension' (OnClassCondition)

   GenericCacheConfiguration matched:
      - Cache org.springframework.boot.autoconfigure.cache.GenericCacheConfiguration automatic cache type (CacheCondition)

   GsonAutoConfiguration matched:
      - @ConditionalOnClass found required class 'com.google.gson.Gson' (OnClassCondition)

   GsonAutoConfiguration#gson matched:
      - @ConditionalOnMissingBean (types: com.google.gson.Gson; SearchStrategy: all) did not find any beans (OnBeanCondition)

   GsonAutoConfiguration#gsonBuilder matched:
      - @ConditionalOnMissingBean (types: com.google.gson.GsonBuilder; SearchStrategy: all) did not find any beans (OnBeanCondition)

   GsonHttpMessageConvertersConfiguration matched:
      - @ConditionalOnClass found required class 'com.google.gson.Gson' (OnClassCondition)

   H2ConsoleAutoConfiguration matched:
      - @ConditionalOnClass found required class 'org.h2.server.web.JakartaWebServlet' (OnClassCondition)
      - found 'session' scope (OnWebApplicationCondition)
      - @ConditionalOnProperty (spring.h2.console.enabled=true) matched (OnPropertyCondition)

   HibernateJpaAutoConfiguration matched:
      - @ConditionalOnClass found required classes 'org.springframework.orm.jpa.LocalContainerEntityManagerFactoryBean', 'jakarta.persistence.EntityManager', 'org.hibernate.engine.spi.SessionImplementor' (OnClassCondition)

   HibernateJpaConfiguration matched:
      - @ConditionalOnSingleCandidate (types: javax.sql.DataSource; SearchStrategy: all) found a single bean 'dataSource' (OnBeanCondition)

   HttpEncodingAutoConfiguration matched:
      - @ConditionalOnClass found required class 'org.springframework.web.filter.CharacterEncodingFilter' (OnClassCondition)
      - found 'session' scope (OnWebApplicationCondition)
      - @ConditionalOnProperty (server.servlet.encoding.enabled) matched (OnPropertyCondition)

   HttpEncodingAutoConfiguration#characterEncodingFilter matched:
      - @ConditionalOnMissingBean (types: org.springframework.web.filter.CharacterEncodingFilter; SearchStrategy: all) did not find any beans (OnBeanCondition)

   HttpMessageConvertersAutoConfiguration matched:
      - @ConditionalOnClass found required class 'org.springframework.http.converter.HttpMessageConverter' (OnClassCondition)
      - NoneNestedConditions 0 matched 1 did not; NestedCondition on HttpMessageConvertersAutoConfiguration.NotReactiveWebApplicationCondition.ReactiveWebApplication did not find reactive web application classes (HttpMessageConvertersAutoConfiguration.NotReactiveWebApplicationCondition)

   HttpMessageConvertersAutoConfiguration#messageConverters matched:
      - @ConditionalOnMissingBean (types: org.springframework.boot.autoconfigure.http.HttpMessageConverters; SearchStrategy: all) did not find any beans (OnBeanCondition)

   HttpMessageConvertersAutoConfiguration.StringHttpMessageConverterConfiguration matched:
      - @ConditionalOnClass found required class 'org.springframework.http.converter.StringHttpMessageConverter' (OnClassCondition)

   HttpMessageConvertersAutoConfiguration.StringHttpMessageConverterConfiguration#stringHttpMessageConverter matched:
      - @ConditionalOnMissingBean (types: org.springframework.http.converter.StringHttpMessageConverter; SearchStrategy: all) did not find any beans (OnBeanCondition)

   JacksonAutoConfiguration matched:
      - @ConditionalOnClass found required class 'com.fasterxml.jackson.databind.ObjectMapper' (OnClassCondition)

   JacksonAutoConfiguration.Jackson2ObjectMapperBuilderCustomizerConfiguration matched:
      - @ConditionalOnClass found required class 'org.springframework.http.converter.json.Jackson2ObjectMapperBuilder' (OnClassCondition)

   JacksonAutoConfiguration.JacksonObjectMapperBuilderConfiguration matched:
      - @ConditionalOnClass found required class 'org.springframework.http.converter.json.Jackson2ObjectMapperBuilder' (OnClassCondition)

   JacksonAutoConfiguration.JacksonObjectMapperBuilderConfiguration#jacksonObjectMapperBuilder matched:
      - @ConditionalOnMissingBean (types: org.springframework.http.converter.json.Jackson2ObjectMapperBuilder; SearchStrategy: all) did not find any beans (OnBeanCondition)

   JacksonAutoConfiguration.JacksonObjectMapperConfiguration matched:
      - @ConditionalOnClass found required class 'org.springframework.http.converter.json.Jackson2ObjectMapperBuilder' (OnClassCondition)

   JacksonAutoConfiguration.JacksonObjectMapperConfiguration#jacksonObjectMapper matched:
      - @ConditionalOnMissingBean (types: com.fasterxml.jackson.databind.ObjectMapper; SearchStrategy: all) did not find any beans (OnBeanCondition)

   JacksonAutoConfiguration.ParameterNamesModuleConfiguration matched:
      - @ConditionalOnClass found required class 'com.fasterxml.jackson.module.paramnames.ParameterNamesModule' (OnClassCondition)

   JacksonAutoConfiguration.ParameterNamesModuleConfiguration#parameterNamesModule matched:
      - @ConditionalOnMissingBean (types: com.fasterxml.jackson.module.paramnames.ParameterNamesModule; SearchStrategy: all) did not find any beans (OnBeanCondition)

   JacksonHttpMessageConvertersConfiguration.MappingJackson2HttpMessageConverterConfiguration matched:
      - @ConditionalOnClass found required class 'com.fasterxml.jackson.databind.ObjectMapper' (OnClassCondition)
      - @ConditionalOnProperty (spring.mvc.converters.preferred-json-mapper=jackson) matched (OnPropertyCondition)
      - @ConditionalOnBean (types: com.fasterxml.jackson.databind.ObjectMapper; SearchStrategy: all) found bean 'jacksonObjectMapper' (OnBeanCondition)

   JacksonHttpMessageConvertersConfiguration.MappingJackson2HttpMessageConverterConfiguration#mappingJackson2HttpMessageConverter matched:
      - @ConditionalOnMissingBean (types: org.springframework.http.converter.json.MappingJackson2HttpMessageConverter ignored: org.springframework.hateoas.server.mvc.TypeConstrainedMappingJackson2HttpMessageConverter,org.springframework.data.rest.webmvc.alps.AlpsJsonHttpMessageConverter; SearchStrategy: all) did not find any beans (OnBeanCondition)

   JdbcClientAutoConfiguration matched:
      - @ConditionalOnSingleCandidate (types: org.springframework.jdbc.core.namedparam.NamedParameterJdbcTemplate; SearchStrategy: all) found a single bean 'namedParameterJdbcTemplate'; @ConditionalOnMissingBean (types: org.springframework.jdbc.core.simple.JdbcClient; SearchStrategy: all) did not find any beans (OnBeanCondition)

   JdbcTemplateAutoConfiguration matched:
      - @ConditionalOnClass found required classes 'javax.sql.DataSource', 'org.springframework.jdbc.core.JdbcTemplate' (OnClassCondition)
      - @ConditionalOnSingleCandidate (types: javax.sql.DataSource; SearchStrategy: all) found a single bean 'dataSource' (OnBeanCondition)

   JdbcTemplateConfiguration matched:
      - @ConditionalOnMissingBean (types: org.springframework.jdbc.core.JdbcOperations; SearchStrategy: all) did not find any beans (OnBeanCondition)

   JpaBaseConfiguration#entityManagerFactory matched:
      - @ConditionalOnMissingBean (types: org.springframework.orm.jpa.LocalContainerEntityManagerFactoryBean,jakarta.persistence.EntityManagerFactory; SearchStrategy: all) did not find any beans (OnBeanCondition)

   JpaBaseConfiguration#entityManagerFactoryBuilder matched:
      - @ConditionalOnMissingBean (types: org.springframework.boot.orm.jpa.EntityManagerFactoryBuilder; SearchStrategy: all) did not find any beans (OnBeanCondition)

   JpaBaseConfiguration#jpaVendorAdapter matched:
      - @ConditionalOnMissingBean (types: org.springframework.orm.jpa.JpaVendorAdapter; SearchStrategy: all) did not find any beans (OnBeanCondition)

   JpaBaseConfiguration#transactionManager matched:
      - @ConditionalOnMissingBean (types: org.springframework.transaction.TransactionManager; SearchStrategy: all) did not find any beans (OnBeanCondition)

   JpaBaseConfiguration.JpaWebConfiguration matched:
      - @ConditionalOnClass found required class 'org.springframework.web.servlet.config.annotation.WebMvcConfigurer' (OnClassCondition)
      - found 'session' scope (OnWebApplicationCondition)
      - @ConditionalOnProperty (spring.jpa.open-in-view=true) matched (OnPropertyCondition)
      - @ConditionalOnMissingBean (types: org.springframework.orm.jpa.support.OpenEntityManagerInViewInterceptor,org.springframework.orm.jpa.support.OpenEntityManagerInViewFilter; SearchStrategy: all) did not find any beans (OnBeanCondition)

   JpaBaseConfiguration.PersistenceManagedTypesConfiguration matched:
      - @ConditionalOnMissingBean (types: org.springframework.orm.jpa.LocalContainerEntityManagerFactoryBean,jakarta.persistence.EntityManagerFactory; SearchStrategy: all) did not find any beans (OnBeanCondition)

   JpaBaseConfiguration.PersistenceManagedTypesConfiguration#persistenceManagedTypes matched:
      - @ConditionalOnMissingBean (types: org.springframework.orm.jpa.persistenceunit.PersistenceManagedTypes; SearchStrategy: all) did not find any beans (OnBeanCondition)

   JpaRepositoriesAutoConfiguration matched:
      - @ConditionalOnClass found required class 'org.springframework.data.jpa.repository.JpaRepository' (OnClassCondition)
      - @ConditionalOnProperty (spring.data.jpa.repositories.enabled=true) matched (OnPropertyCondition)
      - @ConditionalOnBean (types: javax.sql.DataSource; SearchStrategy: all) found bean 'dataSource'; @ConditionalOnMissingBean (types: org.springframework.data.jpa.repository.support.JpaRepositoryFactoryBean,org.springframework.data.jpa.repository.config.JpaRepositoryConfigExtension; SearchStrategy: all) did not find any beans (OnBeanCondition)

   JtaAutoConfiguration matched:
      - @ConditionalOnClass found required class 'jakarta.transaction.Transaction' (OnClassCondition)
      - @ConditionalOnProperty (spring.jta.enabled) matched (OnPropertyCondition)

   LifecycleAutoConfiguration#defaultLifecycleProcessor matched:
      - @ConditionalOnMissingBean (names: lifecycleProcessor; SearchStrategy: current) did not find any beans (OnBeanCondition)

   MockMvcAutoConfiguration matched:
      - found 'session' scope (OnWebApplicationCondition)

   MockMvcAutoConfiguration#mockMvc matched:
      - @ConditionalOnMissingBean (types: org.springframework.test.web.servlet.MockMvc; SearchStrategy: all) did not find any beans (OnBeanCondition)

   MockMvcAutoConfiguration#mockMvcBuilder matched:
      - @ConditionalOnMissingBean (types: org.springframework.test.web.servlet.MockMvcBuilder; SearchStrategy: all) did not find any beans (OnBeanCondition)

   MockMvcSecurityConfiguration matched:
      - @ConditionalOnClass found required class 'org.springframework.security.test.web.servlet.request.SecurityMockMvcRequestPostProcessors' (OnClassCondition)

   MockMvcSecurityConfiguration#securityMockMvcBuilderCustomizer matched:
      - @ConditionalOnBean (names: springSecurityFilterChain; SearchStrategy: all) found bean 'springSecurityFilterChain' (OnBeanCondition)

   MultipartAutoConfiguration matched:
      - @ConditionalOnClass found required classes 'jakarta.servlet.Servlet', 'org.springframework.web.multipart.support.StandardServletMultipartResolver', 'jakarta.servlet.MultipartConfigElement' (OnClassCondition)
      - found 'session' scope (OnWebApplicationCondition)
      - @ConditionalOnProperty (spring.servlet.multipart.enabled) matched (OnPropertyCondition)

   MultipartAutoConfiguration#multipartConfigElement matched:
      - @ConditionalOnMissingBean (types: jakarta.servlet.MultipartConfigElement; SearchStrategy: all) did not find any beans (OnBeanCondition)

   MultipartAutoConfiguration#multipartResolver matched:
      - @ConditionalOnMissingBean (types: org.springframework.web.multipart.MultipartResolver; SearchStrategy: all) did not find any beans (OnBeanCondition)

   NamedParameterJdbcTemplateConfiguration matched:
      - @ConditionalOnSingleCandidate (types: org.springframework.jdbc.core.JdbcTemplate; SearchStrategy: all) found a single bean 'jdbcTemplate'; @ConditionalOnMissingBean (types: org.springframework.jdbc.core.namedparam.NamedParameterJdbcOperations; SearchStrategy: all) did not find any beans (OnBeanCondition)

   NoOpCacheConfiguration matched:
      - Cache org.springframework.boot.autoconfigure.cache.NoOpCacheConfiguration automatic cache type (CacheCondition)

   PersistenceExceptionTranslationAutoConfiguration matched:
      - @ConditionalOnClass found required class 'org.springframework.dao.annotation.PersistenceExceptionTranslationPostProcessor' (OnClassCondition)

   PersistenceExceptionTranslationAutoConfiguration#persistenceExceptionTranslationPostProcessor matched:
      - @ConditionalOnProperty (spring.dao.exceptiontranslation.enabled) matched (OnPropertyCondition)
      - @ConditionalOnMissingBean (types: org.springframework.dao.annotation.PersistenceExceptionTranslationPostProcessor; SearchStrategy: all) did not find any beans (OnBeanCondition)

   PropertyPlaceholderAutoConfiguration#propertySourcesPlaceholderConfigurer matched:
      - @ConditionalOnMissingBean (types: org.springframework.context.support.PropertySourcesPlaceholderConfigurer; SearchStrategy: current) did not find any beans (OnBeanCondition)

   RestClientAutoConfiguration matched:
      - @ConditionalOnClass found required class 'org.springframework.web.client.RestClient' (OnClassCondition)
      - NoneNestedConditions 0 matched 1 did not; NestedCondition on NotReactiveWebApplicationCondition.ReactiveWebApplication did not find reactive web application classes (NotReactiveWebApplicationCondition)

   RestClientAutoConfiguration#httpMessageConvertersRestClientCustomizer matched:
      - @ConditionalOnMissingBean (types: org.springframework.boot.autoconfigure.web.client.HttpMessageConvertersRestClientCustomizer; SearchStrategy: all) did not find any beans (OnBeanCondition)

   RestClientAutoConfiguration#restClientBuilder matched:
      - @ConditionalOnMissingBean (types: org.springframework.web.client.RestClient$Builder; SearchStrategy: all) did not find any beans (OnBeanCondition)

   RestClientAutoConfiguration#restClientBuilderConfigurer matched:
      - @ConditionalOnMissingBean (types: org.springframework.boot.autoconfigure.web.client.RestClientBuilderConfigurer; SearchStrategy: all) did not find any beans (OnBeanCondition)

   RestClientAutoConfiguration#restClientSsl matched:
      - @ConditionalOnBean (types: org.springframework.boot.ssl.SslBundles; SearchStrategy: all) found bean 'sslBundleRegistry'; @ConditionalOnMissingBean (types: org.springframework.boot.autoconfigure.web.client.RestClientSsl; SearchStrategy: all) did not find any beans (OnBeanCondition)

   RestTemplateAutoConfiguration matched:
      - @ConditionalOnClass found required class 'org.springframework.web.client.RestTemplate' (OnClassCondition)
      - NoneNestedConditions 0 matched 1 did not; NestedCondition on NotReactiveWebApplicationCondition.ReactiveWebApplication did not find reactive web application classes (NotReactiveWebApplicationCondition)

   RestTemplateAutoConfiguration#restTemplateBuilder matched:
      - @ConditionalOnMissingBean (types: org.springframework.boot.web.client.RestTemplateBuilder; SearchStrategy: all) did not find any beans (OnBeanCondition)

   SecurityAutoConfiguration matched:
      - @ConditionalOnClass found required class 'org.springframework.security.authentication.DefaultAuthenticationEventPublisher' (OnClassCondition)

   SecurityAutoConfiguration#authenticationEventPublisher matched:
      - @ConditionalOnMissingBean (types: org.springframework.security.authentication.AuthenticationEventPublisher; SearchStrategy: all) did not find any beans (OnBeanCondition)

   SecurityFilterAutoConfiguration matched:
      - @ConditionalOnClass found required classes 'org.springframework.security.web.context.AbstractSecurityWebApplicationInitializer', 'org.springframework.security.config.http.SessionCreationPolicy' (OnClassCondition)
      - found 'session' scope (OnWebApplicationCondition)

   SecurityFilterAutoConfiguration#securityFilterChainRegistration matched:
      - @ConditionalOnBean (names: springSecurityFilterChain; SearchStrategy: all) found bean 'springSecurityFilterChain' (OnBeanCondition)

   ServletWebServerFactoryAutoConfiguration matched:
      - @ConditionalOnClass found required class 'jakarta.servlet.ServletRequest' (OnClassCondition)
      - found 'session' scope (OnWebApplicationCondition)

   ServletWebServerFactoryAutoConfiguration#tomcatServletWebServerFactoryCustomizer matched:
      - @ConditionalOnClass found required class 'org.apache.catalina.startup.Tomcat' (OnClassCondition)

   ServletWebServerFactoryConfiguration.EmbeddedTomcat matched:
      - @ConditionalOnClass found required classes 'jakarta.servlet.Servlet', 'org.apache.catalina.startup.Tomcat', 'org.apache.coyote.UpgradeProtocol' (OnClassCondition)
      - @ConditionalOnMissingBean (types: org.springframework.boot.web.servlet.server.ServletWebServerFactory; SearchStrategy: current) did not find any beans (OnBeanCondition)

   SimpleCacheConfiguration matched:
      - Cache org.springframework.boot.autoconfigure.cache.SimpleCacheConfiguration automatic cache type (CacheCondition)

   SpringBootWebSecurityConfiguration matched:
      - found 'session' scope (OnWebApplicationCondition)

   SpringBootWebSecurityConfiguration.WebSecurityEnablerConfiguration matched:
      - @ConditionalOnClass found required class 'org.springframework.security.config.annotation.web.configuration.EnableWebSecurity' (OnClassCondition)
      - @ConditionalOnMissingBean (names: springSecurityFilterChain; SearchStrategy: all) did not find any beans (OnBeanCondition)

   SpringDataWebAutoConfiguration matched:
      - @ConditionalOnClass found required classes 'org.springframework.data.web.PageableHandlerMethodArgumentResolver', 'org.springframework.web.servlet.config.annotation.WebMvcConfigurer' (OnClassCondition)
      - found 'session' scope (OnWebApplicationCondition)
      - @ConditionalOnMissingBean (types: org.springframework.data.web.PageableHandlerMethodArgumentResolver; SearchStrategy: all) did not find any beans (OnBeanCondition)

   SpringDataWebAutoConfiguration#pageableCustomizer matched:
      - @ConditionalOnMissingBean (types: org.springframework.data.web.config.PageableHandlerMethodArgumentResolverCustomizer; SearchStrategy: all) did not find any beans (OnBeanCondition)

   SpringDataWebAutoConfiguration#sortCustomizer matched:
      - @ConditionalOnMissingBean (types: org.springframework.data.web.config.SortHandlerMethodArgumentResolverCustomizer; SearchStrategy: all) did not find any beans (OnBeanCondition)

   SqlInitializationAutoConfiguration matched:
      - @ConditionalOnProperty (spring.sql.init.enabled) matched (OnPropertyCondition)
      - NoneNestedConditions 0 matched 1 did not; NestedCondition on SqlInitializationAutoConfiguration.SqlInitializationModeCondition.ModeIsNever @ConditionalOnProperty (spring.sql.init.mode=never) did not find property 'mode' (SqlInitializationAutoConfiguration.SqlInitializationModeCondition)

   SslAutoConfiguration#sslBundleRegistry matched:
      - @ConditionalOnMissingBean (types: org.springframework.boot.ssl.SslBundleRegistry,org.springframework.boot.ssl.SslBundles; SearchStrategy: all) did not find any beans (OnBeanCondition)

   TaskExecutionAutoConfiguration matched:
      - @ConditionalOnClass found required class 'org.springframework.scheduling.concurrent.ThreadPoolTaskExecutor' (OnClassCondition)

   TaskExecutorConfigurations.SimpleAsyncTaskExecutorBuilderConfiguration#simpleAsyncTaskExecutorBuilder matched:
      - @ConditionalOnMissingBean (types: org.springframework.boot.task.SimpleAsyncTaskExecutorBuilder; SearchStrategy: all) did not find any beans (OnBeanCondition)
      - @ConditionalOnThreading found PLATFORM (OnThreadingCondition)

   TaskExecutorConfigurations.TaskExecutorBuilderConfiguration#taskExecutorBuilder matched:
      - @ConditionalOnMissingBean (types: org.springframework.boot.task.TaskExecutorBuilder; SearchStrategy: all) did not find any beans (OnBeanCondition)

   TaskExecutorConfigurations.TaskExecutorConfiguration matched:
      - @ConditionalOnMissingBean (types: java.util.concurrent.Executor; SearchStrategy: all) did not find any beans (OnBeanCondition)

   TaskExecutorConfigurations.TaskExecutorConfiguration#applicationTaskExecutor matched:
      - @ConditionalOnThreading found PLATFORM (OnThreadingCondition)

   TaskExecutorConfigurations.ThreadPoolTaskExecutorBuilderConfiguration#threadPoolTaskExecutorBuilder matched:
      - @ConditionalOnMissingBean (types: org.springframework.boot.task.TaskExecutorBuilder,org.springframework.boot.task.ThreadPoolTaskExecutorBuilder; SearchStrategy: all) did not find any beans (OnBeanCondition)

   TaskSchedulingAutoConfiguration matched:
      - @ConditionalOnClass found required class 'org.springframework.scheduling.concurrent.ThreadPoolTaskScheduler' (OnClassCondition)

   TaskSchedulingConfigurations.SimpleAsyncTaskSchedulerBuilderConfiguration#simpleAsyncTaskSchedulerBuilder matched:
      - @ConditionalOnMissingBean (types: org.springframework.boot.task.SimpleAsyncTaskSchedulerBuilder; SearchStrategy: all) did not find any beans (OnBeanCondition)
      - @ConditionalOnThreading found PLATFORM (OnThreadingCondition)

   TaskSchedulingConfigurations.TaskSchedulerBuilderConfiguration#taskSchedulerBuilder matched:
      - @ConditionalOnMissingBean (types: org.springframework.boot.task.TaskSchedulerBuilder; SearchStrategy: all) did not find any beans (OnBeanCondition)

   TaskSchedulingConfigurations.ThreadPoolTaskSchedulerBuilderConfiguration#threadPoolTaskSchedulerBuilder matched:
      - @ConditionalOnMissingBean (types: org.springframework.boot.task.TaskSchedulerBuilder,org.springframework.boot.task.ThreadPoolTaskSchedulerBuilder; SearchStrategy: all) did not find any beans (OnBeanCondition)

   TransactionAutoConfiguration matched:
      - @ConditionalOnClass found required class 'org.springframework.transaction.PlatformTransactionManager' (OnClassCondition)

   TransactionAutoConfiguration.EnableTransactionManagementConfiguration matched:
      - @ConditionalOnBean (types: org.springframework.transaction.TransactionManager; SearchStrategy: all) found bean 'transactionManager'; @ConditionalOnMissingBean (types: org.springframework.transaction.annotation.AbstractTransactionManagementConfiguration; SearchStrategy: all) did not find any beans (OnBeanCondition)

   TransactionAutoConfiguration.EnableTransactionManagementConfiguration.CglibAutoProxyConfiguration matched:
      - @ConditionalOnProperty (spring.aop.proxy-target-class=true) matched (OnPropertyCondition)

   TransactionAutoConfiguration.TransactionTemplateConfiguration matched:
      - @ConditionalOnSingleCandidate (types: org.springframework.transaction.PlatformTransactionManager; SearchStrategy: all) found a single bean 'transactionManager' (OnBeanCondition)

   TransactionAutoConfiguration.TransactionTemplateConfiguration#transactionTemplate matched:
      - @ConditionalOnMissingBean (types: org.springframework.transaction.support.TransactionOperations; SearchStrategy: all) did not find any beans (OnBeanCondition)

   TransactionManagerCustomizationAutoConfiguration matched:
      - @ConditionalOnClass found required class 'org.springframework.transaction.PlatformTransactionManager' (OnClassCondition)

   TransactionManagerCustomizationAutoConfiguration#platformTransactionManagerCustomizers matched:
      - @ConditionalOnMissingBean (types: org.springframework.boot.autoconfigure.transaction.TransactionManagerCustomizers; SearchStrategy: all) did not find any beans (OnBeanCondition)

   ValidationAutoConfiguration matched:
      - @ConditionalOnClass found required class 'jakarta.validation.executable.ExecutableValidator' (OnClassCondition)
      - @ConditionalOnResource found location classpath:META-INF/services/jakarta.validation.spi.ValidationProvider (OnResourceCondition)

   ValidationAutoConfiguration#defaultValidator matched:
      - @ConditionalOnMissingBean (types: jakarta.validation.Validator; SearchStrategy: all) did not find any beans (OnBeanCondition)

   ValidationAutoConfiguration#methodValidationPostProcessor matched:
      - @ConditionalOnMissingBean (types: org.springframework.validation.beanvalidation.MethodValidationPostProcessor; SearchStrategy: current) did not find any beans (OnBeanCondition)

   WebMvcAutoConfiguration matched:
      - @ConditionalOnClass found required classes 'jakarta.servlet.Servlet', 'org.springframework.web.servlet.DispatcherServlet', 'org.springframework.web.servlet.config.annotation.WebMvcConfigurer' (OnClassCondition)
      - found 'session' scope (OnWebApplicationCondition)
      - @ConditionalOnMissingBean (types: org.springframework.web.servlet.config.annotation.WebMvcConfigurationSupport; SearchStrategy: all) did not find any beans (OnBeanCondition)

   WebMvcAutoConfiguration#formContentFilter matched:
      - @ConditionalOnProperty (spring.mvc.formcontent.filter.enabled) matched (OnPropertyCondition)
      - @ConditionalOnMissingBean (types: org.springframework.web.filter.FormContentFilter; SearchStrategy: all) did not find any beans (OnBeanCondition)

   WebMvcAutoConfiguration.EnableWebMvcConfiguration#flashMapManager matched:
      - @ConditionalOnMissingBean (names: flashMapManager; SearchStrategy: all) did not find any beans (OnBeanCondition)

   WebMvcAutoConfiguration.EnableWebMvcConfiguration#localeResolver matched:
      - @ConditionalOnMissingBean (names: localeResolver; SearchStrategy: all) did not find any beans (OnBeanCondition)

   WebMvcAutoConfiguration.EnableWebMvcConfiguration#themeResolver matched:
      - @ConditionalOnMissingBean (names: themeResolver; SearchStrategy: all) did not find any beans (OnBeanCondition)

   WebMvcAutoConfiguration.WebMvcAutoConfigurationAdapter#defaultViewResolver matched:
      - @ConditionalOnMissingBean (types: org.springframework.web.servlet.view.InternalResourceViewResolver; SearchStrategy: all) did not find any beans (OnBeanCondition)

   WebMvcAutoConfiguration.WebMvcAutoConfigurationAdapter#requestContextFilter matched:
      - @ConditionalOnMissingBean (types: org.springframework.web.context.request.RequestContextListener,org.springframework.web.filter.RequestContextFilter; SearchStrategy: all) did not find any beans (OnBeanCondition)

   WebMvcAutoConfiguration.WebMvcAutoConfigurationAdapter#viewResolver matched:
      - @ConditionalOnBean (types: org.springframework.web.servlet.ViewResolver; SearchStrategy: all) found beans 'defaultViewResolver', 'beanNameViewResolver', 'mvcViewResolver'; @ConditionalOnMissingBean (names: viewResolver types: org.springframework.web.servlet.view.ContentNegotiatingViewResolver; SearchStrategy: all) did not find any beans (OnBeanCondition)

   WebSocketServletAutoConfiguration matched:
      - @ConditionalOnClass found required classes 'jakarta.servlet.Servlet', 'jakarta.websocket.server.ServerContainer' (OnClassCondition)
      - found 'session' scope (OnWebApplicationCondition)

   WebSocketServletAutoConfiguration.TomcatWebSocketConfiguration matched:
      - @ConditionalOnClass found required classes 'org.apache.catalina.startup.Tomcat', 'org.apache.tomcat.websocket.server.WsSci' (OnClassCondition)

   WebSocketServletAutoConfiguration.TomcatWebSocketConfiguration#websocketServletWebServerCustomizer matched:
      - @ConditionalOnMissingBean (names: websocketServletWebServerCustomizer; SearchStrategy: all) did not find any beans (OnBeanCondition)


Negative matches:
-----------------

   ActiveMQAutoConfiguration:
      Did not match:
         - @ConditionalOnClass did not find required class 'jakarta.jms.ConnectionFactory' (OnClassCondition)

   AopAutoConfiguration.AspectJAutoProxyingConfiguration.JdkDynamicAutoProxyConfiguration:
      Did not match:
         - @ConditionalOnProperty (spring.aop.proxy-target-class=false) did not find property 'proxy-target-class' (OnPropertyCondition)

   AopAutoConfiguration.ClassProxyingConfiguration:
      Did not match:
         - @ConditionalOnMissingClass found unwanted class 'org.aspectj.weaver.Advice' (OnClassCondition)

   ArtemisAutoConfiguration:
      Did not match:
         - @ConditionalOnClass did not find required class 'jakarta.jms.ConnectionFactory' (OnClassCondition)

   BatchAutoConfiguration:
      Did not match:
         - @ConditionalOnClass did not find required class 'org.springframework.batch.core.launch.JobLauncher' (OnClassCondition)

   Cache2kCacheConfiguration:
      Did not match:
         - @ConditionalOnClass did not find required class 'org.cache2k.Cache2kBuilder' (OnClassCondition)

   CacheAutoConfiguration:
      Did not match:
         - @ConditionalOnBean (types: org.springframework.cache.interceptor.CacheAspectSupport; SearchStrategy: all) did not find any beans of type org.springframework.cache.interceptor.CacheAspectSupport (OnBeanCondition)
      Matched:
         - @ConditionalOnClass found required class 'org.springframework.cache.CacheManager' (OnClassCondition)

   CacheAutoConfiguration.CacheManagerEntityManagerFactoryDependsOnPostProcessor:
      Did not match:
         - Ancestor org.springframework.boot.autoconfigure.cache.CacheAutoConfiguration did not match (ConditionEvaluationReport.AncestorsMatchedCondition)
      Matched:
         - @ConditionalOnClass found required class 'org.springframework.orm.jpa.LocalContainerEntityManagerFactoryBean' (OnClassCondition)

   CaffeineCacheConfiguration:
      Did not match:
         - @ConditionalOnClass did not find required class 'com.github.benmanes.caffeine.cache.Caffeine' (OnClassCondition)

   CassandraAutoConfiguration:
      Did not match:
         - @ConditionalOnClass did not find required class 'com.datastax.oss.driver.api.core.CqlSession' (OnClassCondition)

   CassandraDataAutoConfiguration:
      Did not match:
         - @ConditionalOnClass did not find required class 'com.datastax.oss.driver.api.core.CqlSession' (OnClassCondition)

   CassandraReactiveDataAutoConfiguration:
      Did not match:
         - @ConditionalOnClass did not find required class 'com.datastax.oss.driver.api.core.CqlSession' (OnClassCondition)

   CassandraReactiveRepositoriesAutoConfiguration:
      Did not match:
         - @ConditionalOnClass did not find required class 'org.springframework.data.cassandra.ReactiveSession' (OnClassCondition)

   CassandraRepositoriesAutoConfiguration:
      Did not match:
         - @ConditionalOnClass did not find required class 'com.datastax.oss.driver.api.core.CqlSession' (OnClassCondition)

   ClientHttpConnectorAutoConfiguration:
      Did not match:
         - @ConditionalOnClass did not find required class 'org.springframework.web.reactive.function.client.WebClient' (OnClassCondition)

   CodecsAutoConfiguration:
      Did not match:
         - @ConditionalOnClass did not find required class 'org.springframework.web.reactive.function.client.WebClient' (OnClassCondition)

   CouchbaseAutoConfiguration:
      Did not match:
         - @ConditionalOnClass did not find required class 'com.couchbase.client.java.Cluster' (OnClassCondition)

   CouchbaseCacheConfiguration:
      Did not match:
         - @ConditionalOnClass did not find required class 'com.couchbase.client.java.Cluster' (OnClassCondition)

   CouchbaseDataAutoConfiguration:
      Did not match:
         - @ConditionalOnClass did not find required class 'com.couchbase.client.java.Bucket' (OnClassCondition)

   CouchbaseReactiveDataAutoConfiguration:
      Did not match:
         - @ConditionalOnClass did not find required class 'com.couchbase.client.java.Cluster' (OnClassCondition)

   CouchbaseReactiveRepositoriesAutoConfiguration:
      Did not match:
         - @ConditionalOnClass did not find required class 'com.couchbase.client.java.Cluster' (OnClassCondition)

   CouchbaseRepositoriesAutoConfiguration:
      Did not match:
         - @ConditionalOnClass did not find required class 'com.couchbase.client.java.Bucket' (OnClassCondition)

   DataSourceAutoConfiguration.EmbeddedDatabaseConfiguration:
      Did not match:
         - EmbeddedDataSource spring.datasource.url is set (DataSourceAutoConfiguration.EmbeddedDatabaseCondition)

   DataSourceCheckpointRestoreConfiguration:
      Did not match:
         - @ConditionalOnClass did not find required class 'org.crac.Resource' (OnClassCondition)

   DataSourceConfiguration.Dbcp2:
      Did not match:
         - @ConditionalOnClass did not find required class 'org.apache.commons.dbcp2.BasicDataSource' (OnClassCondition)

   DataSourceConfiguration.Generic:
      Did not match:
         - @ConditionalOnProperty (spring.datasource.type) did not find property 'spring.datasource.type' (OnPropertyCondition)

   DataSourceConfiguration.OracleUcp:
      Did not match:
         - @ConditionalOnClass did not find required classes 'oracle.ucp.jdbc.PoolDataSourceImpl', 'oracle.jdbc.OracleConnection' (OnClassCondition)

   DataSourceConfiguration.Tomcat:
      Did not match:
         - @ConditionalOnClass did not find required class 'org.apache.tomcat.jdbc.pool.DataSource' (OnClassCondition)

   DataSourceJmxConfiguration:
      Did not match:
         - @ConditionalOnProperty (spring.jmx.enabled=true) found different value in property 'enabled' (OnPropertyCondition)

   DataSourcePoolMetadataProvidersConfiguration.CommonsDbcp2PoolDataSourceMetadataProviderConfiguration:
      Did not match:
         - @ConditionalOnClass did not find required class 'org.apache.commons.dbcp2.BasicDataSource' (OnClassCondition)

   DataSourcePoolMetadataProvidersConfiguration.OracleUcpPoolDataSourceMetadataProviderConfiguration:
      Did not match:
         - @ConditionalOnClass did not find required classes 'oracle.ucp.jdbc.PoolDataSource', 'oracle.jdbc.OracleConnection' (OnClassCondition)

   DataSourcePoolMetadataProvidersConfiguration.TomcatDataSourcePoolMetadataProviderConfiguration:
      Did not match:
         - @ConditionalOnClass did not find required class 'org.apache.tomcat.jdbc.pool.DataSource' (OnClassCondition)

   DataSourceTransactionManagerAutoConfiguration.JdbcTransactionManagerConfiguration#transactionManager:
      Did not match:
         - @ConditionalOnMissingBean (types: org.springframework.transaction.TransactionManager; SearchStrategy: all) found beans of type 'org.springframework.transaction.TransactionManager' transactionManager (OnBeanCondition)

   DispatcherServletAutoConfiguration.DispatcherServletConfiguration#multipartResolver:
      Did not match:
         - @ConditionalOnBean (types: org.springframework.web.multipart.MultipartResolver; SearchStrategy: all) did not find any beans of type org.springframework.web.multipart.MultipartResolver (OnBeanCondition)

   ElasticsearchClientAutoConfiguration:
      Did not match:
         - @ConditionalOnClass did not find required class 'co.elastic.clients.elasticsearch.ElasticsearchClient' (OnClassCondition)

   ElasticsearchDataAutoConfiguration:
      Did not match:
         - @ConditionalOnClass did not find required class 'org.springframework.data.elasticsearch.client.elc.ElasticsearchTemplate' (OnClassCondition)

   ElasticsearchRepositoriesAutoConfiguration:
      Did not match:
         - @ConditionalOnClass did not find required class 'org.springframework.data.elasticsearch.repository.ElasticsearchRepository' (OnClassCondition)

   ElasticsearchRestClientAutoConfiguration:
      Did not match:
         - @ConditionalOnClass did not find required class 'org.elasticsearch.client.RestClientBuilder' (OnClassCondition)

   EmbeddedLdapAutoConfiguration:
      Did not match:
         - @ConditionalOnClass did not find required class 'com.unboundid.ldap.listener.InMemoryDirectoryServer' (OnClassCondition)

   EmbeddedWebServerFactoryCustomizerAutoConfiguration:
      Did not match:
         - Application is deployed as a WAR file. (OnWarDeploymentCondition)
      Matched:
         - @ConditionalOnWebApplication (required) found 'session' scope (OnWebApplicationCondition)

   ErrorWebFluxAutoConfiguration:
      Did not match:
         - @ConditionalOnClass did not find required class 'org.springframework.web.reactive.config.WebFluxConfigurer' (OnClassCondition)

   FlywayAutoConfiguration.FlywayConfiguration#oracleFlywayConfigurationCustomizer:
      Did not match:
         - @ConditionalOnClass did not find required class 'org.flywaydb.database.oracle.OracleConfigurationExtension' (OnClassCondition)

   FlywayAutoConfiguration.FlywayConfiguration#sqlServerFlywayConfigurationCustomizer:
      Did not match:
         - @ConditionalOnClass did not find required class 'org.flywaydb.database.sqlserver.SQLServerConfigurationExtension' (OnClassCondition)

   FreeMarkerAutoConfiguration:
      Did not match:
         - @ConditionalOnClass did not find required class 'freemarker.template.Configuration' (OnClassCondition)

   GraphQlAutoConfiguration:
      Did not match:
         - @ConditionalOnClass did not find required class 'graphql.GraphQL' (OnClassCondition)

   GraphQlQueryByExampleAutoConfiguration:
      Did not match:
         - @ConditionalOnClass did not find required class 'graphql.GraphQL' (OnClassCondition)

   GraphQlQuerydslAutoConfiguration:
      Did not match:
         - @ConditionalOnClass did not find required class 'com.querydsl.core.Query' (OnClassCondition)

   GraphQlRSocketAutoConfiguration:
      Did not match:
         - @ConditionalOnClass did not find required class 'graphql.GraphQL' (OnClassCondition)

   GraphQlReactiveQueryByExampleAutoConfiguration:
      Did not match:
         - @ConditionalOnClass did not find required class 'graphql.GraphQL' (OnClassCondition)

   GraphQlReactiveQuerydslAutoConfiguration:
      Did not match:
         - @ConditionalOnClass did not find required class 'com.querydsl.core.Query' (OnClassCondition)

   GraphQlWebFluxAutoConfiguration:
      Did not match:
         - @ConditionalOnClass did not find required class 'graphql.GraphQL' (OnClassCondition)

   GraphQlWebFluxSecurityAutoConfiguration:
      Did not match:
         - @ConditionalOnClass did not find required class 'graphql.GraphQL' (OnClassCondition)

   GraphQlWebMvcAutoConfiguration:
      Did not match:
         - @ConditionalOnClass did not find required class 'graphql.GraphQL' (OnClassCondition)

   GraphQlWebMvcSecurityAutoConfiguration:
      Did not match:
         - @ConditionalOnClass did not find required class 'graphql.GraphQL' (OnClassCondition)

   GroovyTemplateAutoConfiguration:
      Did not match:
         - @ConditionalOnClass did not find required class 'groovy.text.markup.MarkupTemplateEngine' (OnClassCondition)

   GsonHttpMessageConvertersConfiguration.GsonHttpMessageConverterConfiguration:
      Did not match:
         - AnyNestedCondition 0 matched 2 did not; NestedCondition on GsonHttpMessageConvertersConfiguration.PreferGsonOrJacksonAndJsonbUnavailableCondition.JacksonJsonbUnavailable NoneNestedConditions 1 matched 1 did not; NestedCondition on GsonHttpMessageConvertersConfiguration.JacksonAndJsonbUnavailableCondition.JsonbPreferred @ConditionalOnProperty (spring.mvc.converters.preferred-json-mapper=jsonb) did not find property 'spring.mvc.converters.preferred-json-mapper'; NestedCondition on GsonHttpMessageConvertersConfiguration.JacksonAndJsonbUnavailableCondition.JacksonAvailable @ConditionalOnBean (types: org.springframework.http.converter.json.MappingJackson2HttpMessageConverter; SearchStrategy: all) found bean 'mappingJackson2HttpMessageConverter'; NestedCondition on GsonHttpMessageConvertersConfiguration.PreferGsonOrJacksonAndJsonbUnavailableCondition.GsonPreferred @ConditionalOnProperty (spring.mvc.converters.preferred-json-mapper=gson) did not find property 'spring.mvc.converters.preferred-json-mapper' (GsonHttpMessageConvertersConfiguration.PreferGsonOrJacksonAndJsonbUnavailableCondition)

   HazelcastAutoConfiguration:
      Did not match:
         - @ConditionalOnClass did not find required class 'com.hazelcast.core.HazelcastInstance' (OnClassCondition)

   HazelcastCacheConfiguration:
      Did not match:
         - @ConditionalOnClass did not find required class 'com.hazelcast.core.HazelcastInstance' (OnClassCondition)

   HazelcastJpaDependencyAutoConfiguration:
      Did not match:
         - @ConditionalOnClass did not find required class 'com.hazelcast.core.HazelcastInstance' (OnClassCondition)

   HttpHandlerAutoConfiguration:
      Did not match:
         - @ConditionalOnClass did not find required class 'org.springframework.web.reactive.DispatcherHandler' (OnClassCondition)

   HypermediaAutoConfiguration:
      Did not match:
         - @ConditionalOnClass did not find required class 'org.springframework.hateoas.EntityModel' (OnClassCondition)

   InfinispanCacheConfiguration:
      Did not match:
         - @ConditionalOnClass did not find required class 'org.infinispan.spring.embedded.provider.SpringEmbeddedCacheManager' (OnClassCondition)

   InfluxDbAutoConfiguration:
      Did not match:
         - @ConditionalOnClass did not find required class 'org.influxdb.InfluxDB' (OnClassCondition)

   IntegrationAutoConfiguration:
      Did not match:
         - @ConditionalOnClass did not find required class 'org.springframework.integration.config.EnableIntegration' (OnClassCondition)

   JCacheCacheConfiguration:
      Did not match:
         - @ConditionalOnClass did not find required class 'javax.cache.Caching' (OnClassCondition)

   JacksonHttpMessageConvertersConfiguration.MappingJackson2XmlHttpMessageConverterConfiguration:
      Did not match:
         - @ConditionalOnClass did not find required class 'com.fasterxml.jackson.dataformat.xml.XmlMapper' (OnClassCondition)

   JdbcRepositoriesAutoConfiguration:
      Did not match:
         - @ConditionalOnClass did not find required class 'org.springframework.data.jdbc.repository.config.AbstractJdbcConfiguration' (OnClassCondition)

   JerseyAutoConfiguration:
      Did not match:
         - @ConditionalOnClass did not find required class 'org.glassfish.jersey.server.spring.SpringComponentProvider' (OnClassCondition)

   JmsAutoConfiguration:
      Did not match:
         - @ConditionalOnClass did not find required class 'jakarta.jms.Message' (OnClassCondition)

   JmxAutoConfiguration:
      Did not match:
         - @ConditionalOnProperty (spring.jmx.enabled=true) found different value in property 'enabled' (OnPropertyCondition)
      Matched:
         - @ConditionalOnClass found required class 'org.springframework.jmx.export.MBeanExporter' (OnClassCondition)

   JndiConnectionFactoryAutoConfiguration:
      Did not match:
         - @ConditionalOnClass did not find required class 'org.springframework.jms.core.JmsTemplate' (OnClassCondition)

   JndiDataSourceAutoConfiguration:
      Did not match:
         - @ConditionalOnProperty (spring.datasource.jndi-name) did not find property 'jndi-name' (OnPropertyCondition)
      Matched:
         - @ConditionalOnClass found required classes 'javax.sql.DataSource', 'org.springframework.jdbc.datasource.embedded.EmbeddedDatabaseType' (OnClassCondition)

   JndiJtaConfiguration:
      Did not match:
         - @ConditionalOnJndi JNDI environment is not available (OnJndiCondition)
      Matched:
         - @ConditionalOnClass found required class 'org.springframework.transaction.jta.JtaTransactionManager' (OnClassCondition)

   JooqAutoConfiguration:
      Did not match:
         - @ConditionalOnClass did not find required class 'org.jooq.DSLContext' (OnClassCondition)

   JpaRepositoriesAutoConfiguration#entityManagerFactoryBootstrapExecutorCustomizer:
      Did not match:
         - AnyNestedCondition 0 matched 2 did not; NestedCondition on JpaRepositoriesAutoConfiguration.BootstrapExecutorCondition.LazyBootstrapMode @ConditionalOnProperty (spring.data.jpa.repositories.bootstrap-mode=lazy) did not find property 'bootstrap-mode'; NestedCondition on JpaRepositoriesAutoConfiguration.BootstrapExecutorCondition.DeferredBootstrapMode @ConditionalOnProperty (spring.data.jpa.repositories.bootstrap-mode=deferred) did not find property 'bootstrap-mode' (JpaRepositoriesAutoConfiguration.BootstrapExecutorCondition)

   JsonbAutoConfiguration:
      Did not match:
         - @ConditionalOnClass did not find required class 'jakarta.json.bind.Jsonb' (OnClassCondition)

   JsonbHttpMessageConvertersConfiguration:
      Did not match:
         - @ConditionalOnClass did not find required class 'jakarta.json.bind.Jsonb' (OnClassCondition)

   KafkaAutoConfiguration:
      Did not match:
         - @ConditionalOnClass did not find required class 'org.springframework.kafka.core.KafkaTemplate' (OnClassCondition)

   LdapAutoConfiguration:
      Did not match:
         - @ConditionalOnClass did not find required class 'org.springframework.ldap.core.ContextSource' (OnClassCondition)

   LdapRepositoriesAutoConfiguration:
      Did not match:
         - @ConditionalOnClass did not find required class 'org.springframework.data.ldap.repository.LdapRepository' (OnClassCondition)

   LiquibaseAutoConfiguration:
      Did not match:
         - @ConditionalOnClass did not find required class 'liquibase.change.DatabaseChange' (OnClassCondition)

   MailSenderAutoConfiguration:
      Did not match:
         - @ConditionalOnClass did not find required class 'jakarta.mail.internet.MimeMessage' (OnClassCondition)

   MailSenderValidatorAutoConfiguration:
      Did not match:
         - @ConditionalOnSingleCandidate did not find required type 'org.springframework.mail.javamail.JavaMailSenderImpl' (OnBeanCondition)

   MessageSourceAutoConfiguration:
      Did not match:
         - ResourceBundle did not find bundle with basename messages (MessageSourceAutoConfiguration.ResourceBundleCondition)

   MockMvcAutoConfiguration#dispatcherServlet:
      Did not match:
         - @ConditionalOnMissingBean (types: org.springframework.web.servlet.DispatcherServlet; SearchStrategy: all) found beans of type 'org.springframework.web.servlet.DispatcherServlet' dispatcherServlet (OnBeanCondition)

   MockMvcAutoConfiguration#dispatcherServletPath:
      Did not match:
         - @ConditionalOnMissingBean (types: org.springframework.boot.autoconfigure.web.servlet.DispatcherServletPath; SearchStrategy: all) found beans of type 'org.springframework.boot.autoconfigure.web.servlet.DispatcherServletPath' dispatcherServletRegistration (OnBeanCondition)

   MockMvcAutoConfiguration.WebTestClientMockMvcConfiguration:
      Did not match:
         - @ConditionalOnClass did not find required class 'org.springframework.web.reactive.function.client.WebClient' (OnClassCondition)

   MockMvcWebClientAutoConfiguration:
      Did not match:
         - @ConditionalOnClass did not find required class 'com.gargoylesoftware.htmlunit.WebClient' (OnClassCondition)

   MockMvcWebDriverAutoConfiguration:
      Did not match:
         - @ConditionalOnClass did not find required class 'org.openqa.selenium.htmlunit.HtmlUnitDriver' (OnClassCondition)

   MongoAutoConfiguration:
      Did not match:
         - @ConditionalOnClass did not find required class 'com.mongodb.client.MongoClient' (OnClassCondition)

   MongoDataAutoConfiguration:
      Did not match:
         - @ConditionalOnClass did not find required class 'com.mongodb.client.MongoClient' (OnClassCondition)

   MongoReactiveAutoConfiguration:
      Did not match:
         - @ConditionalOnClass did not find required class 'com.mongodb.reactivestreams.client.MongoClient' (OnClassCondition)

   MongoReactiveDataAutoConfiguration:
      Did not match:
         - @ConditionalOnClass did not find required class 'com.mongodb.reactivestreams.client.MongoClient' (OnClassCondition)

   MongoReactiveRepositoriesAutoConfiguration:
      Did not match:
         - @ConditionalOnClass did not find required class 'com.mongodb.reactivestreams.client.MongoClient' (OnClassCondition)

   MongoRepositoriesAutoConfiguration:
      Did not match:
         - @ConditionalOnClass did not find required class 'com.mongodb.client.MongoClient' (OnClassCondition)

   MustacheAutoConfiguration:
      Did not match:
         - @ConditionalOnClass did not find required class 'com.samskivert.mustache.Mustache' (OnClassCondition)

   Neo4jAutoConfiguration:
      Did not match:
         - @ConditionalOnClass did not find required class 'org.neo4j.driver.Driver' (OnClassCondition)

   Neo4jDataAutoConfiguration:
      Did not match:
         - @ConditionalOnClass did not find required class 'org.neo4j.driver.Driver' (OnClassCondition)

   Neo4jReactiveDataAutoConfiguration:
      Did not match:
         - @ConditionalOnClass did not find required class 'org.neo4j.driver.Driver' (OnClassCondition)

   Neo4jReactiveRepositoriesAutoConfiguration:
      Did not match:
         - @ConditionalOnClass did not find required class 'org.neo4j.driver.Driver' (OnClassCondition)

   Neo4jRepositoriesAutoConfiguration:
      Did not match:
         - @ConditionalOnClass did not find required class 'org.neo4j.driver.Driver' (OnClassCondition)

   NettyAutoConfiguration:
      Did not match:
         - @ConditionalOnClass did not find required class 'io.netty.util.NettyRuntime' (OnClassCondition)

   OAuth2AuthorizationServerAutoConfiguration:
      Did not match:
         - @ConditionalOnClass did not find required class 'org.springframework.security.oauth2.server.authorization.OAuth2Authorization' (OnClassCondition)

   OAuth2AuthorizationServerJwtAutoConfiguration:
      Did not match:
         - @ConditionalOnClass did not find required class 'org.springframework.security.oauth2.server.authorization.OAuth2Authorization' (OnClassCondition)

   OAuth2ClientAutoConfiguration:
      Did not match:
         - @ConditionalOnClass did not find required class 'org.springframework.security.oauth2.client.registration.ClientRegistration' (OnClassCondition)

   OAuth2ResourceServerAutoConfiguration:
      Did not match:
         - @ConditionalOnClass did not find required class 'org.springframework.security.oauth2.server.resource.authentication.BearerTokenAuthenticationToken' (OnClassCondition)

   ProjectInfoAutoConfiguration#buildProperties:
      Did not match:
         - @ConditionalOnResource did not find resource '${spring.info.build.location:classpath:META-INF/build-info.properties}' (OnResourceCondition)

   ProjectInfoAutoConfiguration#gitProperties:
      Did not match:
         - GitResource did not find git info at classpath:git.properties (ProjectInfoAutoConfiguration.GitResourceAvailableCondition)

   PulsarAutoConfiguration:
      Did not match:
         - @ConditionalOnClass did not find required class 'org.apache.pulsar.client.api.PulsarClient' (OnClassCondition)

   PulsarReactiveAutoConfiguration:
      Did not match:
         - @ConditionalOnClass did not find required class 'org.apache.pulsar.client.api.PulsarClient' (OnClassCondition)

   QuartzAutoConfiguration:
      Did not match:
         - @ConditionalOnClass did not find required class 'org.quartz.Scheduler' (OnClassCondition)

   R2dbcAutoConfiguration:
      Did not match:
         - @ConditionalOnClass did not find required class 'io.r2dbc.spi.ConnectionFactory' (OnClassCondition)

   R2dbcDataAutoConfiguration:
      Did not match:
         - @ConditionalOnClass did not find required class 'org.springframework.data.r2dbc.core.R2dbcEntityTemplate' (OnClassCondition)

   R2dbcInitializationConfiguration:
      Did not match:
         - @ConditionalOnClass did not find required classes 'io.r2dbc.spi.ConnectionFactory', 'org.springframework.r2dbc.connection.init.DatabasePopulator' (OnClassCondition)

   R2dbcRepositoriesAutoConfiguration:
      Did not match:
         - @ConditionalOnClass did not find required class 'io.r2dbc.spi.ConnectionFactory' (OnClassCondition)

   R2dbcTransactionManagerAutoConfiguration:
      Did not match:
         - @ConditionalOnClass did not find required class 'org.springframework.r2dbc.connection.R2dbcTransactionManager' (OnClassCondition)

   RSocketGraphQlClientAutoConfiguration:
      Did not match:
         - @ConditionalOnClass did not find required class 'graphql.GraphQL' (OnClassCondition)

   RSocketMessagingAutoConfiguration:
      Did not match:
         - @ConditionalOnClass did not find required class 'io.rsocket.RSocket' (OnClassCondition)

   RSocketRequesterAutoConfiguration:
      Did not match:
         - @ConditionalOnClass did not find required class 'io.rsocket.RSocket' (OnClassCondition)

   RSocketSecurityAutoConfiguration:
      Did not match:
         - @ConditionalOnClass did not find required class 'org.springframework.security.rsocket.core.SecuritySocketAcceptorInterceptor' (OnClassCondition)

   RSocketServerAutoConfiguration:
      Did not match:
         - @ConditionalOnClass did not find required class 'io.rsocket.core.RSocketServer' (OnClassCondition)

   RSocketStrategiesAutoConfiguration:
      Did not match:
         - @ConditionalOnClass did not find required class 'io.netty.buffer.PooledByteBufAllocator' (OnClassCondition)

   RabbitAutoConfiguration:
      Did not match:
         - @ConditionalOnClass did not find required class 'com.rabbitmq.client.Channel' (OnClassCondition)

   ReactiveElasticsearchClientAutoConfiguration:
      Did not match:
         - @ConditionalOnClass did not find required class 'co.elastic.clients.transport.ElasticsearchTransport' (OnClassCondition)

   ReactiveElasticsearchRepositoriesAutoConfiguration:
      Did not match:
         - @ConditionalOnClass did not find required class 'org.springframework.data.elasticsearch.client.elc.ReactiveElasticsearchClient' (OnClassCondition)

   ReactiveMultipartAutoConfiguration:
      Did not match:
         - @ConditionalOnClass did not find required class 'org.springframework.web.reactive.config.WebFluxConfigurer' (OnClassCondition)

   ReactiveOAuth2ClientAutoConfiguration:
      Did not match:
         - @ConditionalOnClass did not find required class 'reactor.core.publisher.Flux' (OnClassCondition)

   ReactiveOAuth2ResourceServerAutoConfiguration:
      Did not match:
         - @ConditionalOnWebApplication did not find reactive web application classes (OnWebApplicationCondition)

   ReactiveSecurityAutoConfiguration:
      Did not match:
         - @ConditionalOnClass did not find required class 'reactor.core.publisher.Flux' (OnClassCondition)

   ReactiveUserDetailsServiceAutoConfiguration:
      Did not match:
         - AnyNestedCondition 0 matched 2 did not; NestedCondition on ReactiveUserDetailsServiceAutoConfiguration.RSocketEnabledOrReactiveWebApplication.ReactiveWebApplicationCondition did not find reactive web application classes; NestedCondition on ReactiveUserDetailsServiceAutoConfiguration.RSocketEnabledOrReactiveWebApplication.RSocketSecurityEnabledCondition @ConditionalOnBean (types: org.springframework.messaging.rsocket.annotation.support.RSocketMessageHandler; SearchStrategy: all) did not find any beans of type org.springframework.messaging.rsocket.annotation.support.RSocketMessageHandler (ReactiveUserDetailsServiceAutoConfiguration.RSocketEnabledOrReactiveWebApplication)
      Matched:
         - @ConditionalOnClass found required class 'org.springframework.security.authentication.ReactiveAuthenticationManager' (OnClassCondition)
         - AnyNestedCondition 3 matched 0 did not; NestedCondition on ReactiveUserDetailsServiceAutoConfiguration.MissingAlternativeOrUserPropertiesConfigured.PasswordConfigured @ConditionalOnProperty (spring.security.user.password) matched; NestedCondition on ReactiveUserDetailsServiceAutoConfiguration.MissingAlternativeOrUserPropertiesConfigured.NameConfigured @ConditionalOnProperty (spring.security.user.name) matched; NestedCondition on ReactiveUserDetailsServiceAutoConfiguration.MissingAlternativeOrUserPropertiesConfigured.MissingAlternative @ConditionalOnMissingClass did not find unwanted classes 'org.springframework.security.oauth2.client.registration.ClientRegistrationRepository', 'org.springframework.security.oauth2.server.resource.introspection.ReactiveOpaqueTokenIntrospector' (ReactiveUserDetailsServiceAutoConfiguration.MissingAlternativeOrUserPropertiesConfigured)

   ReactiveWebServerFactoryAutoConfiguration:
      Did not match:
         - @ConditionalOnWebApplication did not find reactive web application classes (OnWebApplicationCondition)

   ReactorAutoConfiguration:
      Did not match:
         - @ConditionalOnClass did not find required class 'reactor.core.publisher.Hooks' (OnClassCondition)

   RedisAutoConfiguration:
      Did not match:
         - @ConditionalOnClass did not find required class 'org.springframework.data.redis.core.RedisOperations' (OnClassCondition)

   RedisCacheConfiguration:
      Did not match:
         - @ConditionalOnClass did not find required class 'org.springframework.data.redis.connection.RedisConnectionFactory' (OnClassCondition)

   RedisReactiveAutoConfiguration:
      Did not match:
         - @ConditionalOnClass did not find required class 'reactor.core.publisher.Flux' (OnClassCondition)

   RedisRepositoriesAutoConfiguration:
      Did not match:
         - @ConditionalOnClass did not find required class 'org.springframework.data.redis.repository.configuration.EnableRedisRepositories' (OnClassCondition)

   RepositoryRestMvcAutoConfiguration:
      Did not match:
         - @ConditionalOnClass did not find required class 'org.springframework.data.rest.webmvc.config.RepositoryRestMvcConfiguration' (OnClassCondition)

   Saml2RelyingPartyAutoConfiguration:
      Did not match:
         - @ConditionalOnClass did not find required class 'org.springframework.security.saml2.provider.service.registration.RelyingPartyRegistrationRepository' (OnClassCondition)

   SecurityDataConfiguration:
      Did not match:
         - @ConditionalOnClass did not find required class 'org.springframework.security.data.repository.query.SecurityEvaluationContextExtension' (OnClassCondition)

   SendGridAutoConfiguration:
      Did not match:
         - @ConditionalOnClass did not find required class 'com.sendgrid.SendGrid' (OnClassCondition)

   ServletWebServerFactoryAutoConfiguration.ForwardedHeaderFilterConfiguration:
      Did not match:
         - @ConditionalOnProperty (server.forward-headers-strategy=framework) did not find property 'server.forward-headers-strategy' (OnPropertyCondition)

   ServletWebServerFactoryConfiguration.EmbeddedJetty:
      Did not match:
         - @ConditionalOnClass did not find required classes 'org.eclipse.jetty.server.Server', 'org.eclipse.jetty.util.Loader', 'org.eclipse.jetty.ee10.webapp.WebAppContext' (OnClassCondition)

   ServletWebServerFactoryConfiguration.EmbeddedUndertow:
      Did not match:
         - @ConditionalOnClass did not find required classes 'io.undertow.Undertow', 'org.xnio.SslClientAuthMode' (OnClassCondition)

   SessionAutoConfiguration:
      Did not match:
         - @ConditionalOnClass did not find required class 'org.springframework.session.Session' (OnClassCondition)

   SpringApplicationAdminJmxAutoConfiguration:
      Did not match:
         - @ConditionalOnProperty (spring.application.admin.enabled=true) did not find property 'enabled' (OnPropertyCondition)

   SpringBootWebSecurityConfiguration.SecurityFilterChainConfiguration:
      Did not match:
         - AllNestedConditions 1 matched 1 did not; NestedCondition on DefaultWebSecurityCondition.Beans @ConditionalOnMissingBean (types: org.springframework.security.web.SecurityFilterChain; SearchStrategy: all) found beans of type 'org.springframework.security.web.SecurityFilterChain' securityFilterChain; NestedCondition on DefaultWebSecurityCondition.Classes @ConditionalOnClass found required classes 'org.springframework.security.web.SecurityFilterChain', 'org.springframework.security.config.annotation.web.builders.HttpSecurity' (DefaultWebSecurityCondition)

   TaskExecutorConfigurations.SimpleAsyncTaskExecutorBuilderConfiguration#simpleAsyncTaskExecutorBuilderVirtualThreads:
      Did not match:
         - @ConditionalOnMissingBean (types: org.springframework.boot.task.SimpleAsyncTaskExecutorBuilder; SearchStrategy: all) found beans of type 'org.springframework.boot.task.SimpleAsyncTaskExecutorBuilder' simpleAsyncTaskExecutorBuilder (OnBeanCondition)

   TaskExecutorConfigurations.TaskExecutorConfiguration#applicationTaskExecutorVirtualThreads:
      Did not match:
         - @ConditionalOnThreading did not find VIRTUAL (OnThreadingCondition)

   TaskSchedulingAutoConfiguration#scheduledBeanLazyInitializationExcludeFilter:
      Did not match:
         - @ConditionalOnBean (names: org.springframework.context.annotation.internalScheduledAnnotationProcessor; SearchStrategy: all) did not find any beans named org.springframework.context.annotation.internalScheduledAnnotationProcessor (OnBeanCondition)

   TaskSchedulingConfigurations.SimpleAsyncTaskSchedulerBuilderConfiguration#simpleAsyncTaskSchedulerBuilderVirtualThreads:
      Did not match:
         - @ConditionalOnMissingBean (types: org.springframework.boot.task.SimpleAsyncTaskSchedulerBuilder; SearchStrategy: all) found beans of type 'org.springframework.boot.task.SimpleAsyncTaskSchedulerBuilder' simpleAsyncTaskSchedulerBuilder (OnBeanCondition)

   TaskSchedulingConfigurations.TaskSchedulerConfiguration:
      Did not match:
         - @ConditionalOnBean (names: org.springframework.context.annotation.internalScheduledAnnotationProcessor; SearchStrategy: all) did not find any beans named org.springframework.context.annotation.internalScheduledAnnotationProcessor (OnBeanCondition)

   ThymeleafAutoConfiguration:
      Did not match:
         - @ConditionalOnClass did not find required class 'org.thymeleaf.spring6.SpringTemplateEngine' (OnClassCondition)

   TransactionAutoConfiguration#transactionalOperator:
      Did not match:
         - @ConditionalOnSingleCandidate (types: org.springframework.transaction.ReactiveTransactionManager; SearchStrategy: all) did not find any beans (OnBeanCondition)

   TransactionAutoConfiguration.AspectJTransactionManagementConfiguration:
      Did not match:
         - @ConditionalOnBean (types: org.springframework.transaction.aspectj.AbstractTransactionAspect; SearchStrategy: all) did not find any beans of type org.springframework.transaction.aspectj.AbstractTransactionAspect (OnBeanCondition)

   TransactionAutoConfiguration.EnableTransactionManagementConfiguration.JdkDynamicAutoProxyConfiguration:
      Did not match:
         - @ConditionalOnProperty (spring.aop.proxy-target-class=false) did not find property 'proxy-target-class' (OnPropertyCondition)

   UserDetailsServiceAutoConfiguration:
      Did not match:
         - @ConditionalOnMissingBean (types: org.springframework.security.authentication.AuthenticationManager,org.springframework.security.authentication.AuthenticationProvider,org.springframework.security.core.userdetails.UserDetailsService,org.springframework.security.authentication.AuthenticationManagerResolver,org.springframework.security.oauth2.jwt.JwtDecoder; SearchStrategy: all) found beans of type 'org.springframework.security.authentication.AuthenticationManager' authenticationManager and found beans of type 'org.springframework.security.core.userdetails.UserDetailsService' customUserDetailsService and found beans of type 'org.springframework.security.authentication.AuthenticationProvider' authenticationProvider (OnBeanCondition)
      Matched:
         - @ConditionalOnClass found required class 'org.springframework.security.authentication.AuthenticationManager' (OnClassCondition)
         - AnyNestedCondition 3 matched 0 did not; NestedCondition on UserDetailsServiceAutoConfiguration.MissingAlternativeOrUserPropertiesConfigured.PasswordConfigured @ConditionalOnProperty (spring.security.user.password) matched; NestedCondition on UserDetailsServiceAutoConfiguration.MissingAlternativeOrUserPropertiesConfigured.NameConfigured @ConditionalOnProperty (spring.security.user.name) matched; NestedCondition on UserDetailsServiceAutoConfiguration.MissingAlternativeOrUserPropertiesConfigured.MissingAlternative @ConditionalOnMissingClass did not find unwanted classes 'org.springframework.security.oauth2.client.registration.ClientRegistrationRepository', 'org.springframework.security.oauth2.server.resource.introspection.OpaqueTokenIntrospector', 'org.springframework.security.saml2.provider.service.registration.RelyingPartyRegistrationRepository' (UserDetailsServiceAutoConfiguration.MissingAlternativeOrUserPropertiesConfigured)

   WebClientAutoConfiguration:
      Did not match:
         - @ConditionalOnClass did not find required class 'org.springframework.web.reactive.function.client.WebClient' (OnClassCondition)

   WebFluxAutoConfiguration:
      Did not match:
         - @ConditionalOnClass did not find required class 'org.springframework.web.reactive.config.WebFluxConfigurer' (OnClassCondition)

   WebMvcAutoConfiguration#hiddenHttpMethodFilter:
      Did not match:
         - @ConditionalOnProperty (spring.mvc.hiddenmethod.filter.enabled) did not find property 'enabled' (OnPropertyCondition)

   WebMvcAutoConfiguration.ProblemDetailsErrorHandlingConfiguration:
      Did not match:
         - @ConditionalOnProperty (spring.mvc.problemdetails.enabled=true) did not find property 'enabled' (OnPropertyCondition)

   WebMvcAutoConfiguration.ResourceChainCustomizerConfiguration:
      Did not match:
         - @ConditionalOnEnabledResourceChain did not find class org.webjars.WebJarAssetLocator (OnEnabledResourceChainCondition)

   WebMvcAutoConfiguration.WebMvcAutoConfigurationAdapter#beanNameViewResolver:
      Did not match:
         - @ConditionalOnMissingBean (types: org.springframework.web.servlet.view.BeanNameViewResolver; SearchStrategy: all) found beans of type 'org.springframework.web.servlet.view.BeanNameViewResolver' beanNameViewResolver (OnBeanCondition)

   WebServiceTemplateAutoConfiguration:
      Did not match:
         - @ConditionalOnClass did not find required class 'org.springframework.oxm.Marshaller' (OnClassCondition)

   WebServicesAutoConfiguration:
      Did not match:
         - @ConditionalOnClass did not find required class 'org.springframework.ws.transport.http.MessageDispatcherServlet' (OnClassCondition)

   WebSessionIdResolverAutoConfiguration:
      Did not match:
         - @ConditionalOnClass did not find required class 'reactor.core.publisher.Mono' (OnClassCondition)

   WebSocketMessagingAutoConfiguration:
      Did not match:
         - @ConditionalOnClass did not find required class 'org.springframework.web.socket.config.annotation.WebSocketMessageBrokerConfigurer' (OnClassCondition)

   WebSocketReactiveAutoConfiguration:
      Did not match:
         - @ConditionalOnWebApplication did not find reactive web application classes (OnWebApplicationCondition)

   WebSocketServletAutoConfiguration.JettyWebSocketConfiguration:
      Did not match:
         - @ConditionalOnClass did not find required class 'org.eclipse.jetty.ee10.websocket.jakarta.server.config.JakartaWebSocketServletContainerInitializer' (OnClassCondition)

   WebSocketServletAutoConfiguration.UndertowWebSocketConfiguration:
      Did not match:
         - @ConditionalOnClass did not find required class 'io.undertow.websockets.jsr.Bootstrap' (OnClassCondition)

   WebTestClientAutoConfiguration:
      Did not match:
         - @ConditionalOnClass did not find required class 'org.springframework.web.reactive.function.client.WebClient' (OnClassCondition)

   XADataSourceAutoConfiguration:
      Did not match:
         - @ConditionalOnBean (types: org.springframework.boot.jdbc.XADataSourceWrapper; SearchStrategy: all) did not find any beans of type org.springframework.boot.jdbc.XADataSourceWrapper (OnBeanCondition)
      Matched:
         - @ConditionalOnClass found required classes 'javax.sql.DataSource', 'jakarta.transaction.TransactionManager', 'org.springframework.jdbc.datasource.embedded.EmbeddedDatabaseType' (OnClassCondition)


Exclusions:
-----------

    None


Unconditional classes:
----------------------

    org.springframework.boot.autoconfigure.context.ConfigurationPropertiesAutoConfiguration

    org.springframework.boot.autoconfigure.ssl.SslAutoConfiguration

    org.springframework.boot.autoconfigure.context.PropertyPlaceholderAutoConfiguration

    org.springframework.boot.autoconfigure.context.LifecycleAutoConfiguration

    org.springframework.boot.autoconfigure.availability.ApplicationAvailabilityAutoConfiguration

    org.springframework.boot.autoconfigure.info.ProjectInfoAutoConfiguration



2025-02-01 00:05:25,204 INFO  [main] o.s.b.StartupInfoLogger: Started AuthControllerTest in 8.431 seconds (process running for 10.524)
2025-02-01 00:05:25,205 DEBUG [main] o.s.b.a.ApplicationAvailabilityBean: Application availability state LivenessState changed to CORRECT
2025-02-01 00:05:25,208 DEBUG [main] o.s.b.a.ApplicationAvailabilityBean: Application availability state ReadinessState changed to ACCEPTING_TRAFFIC
2025-02-01 00:05:25,210 DEBUG [main] o.s.t.c.c.DefaultContextCache: Spring test ApplicationContext cache statistics: [DefaultContextCache@7882379b size = 1, maxSize = 32, parentContextCount = 0, hitCount = 0, missCount = 1, failureCount = 0]
2025-02-01 00:05:25,210 DEBUG [main] o.s.t.c.w.ServletTestExecutionListener: Setting up MockHttpServletRequest, MockHttpServletResponse, ServletWebRequest, and RequestContextHolder for test class com.example.secureblog.controller.AuthControllerTest
2025-02-01 00:05:25,225 DEBUG [main] o.s.t.c.s.DependencyInjectionTestExecutionListener: Performing dependency injection for test class com.example.secureblog.controller.AuthControllerTest
2025-02-01 00:05:25,225 DEBUG [main] o.s.t.c.c.DefaultContextCache: Spring test ApplicationContext cache statistics: [DefaultContextCache@7882379b size = 1, maxSize = 32, parentContextCount = 0, hitCount = 1, missCount = 1, failureCount = 0]
2025-02-01 00:05:25,229 DEBUG [main] o.s.t.c.c.DefaultContextCache: Spring test ApplicationContext cache statistics: [DefaultContextCache@7882379b size = 1, maxSize = 32, parentContextCount = 0, hitCount = 2, missCount = 1, failureCount = 0]
2025-02-01 00:05:25,241 DEBUG [main] o.s.t.c.s.AbstractDirtiesContextTestExecutionListener: Before test method: class [AuthControllerTest], method [whenRegisterWithInvalidPassword_thenReturns400], class annotated with @DirtiesContext [false] with mode [null], method annotated with @DirtiesContext [false] with mode [null]
2025-02-01 00:05:25,243 DEBUG [main] o.s.t.c.c.DefaultContextCache: Spring test ApplicationContext cache statistics: [DefaultContextCache@7882379b size = 1, maxSize = 32, parentContextCount = 0, hitCount = 3, missCount = 1, failureCount = 0]
2025-02-01 00:05:25,246 DEBUG [main] o.s.t.c.c.DefaultContextCache: Spring test ApplicationContext cache statistics: [DefaultContextCache@7882379b size = 1, maxSize = 32, parentContextCount = 0, hitCount = 4, missCount = 1, failureCount = 0]
mvn : Java HotSpot(TM) 64-Bit Server VM warning: Sharing is only supported for 
boot loader classes because bootstrap classpath has been appended
At line:1 char:1
+ mvn test > test_output.txt 2>&1
+ ~~~~~~~~~~~~~~~~~~~~~~~~~~~~~~~
    + CategoryInfo          : NotSpecified: (Java HotSpot(TM...s been appended 
   :String) [], RemoteException
    + FullyQualifiedErrorId : NativeCommandError
 
2025-02-01 00:05:26,101 DEBUG [main] o.s.t.c.c.DefaultContextCache: Spring test ApplicationContext cache statistics: [DefaultContextCache@7882379b size = 1, maxSize = 32, parentContextCount = 0, hitCount = 5, missCount = 1, failureCount = 0]
2025-02-01 00:05:26,179 DEBUG [main] o.s.s.w.FilterChainProxy: Securing POST /auth/register
2025-02-01 00:05:26,187 DEBUG [main] o.s.s.w.a.AnonymousAuthenticationFilter: Set SecurityContextHolder to anonymous SecurityContext
2025-02-01 00:05:26,188 DEBUG [main] o.s.s.w.FilterChainProxy: Secured POST /auth/register
2025-02-01 00:05:26,194 DEBUG [main] o.s.c.l.LogFormatUtils: POST "/auth/register", parameters={}
2025-02-01 00:05:26,197 DEBUG [main] o.s.w.s.h.AbstractHandlerMapping: Mapped to com.example.secureblog.controller.AuthController#register(RegisterRequest)
2025-02-01 00:05:26,198 DEBUG [main] o.s.o.j.s.OpenEntityManagerInViewInterceptor: Opening JPA EntityManager in OpenEntityManagerInViewInterceptor
2025-02-01 00:05:26,249 DEBUG [main] o.s.c.l.LogFormatUtils: Read "application/json;charset=UTF-8" to [RegisterRequest(username=testuser, email=test@example.com, password=short)]
2025-02-01 00:05:26,340 DEBUG [main] o.s.w.s.m.m.a.ExceptionHandlerExceptionResolver: Using @ExceptionHandler com.example.secureblog.exception.GlobalExceptionHandler#handleValidationExceptions(MethodArgumentNotValidException)
2025-02-01 00:05:26,362 DEBUG [main] o.s.w.s.m.m.a.AbstractMessageConverterMethodProcessor: Using 'application/json', given [*/*] and supported [application/json, application/*+json]
2025-02-01 00:05:26,363 DEBUG [main] o.s.c.l.LogFormatUtils: Writing [{password=Password must be at least 14 characters long and contain at least one digit, one uppercase (truncated)...]
2025-02-01 00:05:26,372 DEBUG [main] o.s.w.s.h.AbstractHandlerExceptionResolver: Resolved [org.springframework.web.bind.MethodArgumentNotValidException: Validation failed for argument [0] in public org.springframework.http.ResponseEntity<java.util.Map<java.lang.String, java.lang.String>> com.example.secureblog.controller.AuthController.register(com.example.secureblog.dto.RegisterRequest): [Field error in object 'registerRequest' on field 'password': rejected value [short]; codes [Pattern.registerRequest.password,Pattern.password,Pattern.java.lang.String,Pattern]; arguments [org.springframework.context.support.DefaultMessageSourceResolvable: codes [registerRequest.password,password]; arguments []; default message [password],[Ljakarta.validation.constraints.Pattern$Flag;@75f2a654,^(?=.*[0-9])(?=.*[a-z])(?=.*[A-Z])(?=.*[@#$%^&+=])(?=\S+$).{14,}$]; default message [Password must be at least 14 characters long and contain at least one digit, one uppercase letter, one lowercase letter, and one special character]] ]
2025-02-01 00:05:26,374 DEBUG [main] o.s.o.j.s.OpenEntityManagerInViewInterceptor: Closing JPA EntityManager in OpenEntityManagerInViewInterceptor
2025-02-01 00:05:26,375 DEBUG [main] o.s.w.s.FrameworkServlet: Completed 400 BAD_REQUEST
2025-02-01 00:05:26,411 DEBUG [main] o.s.t.c.c.DefaultContextCache: Spring test ApplicationContext cache statistics: [DefaultContextCache@7882379b size = 1, maxSize = 32, parentContextCount = 0, hitCount = 6, missCount = 1, failureCount = 0]
2025-02-01 00:05:26,414 DEBUG [main] o.s.t.c.c.DefaultContextCache: Spring test ApplicationContext cache statistics: [DefaultContextCache@7882379b size = 1, maxSize = 32, parentContextCount = 0, hitCount = 7, missCount = 1, failureCount = 0]
2025-02-01 00:05:26,414 DEBUG [main] o.s.t.c.c.DefaultContextCache: Spring test ApplicationContext cache statistics: [DefaultContextCache@7882379b size = 1, maxSize = 32, parentContextCount = 0, hitCount = 8, missCount = 1, failureCount = 0]
2025-02-01 00:05:26,414 DEBUG [main] o.s.t.c.c.DefaultContextCache: Spring test ApplicationContext cache statistics: [DefaultContextCache@7882379b size = 1, maxSize = 32, parentContextCount = 0, hitCount = 9, missCount = 1, failureCount = 0]
2025-02-01 00:05:26,416 DEBUG [main] o.s.t.c.c.DefaultContextCache: Spring test ApplicationContext cache statistics: [DefaultContextCache@7882379b size = 1, maxSize = 32, parentContextCount = 0, hitCount = 10, missCount = 1, failureCount = 0]
2025-02-01 00:05:26,419 DEBUG [main] o.s.t.c.c.DefaultContextCache: Spring test ApplicationContext cache statistics: [DefaultContextCache@7882379b size = 1, maxSize = 32, parentContextCount = 0, hitCount = 11, missCount = 1, failureCount = 0]
2025-02-01 00:05:26,420 DEBUG [main] o.s.t.c.c.DefaultContextCache: Spring test ApplicationContext cache statistics: [DefaultContextCache@7882379b size = 1, maxSize = 32, parentContextCount = 0, hitCount = 12, missCount = 1, failureCount = 0]
2025-02-01 00:05:26,422 DEBUG [main] o.s.t.c.s.AbstractDirtiesContextTestExecutionListener: After test method: class [AuthControllerTest], method [whenRegisterWithInvalidPassword_thenReturns400], class annotated with @DirtiesContext [false] with mode [null], method annotated with @DirtiesContext [false] with mode [null]
2025-02-01 00:05:26,422 DEBUG [main] o.s.t.c.w.ServletTestExecutionListener: Resetting RequestContextHolder for test class com.example.secureblog.controller.AuthControllerTest
2025-02-01 00:05:26,455 DEBUG [main] o.s.t.c.c.DefaultContextCache: Spring test ApplicationContext cache statistics: [DefaultContextCache@7882379b size = 1, maxSize = 32, parentContextCount = 0, hitCount = 13, missCount = 1, failureCount = 0]
2025-02-01 00:05:26,455 DEBUG [main] o.s.t.c.w.ServletTestExecutionListener: Setting up MockHttpServletRequest, MockHttpServletResponse, ServletWebRequest, and RequestContextHolder for test class com.example.secureblog.controller.AuthControllerTest
2025-02-01 00:05:26,455 DEBUG [main] o.s.t.c.s.DependencyInjectionTestExecutionListener: Performing dependency injection for test class com.example.secureblog.controller.AuthControllerTest
2025-02-01 00:05:26,455 DEBUG [main] o.s.t.c.c.DefaultContextCache: Spring test ApplicationContext cache statistics: [DefaultContextCache@7882379b size = 1, maxSize = 32, parentContextCount = 0, hitCount = 14, missCount = 1, failureCount = 0]
2025-02-01 00:05:26,457 DEBUG [main] o.s.t.c.c.DefaultContextCache: Spring test ApplicationContext cache statistics: [DefaultContextCache@7882379b size = 1, maxSize = 32, parentContextCount = 0, hitCount = 15, missCount = 1, failureCount = 0]
2025-02-01 00:05:26,459 DEBUG [main] o.s.t.c.s.AbstractDirtiesContextTestExecutionListener: Before test method: class [AuthControllerTest], method [whenRegisterWithValidData_thenReturns200], class annotated with @DirtiesContext [false] with mode [null], method annotated with @DirtiesContext [false] with mode [null]
2025-02-01 00:05:26,459 DEBUG [main] o.s.t.c.c.DefaultContextCache: Spring test ApplicationContext cache statistics: [DefaultContextCache@7882379b size = 1, maxSize = 32, parentContextCount = 0, hitCount = 16, missCount = 1, failureCount = 0]
2025-02-01 00:05:26,460 DEBUG [main] o.s.t.c.c.DefaultContextCache: Spring test ApplicationContext cache statistics: [DefaultContextCache@7882379b size = 1, maxSize = 32, parentContextCount = 0, hitCount = 17, missCount = 1, failureCount = 0]
2025-02-01 00:05:26,462 DEBUG [main] o.s.t.c.c.DefaultContextCache: Spring test ApplicationContext cache statistics: [DefaultContextCache@7882379b size = 1, maxSize = 32, parentContextCount = 0, hitCount = 18, missCount = 1, failureCount = 0]
2025-02-01 00:05:26,479 DEBUG [main] o.s.s.w.FilterChainProxy: Securing POST /auth/register
2025-02-01 00:05:26,481 DEBUG [main] o.s.s.w.a.AnonymousAuthenticationFilter: Set SecurityContextHolder to anonymous SecurityContext
2025-02-01 00:05:26,482 DEBUG [main] o.s.s.w.FilterChainProxy: Secured POST /auth/register
2025-02-01 00:05:26,483 DEBUG [main] o.s.c.l.LogFormatUtils: POST "/auth/register", parameters={}
2025-02-01 00:05:26,483 DEBUG [main] o.s.w.s.h.AbstractHandlerMapping: Mapped to com.example.secureblog.controller.AuthController#register(RegisterRequest)
2025-02-01 00:05:26,484 DEBUG [main] o.s.o.j.s.OpenEntityManagerInViewInterceptor: Opening JPA EntityManager in OpenEntityManagerInViewInterceptor
2025-02-01 00:05:26,486 DEBUG [main] o.s.c.l.LogFormatUtils: Read "application/json;charset=UTF-8" to [RegisterRequest(username=testuser, email=test@example.com, password=Test12345678@abc)]
2025-02-01 00:05:26,487 INFO  [main] c.e.s.c.AuthController: Registration attempt for user: testuser
2025-02-01 00:05:26,491 DEBUG [main] o.s.o.j.JpaTransactionManager: Found thread-bound EntityManager [SessionImpl(1251610013<open>)] for JPA transaction
2025-02-01 00:05:26,492 DEBUG [main] o.s.t.s.AbstractPlatformTransactionManager: Creating new transaction with name [com.example.secureblog.service.UserService.existsByUsername]: PROPAGATION_REQUIRED,ISOLATION_DEFAULT,readOnly
2025-02-01 00:05:26,499 DEBUG [main] o.s.j.d.DataSourceUtils: Setting JDBC Connection [HikariProxyConnection@2101744720 wrapping conn0: url=jdbc:h2:mem:blogdb user=SA] read-only
2025-02-01 00:05:26,504 DEBUG [main] o.s.o.j.JpaTransactionManager: Exposing JPA transaction as JDBC [org.springframework.orm.jpa.vendor.HibernateJpaDialect$HibernateConnectionHandle@282c3aa0]
2025-02-01 00:05:26,644 DEBUG [main] o.h.e.j.s.SqlStatementLogger: 
    select
        u1_0.id 
    from
        users u1_0 
    where
        u1_0.username=? 
    fetch
        first ? rows only
Hibernate: 
    select
        u1_0.id 
    from
        users u1_0 
    where
        u1_0.username=? 
    fetch
        first ? rows only
2025-02-01 00:05:26,650 DEBUG [main] o.s.t.s.AbstractPlatformTransactionManager: Initiating transaction commit
2025-02-01 00:05:26,652 DEBUG [main] o.s.o.j.JpaTransactionManager: Committing JPA transaction on EntityManager [SessionImpl(1251610013<open>)]
2025-02-01 00:05:26,655 DEBUG [main] o.s.j.d.DataSourceUtils: Resetting read-only flag of JDBC Connection [HikariProxyConnection@2101744720 wrapping conn0: url=jdbc:h2:mem:blogdb user=SA]
2025-02-01 00:05:26,655 DEBUG [main] o.s.o.j.JpaTransactionManager: Not closing pre-bound JPA EntityManager after transaction
2025-02-01 00:05:26,655 DEBUG [main] o.s.o.j.JpaTransactionManager: Found thread-bound EntityManager [SessionImpl(1251610013<open>)] for JPA transaction
2025-02-01 00:05:26,657 DEBUG [main] o.s.t.s.AbstractPlatformTransactionManager: Creating new transaction with name [com.example.secureblog.service.UserService.existsByEmail]: PROPAGATION_REQUIRED,ISOLATION_DEFAULT,readOnly
2025-02-01 00:05:26,657 DEBUG [main] o.s.j.d.DataSourceUtils: Setting JDBC Connection [HikariProxyConnection@2101744720 wrapping conn0: url=jdbc:h2:mem:blogdb user=SA] read-only
2025-02-01 00:05:26,657 DEBUG [main] o.s.o.j.JpaTransactionManager: Exposing JPA transaction as JDBC [org.springframework.orm.jpa.vendor.HibernateJpaDialect$HibernateConnectionHandle@6b8de9dc]
2025-02-01 00:05:26,658 DEBUG [main] o.h.e.j.s.SqlStatementLogger: 
    select
        u1_0.id 
    from
        users u1_0 
    where
        u1_0.email=? 
    fetch
        first ? rows only
Hibernate: 
    select
        u1_0.id 
    from
        users u1_0 
    where
        u1_0.email=? 
    fetch
        first ? rows only
2025-02-01 00:05:26,659 DEBUG [main] o.s.t.s.AbstractPlatformTransactionManager: Initiating transaction commit
2025-02-01 00:05:26,659 DEBUG [main] o.s.o.j.JpaTransactionManager: Committing JPA transaction on EntityManager [SessionImpl(1251610013<open>)]
2025-02-01 00:05:26,659 DEBUG [main] o.s.j.d.DataSourceUtils: Resetting read-only flag of JDBC Connection [HikariProxyConnection@2101744720 wrapping conn0: url=jdbc:h2:mem:blogdb user=SA]
2025-02-01 00:05:26,659 DEBUG [main] o.s.o.j.JpaTransactionManager: Not closing pre-bound JPA EntityManager after transaction
2025-02-01 00:05:26,745 DEBUG [main] o.s.o.j.JpaTransactionManager: Found thread-bound EntityManager [SessionImpl(1251610013<open>)] for JPA transaction
2025-02-01 00:05:26,745 DEBUG [main] o.s.t.s.AbstractPlatformTransactionManager: Creating new transaction with name [com.example.secureblog.service.UserService.save]: PROPAGATION_REQUIRED,ISOLATION_DEFAULT
2025-02-01 00:05:26,745 DEBUG [main] o.s.o.j.JpaTransactionManager: Exposing JPA transaction as JDBC [org.springframework.orm.jpa.vendor.HibernateJpaDialect$HibernateConnectionHandle@6225c800]
2025-02-01 00:05:26,748 DEBUG [main] o.s.o.j.JpaTransactionManager: Found thread-bound EntityManager [SessionImpl(1251610013<open>)] for JPA transaction
2025-02-01 00:05:26,748 DEBUG [main] o.s.t.s.AbstractPlatformTransactionManager: Participating in existing transaction
2025-02-01 00:05:26,789 DEBUG [main] o.h.e.j.s.SqlStatementLogger: 
    insert 
    into
        users
        (email, password, role, username, id) 
    values
        (?, ?, ?, ?, default)
Hibernate: 
    insert 
    into
        users
        (email, password, role, username, id) 
    values
        (?, ?, ?, ?, default)
2025-02-01 00:05:26,803 DEBUG [main] o.s.t.s.AbstractPlatformTransactionManager: Initiating transaction commit
2025-02-01 00:05:26,803 DEBUG [main] o.s.o.j.JpaTransactionManager: Committing JPA transaction on EntityManager [SessionImpl(1251610013<open>)]
2025-02-01 00:05:26,820 DEBUG [main] o.s.o.j.JpaTransactionManager: Not closing pre-bound JPA EntityManager after transaction
2025-02-01 00:05:26,821 DEBUG [main] o.s.w.s.m.m.a.AbstractMessageConverterMethodProcessor: Using 'application/json', given [*/*] and supported [application/json, application/*+json]
2025-02-01 00:05:26,822 DEBUG [main] o.s.c.l.LogFormatUtils: Writing [{message=User registered successfully}]
2025-02-01 00:05:26,824 DEBUG [main] o.s.o.j.s.OpenEntityManagerInViewInterceptor: Closing JPA EntityManager in OpenEntityManagerInViewInterceptor
2025-02-01 00:05:26,826 DEBUG [main] o.s.w.s.FrameworkServlet: Completed 200 OK
2025-02-01 00:05:26,880 DEBUG [main] o.s.t.c.c.DefaultContextCache: Spring test ApplicationContext cache statistics: [DefaultContextCache@7882379b size = 1, maxSize = 32, parentContextCount = 0, hitCount = 19, missCount = 1, failureCount = 0]
2025-02-01 00:05:26,880 DEBUG [main] o.s.t.c.c.DefaultContextCache: Spring test ApplicationContext cache statistics: [DefaultContextCache@7882379b size = 1, maxSize = 32, parentContextCount = 0, hitCount = 20, missCount = 1, failureCount = 0]
2025-02-01 00:05:26,880 DEBUG [main] o.s.t.c.c.DefaultContextCache: Spring test ApplicationContext cache statistics: [DefaultContextCache@7882379b size = 1, maxSize = 32, parentContextCount = 0, hitCount = 21, missCount = 1, failureCount = 0]
2025-02-01 00:05:26,881 DEBUG [main] o.s.t.c.c.DefaultContextCache: Spring test ApplicationContext cache statistics: [DefaultContextCache@7882379b size = 1, maxSize = 32, parentContextCount = 0, hitCount = 22, missCount = 1, failureCount = 0]
2025-02-01 00:05:26,882 DEBUG [main] o.s.t.c.c.DefaultContextCache: Spring test ApplicationContext cache statistics: [DefaultContextCache@7882379b size = 1, maxSize = 32, parentContextCount = 0, hitCount = 23, missCount = 1, failureCount = 0]
2025-02-01 00:05:26,883 DEBUG [main] o.s.t.c.c.DefaultContextCache: Spring test ApplicationContext cache statistics: [DefaultContextCache@7882379b size = 1, maxSize = 32, parentContextCount = 0, hitCount = 24, missCount = 1, failureCount = 0]
2025-02-01 00:05:26,883 DEBUG [main] o.s.t.c.c.DefaultContextCache: Spring test ApplicationContext cache statistics: [DefaultContextCache@7882379b size = 1, maxSize = 32, parentContextCount = 0, hitCount = 25, missCount = 1, failureCount = 0]
2025-02-01 00:05:26,884 DEBUG [main] o.s.t.c.s.AbstractDirtiesContextTestExecutionListener: After test method: class [AuthControllerTest], method [whenRegisterWithValidData_thenReturns200], class annotated with @DirtiesContext [false] with mode [null], method annotated with @DirtiesContext [false] with mode [null]
2025-02-01 00:05:26,885 DEBUG [main] o.s.t.c.w.ServletTestExecutionListener: Resetting RequestContextHolder for test class com.example.secureblog.controller.AuthControllerTest
2025-02-01 00:05:26,886 DEBUG [main] o.s.t.c.c.DefaultContextCache: Spring test ApplicationContext cache statistics: [DefaultContextCache@7882379b size = 1, maxSize = 32, parentContextCount = 0, hitCount = 26, missCount = 1, failureCount = 0]
2025-02-01 00:05:26,886 DEBUG [main] o.s.t.c.w.ServletTestExecutionListener: Setting up MockHttpServletRequest, MockHttpServletResponse, ServletWebRequest, and RequestContextHolder for test class com.example.secureblog.controller.AuthControllerTest
2025-02-01 00:05:26,886 DEBUG [main] o.s.t.c.s.DependencyInjectionTestExecutionListener: Performing dependency injection for test class com.example.secureblog.controller.AuthControllerTest
2025-02-01 00:05:26,886 DEBUG [main] o.s.t.c.c.DefaultContextCache: Spring test ApplicationContext cache statistics: [DefaultContextCache@7882379b size = 1, maxSize = 32, parentContextCount = 0, hitCount = 27, missCount = 1, failureCount = 0]
2025-02-01 00:05:26,888 DEBUG [main] o.s.t.c.c.DefaultContextCache: Spring test ApplicationContext cache statistics: [DefaultContextCache@7882379b size = 1, maxSize = 32, parentContextCount = 0, hitCount = 28, missCount = 1, failureCount = 0]
2025-02-01 00:05:26,889 DEBUG [main] o.s.t.c.s.AbstractDirtiesContextTestExecutionListener: Before test method: class [AuthControllerTest], method [whenLoginWithValidCredentials_thenReturns200], class annotated with @DirtiesContext [false] with mode [null], method annotated with @DirtiesContext [false] with mode [null]
2025-02-01 00:05:26,889 DEBUG [main] o.s.t.c.c.DefaultContextCache: Spring test ApplicationContext cache statistics: [DefaultContextCache@7882379b size = 1, maxSize = 32, parentContextCount = 0, hitCount = 29, missCount = 1, failureCount = 0]
2025-02-01 00:05:26,891 DEBUG [main] o.s.t.c.c.DefaultContextCache: Spring test ApplicationContext cache statistics: [DefaultContextCache@7882379b size = 1, maxSize = 32, parentContextCount = 0, hitCount = 30, missCount = 1, failureCount = 0]
2025-02-01 00:05:26,892 DEBUG [main] o.s.t.c.c.DefaultContextCache: Spring test ApplicationContext cache statistics: [DefaultContextCache@7882379b size = 1, maxSize = 32, parentContextCount = 0, hitCount = 31, missCount = 1, failureCount = 0]
2025-02-01 00:05:26,894 DEBUG [main] o.s.s.w.FilterChainProxy: Securing POST /auth/register
2025-02-01 00:05:26,895 DEBUG [main] o.s.s.w.a.AnonymousAuthenticationFilter: Set SecurityContextHolder to anonymous SecurityContext
2025-02-01 00:05:26,897 DEBUG [main] o.s.s.w.FilterChainProxy: Secured POST /auth/register
2025-02-01 00:05:26,898 DEBUG [main] o.s.c.l.LogFormatUtils: POST "/auth/register", parameters={}
2025-02-01 00:05:26,898 DEBUG [main] o.s.w.s.h.AbstractHandlerMapping: Mapped to com.example.secureblog.controller.AuthController#register(RegisterRequest)
2025-02-01 00:05:26,898 DEBUG [main] o.s.o.j.s.OpenEntityManagerInViewInterceptor: Opening JPA EntityManager in OpenEntityManagerInViewInterceptor
2025-02-01 00:05:26,898 DEBUG [main] o.s.c.l.LogFormatUtils: Read "application/json;charset=UTF-8" to [RegisterRequest(username=logintest, email=login@test.com, password=LoginTest12345@abc)]
2025-02-01 00:05:26,899 INFO  [main] c.e.s.c.AuthController: Registration attempt for user: logintest
2025-02-01 00:05:26,900 DEBUG [main] o.s.o.j.JpaTransactionManager: Found thread-bound EntityManager [SessionImpl(326612927<open>)] for JPA transaction
2025-02-01 00:05:26,900 DEBUG [main] o.s.t.s.AbstractPlatformTransactionManager: Creating new transaction with name [com.example.secureblog.service.UserService.existsByUsername]: PROPAGATION_REQUIRED,ISOLATION_DEFAULT,readOnly
2025-02-01 00:05:26,900 DEBUG [main] o.s.j.d.DataSourceUtils: Setting JDBC Connection [HikariProxyConnection@2080142643 wrapping conn0: url=jdbc:h2:mem:blogdb user=SA] read-only
2025-02-01 00:05:26,900 DEBUG [main] o.s.o.j.JpaTransactionManager: Exposing JPA transaction as JDBC [org.springframework.orm.jpa.vendor.HibernateJpaDialect$HibernateConnectionHandle@74fa4891]
2025-02-01 00:05:26,903 DEBUG [main] o.h.e.j.s.SqlStatementLogger: 
    select
        u1_0.id 
    from
        users u1_0 
    where
        u1_0.username=? 
    fetch
        first ? rows only
Hibernate: 
    select
        u1_0.id 
    from
        users u1_0 
    where
        u1_0.username=? 
    fetch
        first ? rows only
2025-02-01 00:05:26,905 DEBUG [main] o.s.t.s.AbstractPlatformTransactionManager: Initiating transaction commit
2025-02-01 00:05:26,905 DEBUG [main] o.s.o.j.JpaTransactionManager: Committing JPA transaction on EntityManager [SessionImpl(326612927<open>)]
2025-02-01 00:05:26,906 DEBUG [main] o.s.j.d.DataSourceUtils: Resetting read-only flag of JDBC Connection [HikariProxyConnection@2080142643 wrapping conn0: url=jdbc:h2:mem:blogdb user=SA]
2025-02-01 00:05:26,907 DEBUG [main] o.s.o.j.JpaTransactionManager: Not closing pre-bound JPA EntityManager after transaction
2025-02-01 00:05:26,908 DEBUG [main] o.s.o.j.JpaTransactionManager: Found thread-bound EntityManager [SessionImpl(326612927<open>)] for JPA transaction
2025-02-01 00:05:26,908 DEBUG [main] o.s.t.s.AbstractPlatformTransactionManager: Creating new transaction with name [com.example.secureblog.service.UserService.existsByEmail]: PROPAGATION_REQUIRED,ISOLATION_DEFAULT,readOnly
2025-02-01 00:05:26,910 DEBUG [main] o.s.j.d.DataSourceUtils: Setting JDBC Connection [HikariProxyConnection@2080142643 wrapping conn0: url=jdbc:h2:mem:blogdb user=SA] read-only
2025-02-01 00:05:26,910 DEBUG [main] o.s.o.j.JpaTransactionManager: Exposing JPA transaction as JDBC [org.springframework.orm.jpa.vendor.HibernateJpaDialect$HibernateConnectionHandle@4702faee]
2025-02-01 00:05:26,912 DEBUG [main] o.h.e.j.s.SqlStatementLogger: 
    select
        u1_0.id 
    from
        users u1_0 
    where
        u1_0.email=? 
    fetch
        first ? rows only
Hibernate: 
    select
        u1_0.id 
    from
        users u1_0 
    where
        u1_0.email=? 
    fetch
        first ? rows only
2025-02-01 00:05:26,914 DEBUG [main] o.s.t.s.AbstractPlatformTransactionManager: Initiating transaction commit
2025-02-01 00:05:26,915 DEBUG [main] o.s.o.j.JpaTransactionManager: Committing JPA transaction on EntityManager [SessionImpl(326612927<open>)]
2025-02-01 00:05:26,916 DEBUG [main] o.s.j.d.DataSourceUtils: Resetting read-only flag of JDBC Connection [HikariProxyConnection@2080142643 wrapping conn0: url=jdbc:h2:mem:blogdb user=SA]
2025-02-01 00:05:26,918 DEBUG [main] o.s.o.j.JpaTransactionManager: Not closing pre-bound JPA EntityManager after transaction
2025-02-01 00:05:27,019 DEBUG [main] o.s.o.j.JpaTransactionManager: Found thread-bound EntityManager [SessionImpl(326612927<open>)] for JPA transaction
2025-02-01 00:05:27,020 DEBUG [main] o.s.t.s.AbstractPlatformTransactionManager: Creating new transaction with name [com.example.secureblog.service.UserService.save]: PROPAGATION_REQUIRED,ISOLATION_DEFAULT
2025-02-01 00:05:27,020 DEBUG [main] o.s.o.j.JpaTransactionManager: Exposing JPA transaction as JDBC [org.springframework.orm.jpa.vendor.HibernateJpaDialect$HibernateConnectionHandle@6924ff83]
2025-02-01 00:05:27,020 DEBUG [main] o.s.o.j.JpaTransactionManager: Found thread-bound EntityManager [SessionImpl(326612927<open>)] for JPA transaction
2025-02-01 00:05:27,020 DEBUG [main] o.s.t.s.AbstractPlatformTransactionManager: Participating in existing transaction
2025-02-01 00:05:27,022 DEBUG [main] o.h.e.j.s.SqlStatementLogger: 
    insert 
    into
        users
        (email, password, role, username, id) 
    values
        (?, ?, ?, ?, default)
Hibernate: 
    insert 
    into
        users
        (email, password, role, username, id) 
    values
        (?, ?, ?, ?, default)
2025-02-01 00:05:27,025 DEBUG [main] o.s.t.s.AbstractPlatformTransactionManager: Initiating transaction commit
2025-02-01 00:05:27,026 DEBUG [main] o.s.o.j.JpaTransactionManager: Committing JPA transaction on EntityManager [SessionImpl(326612927<open>)]
2025-02-01 00:05:27,026 DEBUG [main] o.s.o.j.JpaTransactionManager: Not closing pre-bound JPA EntityManager after transaction
2025-02-01 00:05:27,027 DEBUG [main] o.s.w.s.m.m.a.AbstractMessageConverterMethodProcessor: Using 'application/json', given [*/*] and supported [application/json, application/*+json]
2025-02-01 00:05:27,027 DEBUG [main] o.s.c.l.LogFormatUtils: Writing [{message=User registered successfully}]
2025-02-01 00:05:27,027 DEBUG [main] o.s.o.j.s.OpenEntityManagerInViewInterceptor: Closing JPA EntityManager in OpenEntityManagerInViewInterceptor
2025-02-01 00:05:27,028 DEBUG [main] o.s.w.s.FrameworkServlet: Completed 200 OK
2025-02-01 00:05:27,032 DEBUG [main] o.s.s.w.FilterChainProxy: Securing POST /auth/login
2025-02-01 00:05:27,032 DEBUG [main] o.s.s.w.a.AnonymousAuthenticationFilter: Set SecurityContextHolder to anonymous SecurityContext
2025-02-01 00:05:27,033 DEBUG [main] o.s.s.w.FilterChainProxy: Secured POST /auth/login
2025-02-01 00:05:27,033 DEBUG [main] o.s.c.l.LogFormatUtils: POST "/auth/login", parameters={}
2025-02-01 00:05:27,033 DEBUG [main] o.s.w.s.h.AbstractHandlerMapping: Mapped to com.example.secureblog.controller.AuthController#login(LoginRequest)
2025-02-01 00:05:27,033 DEBUG [main] o.s.o.j.s.OpenEntityManagerInViewInterceptor: Opening JPA EntityManager in OpenEntityManagerInViewInterceptor
2025-02-01 00:05:27,037 DEBUG [main] o.s.c.l.LogFormatUtils: Read "application/json;charset=UTF-8" to [LoginRequest(username=logintest, password=LoginTest12345@abc)]
2025-02-01 00:05:27,041 INFO  [main] c.e.s.c.AuthController: Login attempt for user: logintest
2025-02-01 00:05:27,143 DEBUG [main] o.h.e.j.s.SqlStatementLogger: 
    select
        u1_0.id,
        u1_0.email,
        u1_0.password,
        u1_0.role,
        u1_0.username 
    from
        users u1_0 
    where
        u1_0.username=?
Hibernate: 
    select
        u1_0.id,
        u1_0.email,
        u1_0.password,
        u1_0.role,
        u1_0.username 
    from
        users u1_0 
    where
        u1_0.username=?
2025-02-01 00:05:27,152 DEBUG [main] o.h.e.j.s.SqlStatementLogger: 
    select
        r1_0.user_id,
        r1_0.role 
    from
        user_roles r1_0 
    where
        r1_0.user_id=?
Hibernate: 
    select
        r1_0.user_id,
        r1_0.role 
    from
        user_roles r1_0 
    where
        r1_0.user_id=?
2025-02-01 00:05:27,218 DEBUG [main] o.s.s.a.d.AbstractUserDetailsAuthenticationProvider: Authenticated user
2025-02-01 00:05:27,226 DEBUG [main] o.s.w.s.m.m.a.ExceptionHandlerExceptionResolver: Using @ExceptionHandler com.example.secureblog.exception.GlobalExceptionHandler#handleGeneralExceptions(Exception)
2025-02-01 00:05:27,227 DEBUG [main] o.s.w.s.m.m.a.AbstractMessageConverterMethodProcessor: Using 'application/json', given [*/*] and supported [application/json, application/*+json]
2025-02-01 00:05:27,228 DEBUG [main] o.s.c.l.LogFormatUtils: Writing [{error=Bir hata olu■tu. L³tfen daha sonra tekrar deneyiniz.}]
2025-02-01 00:05:27,228 DEBUG [main] o.s.w.s.h.AbstractHandlerExceptionResolver: Resolved [io.jsonwebtoken.security.WeakKeyException: The signing key's size is 416 bits which is not secure enough for the HS512 algorithm.  The JWT JWA Specification (RFC 7518, Section 3.2) states that keys used with HS512 MUST have a size >= 512 bits (the key size must be greater than or equal to the hash output size).  Consider using the io.jsonwebtoken.security.Keys class's 'secretKeyFor(SignatureAlgorithm.HS512)' method to create a key guaranteed to be secure enough for HS512.  See https://tools.ietf.org/html/rfc7518#section-3.2 for more information.]
2025-02-01 00:05:27,228 DEBUG [main] o.s.o.j.s.OpenEntityManagerInViewInterceptor: Closing JPA EntityManager in OpenEntityManagerInViewInterceptor
2025-02-01 00:05:27,229 DEBUG [main] o.s.w.s.FrameworkServlet: Completed 500 INTERNAL_SERVER_ERROR
2025-02-01 00:05:27,231 DEBUG [main] o.s.t.c.c.DefaultContextCache: Spring test ApplicationContext cache statistics: [DefaultContextCache@7882379b size = 1, maxSize = 32, parentContextCount = 0, hitCount = 32, missCount = 1, failureCount = 0]
2025-02-01 00:05:27,231 DEBUG [main] o.s.t.c.c.DefaultContextCache: Spring test ApplicationContext cache statistics: [DefaultContextCache@7882379b size = 1, maxSize = 32, parentContextCount = 0, hitCount = 33, missCount = 1, failureCount = 0]
2025-02-01 00:05:27,231 DEBUG [main] o.s.t.c.c.DefaultContextCache: Spring test ApplicationContext cache statistics: [DefaultContextCache@7882379b size = 1, maxSize = 32, parentContextCount = 0, hitCount = 34, missCount = 1, failureCount = 0]

MockHttpServletRequest:
      HTTP Method = POST
      Request URI = /auth/register
       Parameters = {}
          Headers = [Content-Type:"application/json;charset=UTF-8", Content-Length:"81"]
             Body = {"username":"logintest","email":"login@test.com","password":"LoginTest12345@abc"}
    Session Attrs = {}

Handler:
             Type = com.example.secureblog.controller.AuthController
           Method = com.example.secureblog.controller.AuthController#register(RegisterRequest)

Async:
    Async started = false
     Async result = null

Resolved Exception:
             Type = null

ModelAndView:
        View name = null
             View = null
            Model = null

FlashMap:
       Attributes = null

MockHttpServletResponse:
           Status = 200
    Error message = null
          Headers = [Vary:"Origin", "Access-Control-Request-Method", "Access-Control-Request-Headers", Content-Type:"application/json", X-Content-Type-Options:"nosniff", X-XSS-Protection:"0", Cache-Control:"no-cache, no-store, max-age=0, must-revalidate", Pragma:"no-cache", Expires:"0", X-Frame-Options:"DENY"]
     Content type = application/json
             Body = {"message":"User registered successfully"}
    Forwarded URL = null
   Redirected URL = null
          Cookies = []

MockHttpServletRequest:
      HTTP Method = POST
      Request URI = /auth/login
       Parameters = {}
          Headers = [Content-Type:"application/json;charset=UTF-8", Content-Length:"56"]
             Body = {"username":"logintest","password":"LoginTest12345@abc"}
    Session Attrs = {}

Handler:
             Type = com.example.secureblog.controller.AuthController
           Method = com.example.secureblog.controller.AuthController#login(LoginRequest)

Async:
    Async started = false
     Async result = null

Resolved Exception:
             Type = io.jsonwebtoken.security.WeakKeyException

ModelAndView:
        View name = null
             View = null
            Model = null

FlashMap:
       Attributes = null

MockHttpServletResponse:
           Status = 500
    Error message = null
          Headers = [Vary:"Origin", "Access-Control-Request-Method", "Access-Control-Request-Headers", Content-Type:"application/json", X-Content-Type-Options:"nosniff", X-XSS-Protection:"0", Cache-Control:"no-cache, no-store, max-age=0, must-revalidate", Pragma:"no-cache", Expires:"0", X-Frame-Options:"DENY"]
     Content type = application/json
             Body = {"error":"Bir hata olu■tu. L³tfen daha sonra tekrar deneyiniz."}
    Forwarded URL = null
   Redirected URL = null
          Cookies = []
2025-02-01 00:05:27,231 DEBUG [main] o.s.t.c.c.DefaultContextCache: Spring test ApplicationContext cache statistics: [DefaultContextCache@7882379b size = 1, maxSize = 32, parentContextCount = 0, hitCount = 35, missCount = 1, failureCount = 0]
2025-02-01 00:05:27,232 DEBUG [main] o.s.t.c.c.DefaultContextCache: Spring test ApplicationContext cache statistics: [DefaultContextCache@7882379b size = 1, maxSize = 32, parentContextCount = 0, hitCount = 36, missCount = 1, failureCount = 0]
2025-02-01 00:05:27,232 DEBUG [main] o.s.t.c.c.DefaultContextCache: Spring test ApplicationContext cache statistics: [DefaultContextCache@7882379b size = 1, maxSize = 32, parentContextCount = 0, hitCount = 37, missCount = 1, failureCount = 0]
2025-02-01 00:05:27,232 DEBUG [main] o.s.t.c.c.DefaultContextCache: Spring test ApplicationContext cache statistics: [DefaultContextCache@7882379b size = 1, maxSize = 32, parentContextCount = 0, hitCount = 38, missCount = 1, failureCount = 0]
2025-02-01 00:05:27,233 DEBUG [main] o.s.t.c.s.AbstractDirtiesContextTestExecutionListener: After test method: class [AuthControllerTest], method [whenLoginWithValidCredentials_thenReturns200], class annotated with @DirtiesContext [false] with mode [null], method annotated with @DirtiesContext [false] with mode [null]
2025-02-01 00:05:27,233 DEBUG [main] o.s.t.c.w.ServletTestExecutionListener: Resetting RequestContextHolder for test class com.example.secureblog.controller.AuthControllerTest
2025-02-01 00:05:27,240 DEBUG [main] o.s.t.c.c.DefaultContextCache: Spring test ApplicationContext cache statistics: [DefaultContextCache@7882379b size = 1, maxSize = 32, parentContextCount = 0, hitCount = 39, missCount = 1, failureCount = 0]
2025-02-01 00:05:27,240 DEBUG [main] o.s.t.c.s.AbstractDirtiesContextTestExecutionListener: After test class: class [AuthControllerTest], class annotated with @DirtiesContext [false] with mode [null]
[ERROR] Tests run: 3, Failures: 1, Errors: 0, Skipped: 0, Time elapsed: 11.57 s <<< FAILURE! -- in com.example.secureblog.controller.AuthControllerTest
[ERROR] com.example.secureblog.controller.AuthControllerTest.whenLoginWithValidCredentials_thenReturns200 -- Time elapsed: 0.348 s <<< FAILURE!
java.lang.AssertionError: Status expected:<200> but was:<500>
	at org.springframework.test.util.AssertionErrors.fail(AssertionErrors.java:59)
	at org.springframework.test.util.AssertionErrors.assertEquals(AssertionErrors.java:122)
	at org.springframework.test.web.servlet.result.StatusResultMatchers.lambda$matcher$9(StatusResultMatchers.java:637)
	at org.springframework.test.web.servlet.MockMvc$1.andExpect(MockMvc.java:214)
	at com.example.secureblog.controller.AuthControllerTest.whenLoginWithValidCredentials_thenReturns200(AuthControllerTest.java:75)
	at java.base/java.lang.reflect.Method.invoke(Method.java:578)
	at java.base/java.util.ArrayList.forEach(ArrayList.java:1511)
	at java.base/java.util.ArrayList.forEach(ArrayList.java:1511)

[INFO] Running com.example.secureblog.service.PostServiceTest
[INFO] Tests run: 4, Failures: 0, Errors: 0, Skipped: 0, Time elapsed: 0.791 s -- in com.example.secureblog.service.PostServiceTest
[INFO] 
[INFO] Results:
[INFO] 
[ERROR] Failures: 
[ERROR]   AuthControllerTest.whenLoginWithValidCredentials_thenReturns200:75 Status expected:<200> but was:<500>
[INFO] 
[ERROR] Tests run: 7, Failures: 1, Errors: 0, Skipped: 0
[INFO] 
[INFO] ------------------------------------------------------------------------
[INFO] BUILD FAILURE
[INFO] ------------------------------------------------------------------------
[INFO] Total time:  16.375 s
[INFO] Finished at: 2025-02-01T00:05:28+03:00
[INFO] ------------------------------------------------------------------------
[ERROR] Failed to execute goal org.apache.maven.plugins:maven-surefire-plugin:3.1.2:test (default-test) on project secure-blog: There are test failures.
[ERROR] 
[ERROR] Please refer to C:\Users\artun\Downloads\Anar22\target\surefire-reports for the individual test results.
[ERROR] Please refer to dump files (if any exist) [date].dump, [date]-jvmRun[N].dump and [date].dumpstream.
[ERROR] -> [Help 1]
[ERROR] 
[ERROR] To see the full stack trace of the errors, re-run Maven with the -e switch.
[ERROR] Re-run Maven using the -X switch to enable full debug logging.
[ERROR] 
[ERROR] For more information about the errors and possible solutions, please read the following articles:
[ERROR] [Help 1] http://cwiki.apache.org/confluence/display/MAVEN/MojoFailureException
